Archive member included to satisfy reference by file (symbol)

c:/program files (x86)/gnu arm embedded toolchain/10 2021.10/bin/../lib/gcc/arm-none-eabi/10.3.1/../../../../arm-none-eabi/lib/thumb/v7-m/nofp\libc_nano.a(lib_a-exit.o)
                              c:/program files (x86)/gnu arm embedded toolchain/10 2021.10/bin/../lib/gcc/arm-none-eabi/10.3.1/../../../../arm-none-eabi/lib/thumb/v7-m/nofp/crt0.o (exit)
c:/program files (x86)/gnu arm embedded toolchain/10 2021.10/bin/../lib/gcc/arm-none-eabi/10.3.1/../../../../arm-none-eabi/lib/thumb/v7-m/nofp\libc_nano.a(lib_a-impure.o)
                              c:/program files (x86)/gnu arm embedded toolchain/10 2021.10/bin/../lib/gcc/arm-none-eabi/10.3.1/../../../../arm-none-eabi/lib/thumb/v7-m/nofp\libc_nano.a(lib_a-exit.o) (_global_impure_ptr)
c:/program files (x86)/gnu arm embedded toolchain/10 2021.10/bin/../lib/gcc/arm-none-eabi/10.3.1/../../../../arm-none-eabi/lib/thumb/v7-m/nofp\libc_nano.a(lib_a-init.o)
                              c:/program files (x86)/gnu arm embedded toolchain/10 2021.10/bin/../lib/gcc/arm-none-eabi/10.3.1/../../../../arm-none-eabi/lib/thumb/v7-m/nofp/crt0.o (__libc_init_array)
c:/program files (x86)/gnu arm embedded toolchain/10 2021.10/bin/../lib/gcc/arm-none-eabi/10.3.1/../../../../arm-none-eabi/lib/thumb/v7-m/nofp\libc_nano.a(lib_a-memset.o)
                              c:/program files (x86)/gnu arm embedded toolchain/10 2021.10/bin/../lib/gcc/arm-none-eabi/10.3.1/../../../../arm-none-eabi/lib/thumb/v7-m/nofp/crt0.o (memset)
c:/program files (x86)/gnu arm embedded toolchain/10 2021.10/bin/../lib/gcc/arm-none-eabi/10.3.1/../../../../arm-none-eabi/lib/thumb/v7-m/nofp\libc_nano.a(lib_a-rand.o)
                              build/helperFunc.o (srand)
c:/program files (x86)/gnu arm embedded toolchain/10 2021.10/bin/../lib/gcc/arm-none-eabi/10.3.1/../../../../arm-none-eabi/lib/thumb/v7-m/nofp\libc_nano.a(lib_a-strlen.o)
                              build/debug.o (strlen)
c:/program files (x86)/gnu arm embedded toolchain/10 2021.10/bin/../lib/gcc/arm-none-eabi/10.3.1/../../../../arm-none-eabi/lib/thumb/v7-m/nofp\libc_nano.a(lib_a-vsprintf.o)
                              build/debug.o (vsprintf)
c:/program files (x86)/gnu arm embedded toolchain/10 2021.10/bin/../lib/gcc/arm-none-eabi/10.3.1/../../../../arm-none-eabi/lib/thumb/v7-m/nofp\libc_nano.a(lib_a-assert.o)
                              c:/program files (x86)/gnu arm embedded toolchain/10 2021.10/bin/../lib/gcc/arm-none-eabi/10.3.1/../../../../arm-none-eabi/lib/thumb/v7-m/nofp\libc_nano.a(lib_a-rand.o) (__assert_func)
c:/program files (x86)/gnu arm embedded toolchain/10 2021.10/bin/../lib/gcc/arm-none-eabi/10.3.1/../../../../arm-none-eabi/lib/thumb/v7-m/nofp\libc_nano.a(lib_a-fprintf.o)
                              c:/program files (x86)/gnu arm embedded toolchain/10 2021.10/bin/../lib/gcc/arm-none-eabi/10.3.1/../../../../arm-none-eabi/lib/thumb/v7-m/nofp\libc_nano.a(lib_a-assert.o) (fiprintf)
c:/program files (x86)/gnu arm embedded toolchain/10 2021.10/bin/../lib/gcc/arm-none-eabi/10.3.1/../../../../arm-none-eabi/lib/thumb/v7-m/nofp\libc_nano.a(lib_a-malloc.o)
                              c:/program files (x86)/gnu arm embedded toolchain/10 2021.10/bin/../lib/gcc/arm-none-eabi/10.3.1/../../../../arm-none-eabi/lib/thumb/v7-m/nofp\libc_nano.a(lib_a-rand.o) (malloc)
c:/program files (x86)/gnu arm embedded toolchain/10 2021.10/bin/../lib/gcc/arm-none-eabi/10.3.1/../../../../arm-none-eabi/lib/thumb/v7-m/nofp\libc_nano.a(lib_a-nano-freer.o)
                              c:/program files (x86)/gnu arm embedded toolchain/10 2021.10/bin/../lib/gcc/arm-none-eabi/10.3.1/../../../../arm-none-eabi/lib/thumb/v7-m/nofp\libc_nano.a(lib_a-malloc.o) (_free_r)
c:/program files (x86)/gnu arm embedded toolchain/10 2021.10/bin/../lib/gcc/arm-none-eabi/10.3.1/../../../../arm-none-eabi/lib/thumb/v7-m/nofp\libc_nano.a(lib_a-nano-mallocr.o)
                              c:/program files (x86)/gnu arm embedded toolchain/10 2021.10/bin/../lib/gcc/arm-none-eabi/10.3.1/../../../../arm-none-eabi/lib/thumb/v7-m/nofp\libc_nano.a(lib_a-malloc.o) (_malloc_r)
c:/program files (x86)/gnu arm embedded toolchain/10 2021.10/bin/../lib/gcc/arm-none-eabi/10.3.1/../../../../arm-none-eabi/lib/thumb/v7-m/nofp\libc_nano.a(lib_a-nano-svfprintf.o)
                              c:/program files (x86)/gnu arm embedded toolchain/10 2021.10/bin/../lib/gcc/arm-none-eabi/10.3.1/../../../../arm-none-eabi/lib/thumb/v7-m/nofp\libc_nano.a(lib_a-vsprintf.o) (_svfprintf_r)
c:/program files (x86)/gnu arm embedded toolchain/10 2021.10/bin/../lib/gcc/arm-none-eabi/10.3.1/../../../../arm-none-eabi/lib/thumb/v7-m/nofp\libc_nano.a(lib_a-nano-vfprintf.o)
                              c:/program files (x86)/gnu arm embedded toolchain/10 2021.10/bin/../lib/gcc/arm-none-eabi/10.3.1/../../../../arm-none-eabi/lib/thumb/v7-m/nofp\libc_nano.a(lib_a-fprintf.o) (_vfprintf_r)
[...]
Memory Configuration

Name             Origin             Length             Attributes
RAM              0x20000000         0x00005000         xrw
FLASH            0x08000000         0x00010000         xr
*default*        0x00000000         0xffffffff

Linker script and memory map

LOAD c:/program files (x86)/gnu arm embedded toolchain/10 2021.10/bin/../lib/gcc/arm-none-eabi/10.3.1/thumb/v7-m/nofp/crti.o
LOAD c:/program files (x86)/gnu arm embedded toolchain/10 2021.10/bin/../lib/gcc/arm-none-eabi/10.3.1/thumb/v7-m/nofp/crtbegin.o
LOAD c:/program files (x86)/gnu arm embedded toolchain/10 2021.10/bin/../lib/gcc/arm-none-eabi/10.3.1/../../../../arm-none-eabi/lib/thumb/v7-m/nofp/crt0.o
LOAD build/main.o
LOAD build/gpio.o
LOAD build/i2c.o
LOAD build/usart.o
LOAD build/max30102.o
LOAD build/debug.o
LOAD build/oled.o
LOAD build/helperFunc.o
LOAD build/stm32f1xx_it.o
LOAD build/stm32f1xx_hal_msp.o
LOAD build/stm32f1xx_hal_gpio_ex.o
LOAD build/stm32f1xx_hal_i2c.o
LOAD build/stm32f1xx_hal.o
LOAD build/stm32f1xx_hal_rcc.o
LOAD build/stm32f1xx_hal_rcc_ex.o
LOAD build/stm32f1xx_hal_gpio.o
LOAD build/stm32f1xx_hal_dma.o
LOAD build/stm32f1xx_hal_cortex.o
LOAD build/stm32f1xx_hal_pwr.o
LOAD build/stm32f1xx_hal_flash.o
LOAD build/stm32f1xx_hal_flash_ex.o
LOAD build/stm32f1xx_hal_exti.o
LOAD build/stm32f1xx_hal_tim.o
LOAD build/stm32f1xx_hal_tim_ex.o
LOAD build/stm32f1xx_hal_uart.o
LOAD build/system_stm32f1xx.o
LOAD build/startup_stm32f103xb.o
LOAD c:/program files (x86)/gnu arm embedded toolchain/10 2021.10/bin/../lib/gcc/arm-none-eabi/10.3.1/../../../../arm-none-eabi/lib/thumb/v7-m/nofp\libc_nano.a
LOAD c:/program files (x86)/gnu arm embedded toolchain/10 2021.10/bin/../lib/gcc/arm-none-eabi/10.3.1/../../../../arm-none-eabi/lib/thumb/v7-m/nofp\libm.a
LOAD c:/program files (x86)/gnu arm embedded toolchain/10 2021.10/bin/../lib/gcc/arm-none-eabi/10.3.1/../../../../arm-none-eabi/lib/thumb/v7-m/nofp\libnosys.a
START GROUP
LOAD c:/program files (x86)/gnu arm embedded toolchain/10 2021.10/bin/../lib/gcc/arm-none-eabi/10.3.1/thumb/v7-m/nofp\libgcc.a
LOAD c:/program files (x86)/gnu arm embedded toolchain/10 2021.10/bin/../lib/gcc/arm-none-eabi/10.3.1/../../../../arm-none-eabi/lib/thumb/v7-m/nofp\libc_nano.a
END GROUP
START GROUP
LOAD c:/program files (x86)/gnu arm embedded toolchain/10 2021.10/bin/../lib/gcc/arm-none-eabi/10.3.1/thumb/v7-m/nofp\libgcc.a
LOAD c:/program files (x86)/gnu arm embedded toolchain/10 2021.10/bin/../lib/gcc/arm-none-eabi/10.3.1/../../../../arm-none-eabi/lib/thumb/v7-m/nofp\libc_nano.a
END GROUP
LOAD c:/program files (x86)/gnu arm embedded toolchain/10 2021.10/bin/../lib/gcc/arm-none-eabi/10.3.1/thumb/v7-m/nofp/crtend.o
LOAD c:/program files (x86)/gnu arm embedded toolchain/10 2021.10/bin/../lib/gcc/arm-none-eabi/10.3.1/thumb/v7-m/nofp/crtn.o
                0x20005000                _estack = (ORIGIN (RAM) + LENGTH (RAM))
                0x00000200                _Min_Heap_Size = 0x200
                0x00000400                _Min_Stack_Size = 0x400

.isr_vector     0x08000000      0x10c
                0x08000000                . = ALIGN (0x4)
 *(.isr_vector)
 .isr_vector    0x08000000      0x10c build/startup_stm32f103xb.o
                0x08000000                g_pfnVectors
                0x0800010c                . = ALIGN (0x4)

.text           0x08000110     0x52e0
                0x08000110                . = ALIGN (0x4)
 *(.text)
 .text          0x08000110       0x40 c:/program files (x86)/gnu arm embedded toolchain/10 2021.10/bin/../lib/gcc/arm-none-eabi/10.3.1/thumb/v7-m/nofp/crtbegin.o
 .text          0x08000150       0x10 c:/program files (x86)/gnu arm embedded toolchain/10 2021.10/bin/../lib/gcc/arm-none-eabi/10.3.1/../../../../arm-none-eabi/lib/thumb/v7-m/nofp\libc_nano.a(lib_a-strlen.o)
                0x08000150                strlen
 .text          0x08000160      0x378 c:/program files (x86)/gnu arm embedded toolchain/10 2021.10/bin/../lib/gcc/arm-none-eabi/10.3.1/thumb/v7-m/nofp\libgcc.a(_arm_addsubdf3.o)
                0x08000160                __aeabi_drsub
                0x08000168                __aeabi_dsub
                0x08000168                __subdf3
                0x0800016c                __aeabi_dadd
                0x0800016c                __adddf3
                0x080003e4                __floatunsidf
                0x080003e4                __aeabi_ui2d
                0x08000404                __floatsidf
                0x08000404                __aeabi_i2d
                0x08000428                __aeabi_f2d
                0x08000428                __extendsfdf2
                0x0800046c                __floatundidf
                0x0800046c                __aeabi_ul2d
                0x0800047c                __floatdidf
                0x0800047c                __aeabi_l2d
 .text          0x080004d8      0x424 c:/program files (x86)/gnu arm embedded toolchain/10 2021.10/bin/../lib/gcc/arm-none-eabi/10.3.1/thumb/v7-m/nofp\libgcc.a(_arm_muldivdf3.o)
                0x080004d8                __aeabi_dmul
                0x080004d8                __muldf3
                0x0800072c                __divdf3
                0x0800072c                __aeabi_ddiv
 .text          0x080008fc      0x110 c:/program files (x86)/gnu arm embedded toolchain/10 2021.10/bin/../lib/gcc/arm-none-eabi/10.3.1/thumb/v7-m/nofp\libgcc.a(_arm_cmpdf2.o)
                0x080008fc                __gtdf2
                0x080008fc                __gedf2
                0x08000904                __ltdf2
                0x08000904                __ledf2
                0x0800090c                __nedf2
                0x0800090c                __eqdf2
                0x0800090c                __cmpdf2
                0x08000988                __aeabi_cdrcmple
                0x08000998                __aeabi_cdcmpeq
                0x08000998                __aeabi_cdcmple
                0x080009a8                __aeabi_dcmpeq
                0x080009bc                __aeabi_dcmplt
                0x080009d0                __aeabi_dcmple
                0x080009e4                __aeabi_dcmpge
                0x080009f8                __aeabi_dcmpgt
 .text          0x08000a0c       0x40 c:/program files (x86)/gnu arm embedded toolchain/10 2021.10/bin/../lib/gcc/arm-none-eabi/10.3.1/thumb/v7-m/nofp\libgcc.a(_arm_fixunsdfsi.o)
                0x08000a0c                __aeabi_d2uiz
                0x08000a0c                __fixunsdfsi
 .text          0x08000a4c      0x21c c:/program files (x86)/gnu arm embedded toolchain/10 2021.10/bin/../lib/gcc/arm-none-eabi/10.3.1/thumb/v7-m/nofp\libgcc.a(_arm_addsubsf3.o)
                0x08000a4c                __aeabi_frsub
                0x08000a54                __subsf3
                0x08000a54                __aeabi_fsub
                0x08000a58                __aeabi_fadd
                0x08000a58                __addsf3
                0x08000bb8                __aeabi_ui2f
                0x08000bb8                __floatunsisf
                0x08000bc0                __aeabi_i2f
                0x08000bc0                __floatsisf
                0x08000bdc                __aeabi_ul2f
                0x08000bdc                __floatundisf
                0x08000bec                __aeabi_l2f
                0x08000bec                __floatdisf
 .text          0x08000c68      0x2a0 c:/program files (x86)/gnu arm embedded toolchain/10 2021.10/bin/../lib/gcc/arm-none-eabi/10.3.1/thumb/v7-m/nofp\libgcc.a(_arm_muldivsf3.o)
                0x08000c68                __mulsf3
                0x08000c68                __aeabi_fmul
                0x08000dd0                __aeabi_fdiv
                0x08000dd0                __divsf3
 .text          0x08000f08       0xec c:/program files (x86)/gnu arm embedded toolchain/10 2021.10/bin/../lib/gcc/arm-none-eabi/10.3.1/thumb/v7-m/nofp\libgcc.a(_arm_cmpsf2.o)
                0x08000f08                __gesf2
                0x08000f08                __gtsf2
                0x08000f10                __lesf2
                0x08000f10                __ltsf2
                0x08000f18                __nesf2
                0x08000f18                __eqsf2
                0x08000f18                __cmpsf2
                0x08000f78                __aeabi_cfrcmple
                0x08000f80                __aeabi_cfcmpeq
                0x08000f80                __aeabi_cfcmple
                0x08000f90                __aeabi_fcmpeq
                0x08000fa4                __aeabi_fcmplt
                0x08000fb8                __aeabi_fcmple
                0x08000fcc                __aeabi_fcmpge
                0x08000fe0                __aeabi_fcmpgt
 .text          0x08000ff4       0x40 c:/program files (x86)/gnu arm embedded toolchain/10 2021.10/bin/../lib/gcc/arm-none-eabi/10.3.1/thumb/v7-m/nofp\libgcc.a(_arm_fixunssfsi.o)
                0x08000ff4                __fixunssfsi
                0x08000ff4                __aeabi_f2uiz
 *(.text*)
 .text.MX_NVIC_Init
                0x08001034       0x24 build/main.o
 .text.Error_Handler
                0x08001058        0x4 build/main.o
                0x08001058                Error_Handler
 .text.SystemClock_Config
                0x0800105c       0x64 build/main.o
                0x0800105c                SystemClock_Config
 .text.main     0x080010c0      0x174 build/main.o
                0x080010c0                main
 .text.MX_GPIO_Init
                0x08001234       0xa0 build/gpio.o
                0x08001234                MX_GPIO_Init
 .text.MX_I2C1_Init
                0x080012d4       0x3c build/i2c.o
                0x080012d4                MX_I2C1_Init
 .text.MX_I2C2_Init
                0x08001310       0x3c build/i2c.o
                0x08001310                MX_I2C2_Init
 .text.HAL_I2C_MspInit
                0x0800134c       0xac build/i2c.o
                0x0800134c                HAL_I2C_MspInit
 .text.MX_USART1_UART_Init
                0x080013f8       0x34 build/usart.o
                0x080013f8                MX_USART1_UART_Init
 .text.HAL_UART_MspInit
                0x0800142c       0x78 build/usart.o
                0x0800142c                HAL_UART_MspInit
 .text.max30102_getUnreadSampleCount
                0x080014a4       0x64 build/max30102.o
                0x080014a4                max30102_getUnreadSampleCount
 .text.max30102_getFIFO
                0x08001508       0xa8 build/max30102.o
                0x08001508                max30102_getFIFO
 .text.max30102_getStatus
                0x080015b0       0x50 build/max30102.o
                0x080015b0                max30102_getStatus
 .text.max30102_init
                0x08001600      0x120 build/max30102.o
                0x08001600                max30102_init
 .text.filter   0x08001720       0x3c build/max30102.o
                0x08001720                filter
 .text.buffInsert
                0x0800175c       0x3c build/max30102.o
                0x0800175c                buffInsert
 .text.calAcDc  0x08001798       0x74 build/max30102.o
                0x08001798                calAcDc
 *fill*         0x0800180c        0x4 
 .text.max30102_cal
                0x08001810      0x21c build/max30102.o
                0x08001810                max30102_cal
 .text.max30102_getHeartRate
                0x08001a2c        0xc build/max30102.o
                0x08001a2c                max30102_getHeartRate
 .text.max30102_getSpO2
                0x08001a38        0xc build/max30102.o
                0x08001a38                max30102_getSpO2
 .text.max30102_getDiff
                0x08001a44        0xc build/max30102.o
                0x08001a44                max30102_getDiff
 .text.Debug_Init
                0x08001a50       0x18 build/debug.o
                0x08001a50                Debug_Init
 .text.vprint   0x08001a68       0x30 build/debug.o
                0x08001a68                vprint
 .text.logPC    0x08001a98       0x1c build/debug.o
                0x08001a98                logPC
 .text.OLED_WR_Byte
                0x08001ab4       0x54 build/oled.o
                0x08001ab4                OLED_WR_Byte
 .text.HAL_I2C_MemTxCpltCallback
                0x08001b08       0xe0 build/oled.o
                0x08001b08                HAL_I2C_MemTxCpltCallback
 .text.OLED_Set_Pos
                0x08001be8       0x14 build/oled.o
                0x08001be8                OLED_Set_Pos
 .text.OLED_Clear
                0x08001bfc       0x2e build/oled.o
                0x08001bfc                OLED_Clear
 *fill*         0x08001c2a        0x2 
 .text.OLED_ShowString
                0x08001c2c       0x5c build/oled.o
                0x08001c2c                OLED_ShowString
 .text.OLED_showHeart
                0x08001c88       0xbc build/oled.o
                0x08001c88                OLED_showHeart
 .text.OLED_Init
                0x08001d44      0x210 build/oled.o
                0x08001d44                OLED_Init
 .text.OLED_showNum
                0x08001f54       0xf4 build/oled.o
                0x08001f54                OLED_showNum
 .text.max      0x08002048        0x8 build/oled.o
                0x08002048                max
 .text.min      0x08002050        0x8 build/oled.o
                0x08002050                min
 .text.OLED_drawChart
                0x08002058      0x114 build/oled.o
                0x08002058                OLED_drawChart
 .text.NMI_Handler
                0x0800216c        0x2 build/stm32f1xx_it.o
                0x0800216c                NMI_Handler
 .text.HardFault_Handler
                0x0800216e        0x2 build/stm32f1xx_it.o
                0x0800216e                HardFault_Handler
 .text.MemManage_Handler
                0x08002170        0x2 build/stm32f1xx_it.o
                0x08002170                MemManage_Handler
 .text.BusFault_Handler
                0x08002172        0x2 build/stm32f1xx_it.o
                0x08002172                BusFault_Handler
 .text.UsageFault_Handler
                0x08002174        0x2 build/stm32f1xx_it.o
                0x08002174                UsageFault_Handler
 .text.SVC_Handler
                0x08002176        0x2 build/stm32f1xx_it.o
                0x08002176                SVC_Handler
 .text.DebugMon_Handler
                0x08002178        0x2 build/stm32f1xx_it.o
                0x08002178                DebugMon_Handler
 .text.PendSV_Handler
                0x0800217a        0x2 build/stm32f1xx_it.o
                0x0800217a                PendSV_Handler
 .text.SysTick_Handler
                0x0800217c        0x8 build/stm32f1xx_it.o
                0x0800217c                SysTick_Handler
 .text.I2C1_EV_IRQHandler
                0x08002184       0x10 build/stm32f1xx_it.o
                0x08002184                I2C1_EV_IRQHandler
 .text.I2C2_EV_IRQHandler
                0x08002194       0x10 build/stm32f1xx_it.o
                0x08002194                I2C2_EV_IRQHandler
 .text.HAL_MspInit
                0x080021a4       0x44 build/stm32f1xx_hal_msp.o
                0x080021a4                HAL_MspInit
 .text.I2C_Flush_DR
                0x080021e8       0x10 build/stm32f1xx_hal_i2c.o
 .text.I2C_Master_SB
                0x080021f8       0xa8 build/stm32f1xx_hal_i2c.o
 .text.I2C_Master_ADD10
                0x080022a0       0x2a build/stm32f1xx_hal_i2c.o
 .text.I2C_Master_ADDR
                0x080022ca      0x216 build/stm32f1xx_hal_i2c.o
 .text.I2C_SlaveTransmit_BTF
                0x080024e0       0x20 build/stm32f1xx_hal_i2c.o
 .text.I2C_SlaveReceive_BTF
                0x08002500       0x20 build/stm32f1xx_hal_i2c.o
 .text.I2C_WaitOnSTOPRequestThroughIT
                0x08002520       0x48 build/stm32f1xx_hal_i2c.o
 .text.I2C_IsAcknowledgeFailed
                0x08002568       0x32 build/stm32f1xx_hal_i2c.o
 .text.I2C_ConvertOtherXferOptions
                0x0800259a       0x1e build/stm32f1xx_hal_i2c.o
 .text.I2C_WaitOnFlagUntilTimeout
                0x080025b8       0xaa build/stm32f1xx_hal_i2c.o
 .text.I2C_WaitOnMasterAddressFlagUntilTimeout
                0x08002662       0xd6 build/stm32f1xx_hal_i2c.o
 .text.I2C_WaitOnTXEFlagUntilTimeout
                0x08002738       0x5e build/stm32f1xx_hal_i2c.o
 *fill*         0x08002796        0x2 
 .text.I2C_RequestMemoryWrite
                0x08002798       0xd8 build/stm32f1xx_hal_i2c.o
 .text.I2C_RequestMemoryRead
                0x08002870      0x154 build/stm32f1xx_hal_i2c.o
 .text.I2C_WaitOnBTFFlagUntilTimeout
                0x080029c4       0x5e build/stm32f1xx_hal_i2c.o
 .text.I2C_WaitOnRXNEFlagUntilTimeout
                0x08002a22       0x78 build/stm32f1xx_hal_i2c.o
 *fill*         0x08002a9a        0x2 
 .text.HAL_I2C_Init
                0x08002a9c      0x1bc build/stm32f1xx_hal_i2c.o
                0x08002a9c                HAL_I2C_Init
 .text.HAL_I2C_Mem_Write
                0x08002c58      0x164 build/stm32f1xx_hal_i2c.o
                0x08002c58                HAL_I2C_Mem_Write
 .text.HAL_I2C_Mem_Read
                0x08002dbc      0x348 build/stm32f1xx_hal_i2c.o
                0x08002dbc                HAL_I2C_Mem_Read
 .text.HAL_I2C_Mem_Write_IT
                0x08003104       0xe0 build/stm32f1xx_hal_i2c.o
                0x08003104                HAL_I2C_Mem_Write_IT
 .text.HAL_I2C_MasterTxCpltCallback
                0x080031e4        0x2 build/stm32f1xx_hal_i2c.o
                0x080031e4                HAL_I2C_MasterTxCpltCallback
 .text.HAL_I2C_MasterRxCpltCallback
                0x080031e6        0x2 build/stm32f1xx_hal_i2c.o
                0x080031e6                HAL_I2C_MasterRxCpltCallback
 .text.HAL_I2C_SlaveTxCpltCallback
                0x080031e8        0x2 build/stm32f1xx_hal_i2c.o
                0x080031e8                HAL_I2C_SlaveTxCpltCallback
 .text.I2C_SlaveTransmit_TXE
                0x080031ea       0x4c build/stm32f1xx_hal_i2c.o
 .text.HAL_I2C_SlaveRxCpltCallback
                0x08003236        0x2 build/stm32f1xx_hal_i2c.o
                0x08003236                HAL_I2C_SlaveRxCpltCallback
 .text.I2C_SlaveReceive_RXNE
                0x08003238       0x4c build/stm32f1xx_hal_i2c.o
 .text.HAL_I2C_AddrCallback
                0x08003284        0x2 build/stm32f1xx_hal_i2c.o
                0x08003284                HAL_I2C_AddrCallback
 .text.I2C_Slave_ADDR
                0x08003286       0x5a build/stm32f1xx_hal_i2c.o
 .text.HAL_I2C_ListenCpltCallback
                0x080032e0        0x2 build/stm32f1xx_hal_i2c.o
                0x080032e0                HAL_I2C_ListenCpltCallback
 .text.I2C_MasterTransmit_BTF
                0x080032e2       0x9e build/stm32f1xx_hal_i2c.o
 .text.I2C_MemoryTransmit_TXE_BTF
                0x08003380       0xc4 build/stm32f1xx_hal_i2c.o
 .text.I2C_MasterTransmit_TXE
                0x08003444       0xd0 build/stm32f1xx_hal_i2c.o
 .text.HAL_I2C_MemRxCpltCallback
                0x08003514        0x2 build/stm32f1xx_hal_i2c.o
                0x08003514                HAL_I2C_MemRxCpltCallback
 .text.I2C_MasterReceive_BTF
                0x08003516      0x128 build/stm32f1xx_hal_i2c.o
 .text.HAL_I2C_ErrorCallback
                0x0800363e        0x2 build/stm32f1xx_hal_i2c.o
                0x0800363e                HAL_I2C_ErrorCallback
 .text.I2C_MasterReceive_RXNE
                0x08003640       0xf6 build/stm32f1xx_hal_i2c.o
 .text.HAL_I2C_AbortCpltCallback
                0x08003736        0x2 build/stm32f1xx_hal_i2c.o
                0x08003736                HAL_I2C_AbortCpltCallback
 .text.I2C_DMAAbort
                0x08003738       0xe4 build/stm32f1xx_hal_i2c.o
 .text.I2C_ITError
                0x0800381c      0x178 build/stm32f1xx_hal_i2c.o
 .text.I2C_Slave_STOPF
                0x08003994      0x18c build/stm32f1xx_hal_i2c.o
 .text.HAL_I2C_EV_IRQHandler
                0x08003b20      0x1a0 build/stm32f1xx_hal_i2c.o
                0x08003b20                HAL_I2C_EV_IRQHandler
 .text.HAL_InitTick
                0x08003cc0       0x4c build/stm32f1xx_hal.o
                0x08003cc0                HAL_InitTick
 .text.HAL_Init
                0x08003d0c       0x24 build/stm32f1xx_hal.o
                0x08003d0c                HAL_Init
 .text.HAL_IncTick
                0x08003d30       0x18 build/stm32f1xx_hal.o
                0x08003d30                HAL_IncTick
 .text.HAL_GetTick
                0x08003d48        0xc build/stm32f1xx_hal.o
                0x08003d48                HAL_GetTick
 .text.HAL_Delay
                0x08003d54       0x28 build/stm32f1xx_hal.o
                0x08003d54                HAL_Delay
 .text.RCC_Delay
                0x08003d7c       0x2c build/stm32f1xx_hal_rcc.o
 .text.HAL_RCC_OscConfig
                0x08003da8      0x410 build/stm32f1xx_hal_rcc.o
                0x08003da8                HAL_RCC_OscConfig
 .text.HAL_RCC_GetSysClockFreq
                0x080041b8       0x54 build/stm32f1xx_hal_rcc.o
                0x080041b8                HAL_RCC_GetSysClockFreq
 .text.HAL_RCC_ClockConfig
                0x0800420c      0x16c build/stm32f1xx_hal_rcc.o
                0x0800420c                HAL_RCC_ClockConfig
 .text.HAL_RCC_GetHCLKFreq
                0x08004378        0xc build/stm32f1xx_hal_rcc.o
                0x08004378                HAL_RCC_GetHCLKFreq
 .text.HAL_RCC_GetPCLK1Freq
                0x08004384       0x20 build/stm32f1xx_hal_rcc.o
                0x08004384                HAL_RCC_GetPCLK1Freq
 .text.HAL_RCC_GetPCLK2Freq
                0x080043a4       0x20 build/stm32f1xx_hal_rcc.o
                0x080043a4                HAL_RCC_GetPCLK2Freq
 .text.HAL_GPIO_Init
                0x080043c4      0x224 build/stm32f1xx_hal_gpio.o
                0x080043c4                HAL_GPIO_Init
 .text.HAL_GPIO_ReadPin
                0x080045e8        0xe build/stm32f1xx_hal_gpio.o
                0x080045e8                HAL_GPIO_ReadPin
 .text.HAL_GPIO_WritePin
                0x080045f6        0xc build/stm32f1xx_hal_gpio.o
                0x080045f6                HAL_GPIO_WritePin
 .text.HAL_GPIO_TogglePin
                0x08004602       0x12 build/stm32f1xx_hal_gpio.o
                0x08004602                HAL_GPIO_TogglePin
 .text.HAL_DMA_Abort_IT
                0x08004614       0x98 build/stm32f1xx_hal_dma.o
                0x08004614                HAL_DMA_Abort_IT
 .text.HAL_DMA_GetState
                0x080046ac        0x6 build/stm32f1xx_hal_dma.o
                0x080046ac                HAL_DMA_GetState
 *fill*         0x080046b2        0x2 
 .text.HAL_NVIC_SetPriorityGrouping
                0x080046b4       0x24 build/stm32f1xx_hal_cortex.o
                0x080046b4                HAL_NVIC_SetPriorityGrouping
 .text.HAL_NVIC_SetPriority
                0x080046d8       0x70 build/stm32f1xx_hal_cortex.o
                0x080046d8                HAL_NVIC_SetPriority
 .text.HAL_NVIC_EnableIRQ
                0x08004748       0x1c build/stm32f1xx_hal_cortex.o
                0x08004748                HAL_NVIC_EnableIRQ
 .text.HAL_SYSTICK_Config
                0x08004764       0x28 build/stm32f1xx_hal_cortex.o
                0x08004764                HAL_SYSTICK_Config
 .text.UART_SetConfig
                0x0800478c       0x94 build/stm32f1xx_hal_uart.o
 .text.UART_WaitOnFlagUntilTimeout
                0x08004820       0x88 build/stm32f1xx_hal_uart.o
 .text.HAL_UART_Init
                0x080048a8       0x60 build/stm32f1xx_hal_uart.o
                0x080048a8                HAL_UART_Init
 .text.HAL_UART_Transmit
                0x08004908       0xbe build/stm32f1xx_hal_uart.o
                0x08004908                HAL_UART_Transmit
 .text.UART_Start_Receive_IT
                0x080049c6       0x36 build/stm32f1xx_hal_uart.o
                0x080049c6                UART_Start_Receive_IT
 .text.HAL_UART_Receive_IT
                0x080049fc       0x26 build/stm32f1xx_hal_uart.o
                0x080049fc                HAL_UART_Receive_IT
 .text.SystemInit
                0x08004a22        0x2 build/system_stm32f1xx.o
                0x08004a22                SystemInit
 .text.Reset_Handler
                0x08004a24       0x48 build/startup_stm32f103xb.o
                0x08004a24                Reset_Handler
 .text.Default_Handler
                0x08004a6c        0x2 build/startup_stm32f103xb.o
                0x08004a6c                RTC_Alarm_IRQHandler
                0x08004a6c                EXTI2_IRQHandler
                0x08004a6c                TIM1_CC_IRQHandler
                0x08004a6c                PVD_IRQHandler
                0x08004a6c                EXTI3_IRQHandler
                0x08004a6c                EXTI0_IRQHandler
                0x08004a6c                ADC1_2_IRQHandler
                0x08004a6c                SPI1_IRQHandler
                0x08004a6c                TAMPER_IRQHandler
                0x08004a6c                DMA1_Channel4_IRQHandler
                0x08004a6c                USART3_IRQHandler
                0x08004a6c                RTC_IRQHandler
                0x08004a6c                DMA1_Channel7_IRQHandler
                0x08004a6c                CAN1_RX1_IRQHandler
                0x08004a6c                TIM4_IRQHandler
                0x08004a6c                DMA1_Channel6_IRQHandler
                0x08004a6c                TIM3_IRQHandler
                0x08004a6c                RCC_IRQHandler
                0x08004a6c                TIM1_TRG_COM_IRQHandler
                0x08004a6c                DMA1_Channel1_IRQHandler
                0x08004a6c                Default_Handler
                0x08004a6c                EXTI15_10_IRQHandler
                0x08004a6c                EXTI9_5_IRQHandler
                0x08004a6c                SPI2_IRQHandler
                0x08004a6c                DMA1_Channel5_IRQHandler
                0x08004a6c                EXTI4_IRQHandler
                0x08004a6c                USB_LP_CAN1_RX0_IRQHandler
                0x08004a6c                USB_HP_CAN1_TX_IRQHandler
                0x08004a6c                DMA1_Channel3_IRQHandler
                0x08004a6c                TIM1_UP_IRQHandler
                0x08004a6c                WWDG_IRQHandler
                0x08004a6c                TIM2_IRQHandler
                0x08004a6c                TIM1_BRK_IRQHandler
                0x08004a6c                EXTI1_IRQHandler
                0x08004a6c                USART2_IRQHandler
                0x08004a6c                I2C2_ER_IRQHandler
                0x08004a6c                DMA1_Channel2_IRQHandler
                0x08004a6c                CAN1_SCE_IRQHandler
                0x08004a6c                FLASH_IRQHandler
                0x08004a6c                USART1_IRQHandler
                0x08004a6c                I2C1_ER_IRQHandler
                0x08004a6c                USBWakeUp_IRQHandler
 *fill*         0x08004a6e        0x2 
 .text.__libc_init_array
                0x08004a70       0x48 c:/program files (x86)/gnu arm embedded toolchain/10 2021.10/bin/../lib/gcc/arm-none-eabi/10.3.1/../../../../arm-none-eabi/lib/thumb/v7-m/nofp\libc_nano.a(lib_a-init.o)
                0x08004a70                __libc_init_array
 .text.memset   0x08004ab8       0x10 c:/program files (x86)/gnu arm embedded toolchain/10 2021.10/bin/../lib/gcc/arm-none-eabi/10.3.1/../../../../arm-none-eabi/lib/thumb/v7-m/nofp\libc_nano.a(lib_a-memset.o)
                0x08004ab8                memset
 .text._vsprintf_r
                0x08004ac8       0x2c c:/program files (x86)/gnu arm embedded toolchain/10 2021.10/bin/../lib/gcc/arm-none-eabi/10.3.1/../../../../arm-none-eabi/lib/thumb/v7-m/nofp\libc_nano.a(lib_a-vsprintf.o)
                0x08004ac8                _vsprintf_r
                0x08004ac8                _vsiprintf_r
 .text.vsprintf
                0x08004af4       0x14 c:/program files (x86)/gnu arm embedded toolchain/10 2021.10/bin/../lib/gcc/arm-none-eabi/10.3.1/../../../../arm-none-eabi/lib/thumb/v7-m/nofp\libc_nano.a(lib_a-vsprintf.o)
                0x08004af4                vsiprintf
                0x08004af4                vsprintf
 .text._free_r  0x08004b08       0x90 c:/program files (x86)/gnu arm embedded toolchain/10 2021.10/bin/../lib/gcc/arm-none-eabi/10.3.1/../../../../arm-none-eabi/lib/thumb/v7-m/nofp\libc_nano.a(lib_a-nano-freer.o)
                0x08004b08                _free_r
 .text.sbrk_aligned
                0x08004b98       0x40 c:/program files (x86)/gnu arm embedded toolchain/10 2021.10/bin/../lib/gcc/arm-none-eabi/10.3.1/../../../../arm-none-eabi/lib/thumb/v7-m/nofp\libc_nano.a(lib_a-nano-mallocr.o)
 .text._malloc_r
                0x08004bd8       0xe8 c:/program files (x86)/gnu arm embedded toolchain/10 2021.10/bin/../lib/gcc/arm-none-eabi/10.3.1/../../../../arm-none-eabi/lib/thumb/v7-m/nofp\libc_nano.a(lib_a-nano-mallocr.o)
                0x08004bd8                _malloc_r
 .text.__ssputs_r
                0x08004cc0       0xb6 c:/program files (x86)/gnu arm embedded toolchain/10 2021.10/bin/../lib/gcc/arm-none-eabi/10.3.1/../../../../arm-none-eabi/lib/thumb/v7-m/nofp\libc_nano.a(lib_a-nano-svfprintf.o)
                0x08004cc0                __ssputs_r
 *fill*         0x08004d76        0x2 
 .text._svfprintf_r
                0x08004d78      0x200 c:/program files (x86)/gnu arm embedded toolchain/10 2021.10/bin/../lib/gcc/arm-none-eabi/10.3.1/../../../../arm-none-eabi/lib/thumb/v7-m/nofp\libc_nano.a(lib_a-nano-svfprintf.o)
                0x08004d78                _svfiprintf_r
                0x08004d78                _svfprintf_r
 .text._printf_common
                0x08004f78       0xde c:/program files (x86)/gnu arm embedded toolchain/10 2021.10/bin/../lib/gcc/arm-none-eabi/10.3.1/../../../../arm-none-eabi/lib/thumb/v7-m/nofp\libc_nano.a(lib_a-nano-vfprintf_i.o)
                0x08004f78                _printf_common
 *fill*         0x08005056        0x2 
 .text._printf_i
                0x08005058      0x24c c:/program files (x86)/gnu arm embedded toolchain/10 2021.10/bin/../lib/gcc/arm-none-eabi/10.3.1/../../../../arm-none-eabi/lib/thumb/v7-m/nofp\libc_nano.a(lib_a-nano-vfprintf_i.o)
                0x08005058                _printf_i
 .text._sbrk_r  0x080052a4       0x20 c:/program files (x86)/gnu arm embedded toolchain/10 2021.10/bin/../lib/gcc/arm-none-eabi/10.3.1/../../../../arm-none-eabi/lib/thumb/v7-m/nofp\libc_nano.a(lib_a-sbrkr.o)
                0x080052a4                _sbrk_r
 .text.__retarget_lock_acquire_recursive
                0x080052c4        0x2 c:/program files (x86)/gnu arm embedded toolchain/10 2021.10/bin/../lib/gcc/arm-none-eabi/10.3.1/../../../../arm-none-eabi/lib/thumb/v7-m/nofp\libc_nano.a(lib_a-lock.o)
                0x080052c4                __retarget_lock_acquire_recursive
 .text.__retarget_lock_release_recursive
                0x080052c6        0x2 c:/program files (x86)/gnu arm embedded toolchain/10 2021.10/bin/../lib/gcc/arm-none-eabi/10.3.1/../../../../arm-none-eabi/lib/thumb/v7-m/nofp\libc_nano.a(lib_a-lock.o)
                0x080052c6                __retarget_lock_release_recursive
 .text.memchr   0x080052c8       0x1c c:/program files (x86)/gnu arm embedded toolchain/10 2021.10/bin/../lib/gcc/arm-none-eabi/10.3.1/../../../../arm-none-eabi/lib/thumb/v7-m/nofp\libc_nano.a(lib_a-memchr-stub.o)
                0x080052c8                memchr
 .text.memcpy   0x080052e4       0x1c c:/program files (x86)/gnu arm embedded toolchain/10 2021.10/bin/../lib/gcc/arm-none-eabi/10.3.1/../../../../arm-none-eabi/lib/thumb/v7-m/nofp\libc_nano.a(lib_a-memcpy-stub.o)
                0x080052e4                memcpy
 .text.memmove  0x08005300       0x34 c:/program files (x86)/gnu arm embedded toolchain/10 2021.10/bin/../lib/gcc/arm-none-eabi/10.3.1/../../../../arm-none-eabi/lib/thumb/v7-m/nofp\libc_nano.a(lib_a-memmove.o)
                0x08005300                memmove
 .text.__malloc_lock
                0x08005334        0xc c:/program files (x86)/gnu arm embedded toolchain/10 2021.10/bin/../lib/gcc/arm-none-eabi/10.3.1/../../../../arm-none-eabi/lib/thumb/v7-m/nofp\libc_nano.a(lib_a-mlock.o)
                0x08005334                __malloc_lock
 .text.__malloc_unlock
                0x08005340        0xc c:/program files (x86)/gnu arm embedded toolchain/10 2021.10/bin/../lib/gcc/arm-none-eabi/10.3.1/../../../../arm-none-eabi/lib/thumb/v7-m/nofp\libc_nano.a(lib_a-mlock.o)
                0x08005340                __malloc_unlock
 .text._realloc_r
                0x0800534c       0x5e c:/program files (x86)/gnu arm embedded toolchain/10 2021.10/bin/../lib/gcc/arm-none-eabi/10.3.1/../../../../arm-none-eabi/lib/thumb/v7-m/nofp\libc_nano.a(lib_a-nano-reallocr.o)
                0x0800534c                _realloc_r
 .text._malloc_usable_size_r
                0x080053aa       0x10 c:/program files (x86)/gnu arm embedded toolchain/10 2021.10/bin/../lib/gcc/arm-none-eabi/10.3.1/../../../../arm-none-eabi/lib/thumb/v7-m/nofp\libc_nano.a(lib_a-nano-msizer.o)
                0x080053aa                _malloc_usable_size_r
 *fill*         0x080053ba        0x2 
 .text._sbrk    0x080053bc       0x1c c:/program files (x86)/gnu arm embedded toolchain/10 2021.10/bin/../lib/gcc/arm-none-eabi/10.3.1/../../../../arm-none-eabi/lib/thumb/v7-m/nofp\libnosys.a(sbrk.o)
                0x080053bc                _sbrk
 *(.glue_7)
 .glue_7        0x080053d8        0x0 linker stubs
 *(.glue_7t)
 .glue_7t       0x080053d8        0x0 linker stubs
 *(.eh_frame)
 .eh_frame      0x080053d8        0x0 c:/program files (x86)/gnu arm embedded toolchain/10 2021.10/bin/../lib/gcc/arm-none-eabi/10.3.1/thumb/v7-m/nofp/crtbegin.o
 *(.init)
 .init          0x080053d8        0x4 c:/program files (x86)/gnu arm embedded toolchain/10 2021.10/bin/../lib/gcc/arm-none-eabi/10.3.1/thumb/v7-m/nofp/crti.o
                0x080053d8                _init
 .init          0x080053dc        0x8 c:/program files (x86)/gnu arm embedded toolchain/10 2021.10/bin/../lib/gcc/arm-none-eabi/10.3.1/thumb/v7-m/nofp/crtn.o
 *(.fini)
 .fini          0x080053e4        0x4 c:/program files (x86)/gnu arm embedded toolchain/10 2021.10/bin/../lib/gcc/arm-none-eabi/10.3.1/thumb/v7-m/nofp/crti.o
                0x080053e4                _fini
 .fini          0x080053e8        0x8 c:/program files (x86)/gnu arm embedded toolchain/10 2021.10/bin/../lib/gcc/arm-none-eabi/10.3.1/thumb/v7-m/nofp/crtn.o
                0x080053f0                . = ALIGN (0x4)
                0x080053f0                _etext = .

.vfp11_veneer   0x080053f0        0x0
 .vfp11_veneer  0x080053f0        0x0 linker stubs

.v4_bx          0x080053f0        0x0
 .v4_bx         0x080053f0        0x0 linker stubs

.iplt           0x080053f0        0x0
 .iplt          0x080053f0        0x0 c:/program files (x86)/gnu arm embedded toolchain/10 2021.10/bin/../lib/gcc/arm-none-eabi/10.3.1/thumb/v7-m/nofp/crtbegin.o

.rodata         0x080053f0      0x3bc
                0x080053f0                . = ALIGN (0x4)
 *(.rodata)
 .rodata        0x080053f0       0x31 build/oled.o
 *(.rodata*)
 *fill*         0x08005421        0x3 
 .rodata.main.str1.4
                0x08005424        0x9 build/main.o
 *fill*         0x0800542d        0x3 
 .rodata.OLED_Init.str1.4
                0x08005430       0x3b build/oled.o
 *fill*         0x0800546b        0x1 
 .rodata.OLED_drawChart.str1.4
                0x0800546c        0x4 build/oled.o
 .rodata.F6x8   0x08005470      0x228 build/oled.o
                0x08005470                F6x8
 .rodata.heart  0x08005698       0x3f build/oled.o
                0x08005698                heart
 *fill*         0x080056d7        0x1 
 .rodata.oled_nums
                0x080056d8        0xb build/oled.o
                0x080056d8                oled_nums
 *fill*         0x080056e3        0x1 
 .rodata.oled_nums_pos
                0x080056e4        0x6 build/oled.o
                0x080056e4                oled_nums_pos
 *fill*         0x080056ea        0x2 
 .rodata.aPLLMULFactorTable.1
                0x080056ec       0x10 build/stm32f1xx_hal_rcc.o
 .rodata.aPredivFactorTable.0
                0x080056fc        0x2 build/stm32f1xx_hal_rcc.o
 *fill*         0x080056fe        0x2 
 .rodata.AHBPrescTable
                0x08005700       0x10 build/system_stm32f1xx.o
                0x08005700                AHBPrescTable
 .rodata.APBPrescTable
                0x08005710        0x8 build/system_stm32f1xx.o
                0x08005710                APBPrescTable
 .rodata._svfprintf_r.str1.1
                0x08005718       0x11 c:/program files (x86)/gnu arm embedded toolchain/10 2021.10/bin/../lib/gcc/arm-none-eabi/10.3.1/../../../../arm-none-eabi/lib/thumb/v7-m/nofp\libc_nano.a(lib_a-nano-svfprintf.o)
 .rodata._printf_i.str1.1
                0x08005729       0x22 c:/program files (x86)/gnu arm embedded toolchain/10 2021.10/bin/../lib/gcc/arm-none-eabi/10.3.1/../../../../arm-none-eabi/lib/thumb/v7-m/nofp\libc_nano.a(lib_a-nano-vfprintf_i.o)
 *fill*         0x0800574b        0x1 
 .rodata.__sf_fake_stderr
                0x0800574c       0x20 c:/program files (x86)/gnu arm embedded toolchain/10 2021.10/bin/../lib/gcc/arm-none-eabi/10.3.1/../../../../arm-none-eabi/lib/thumb/v7-m/nofp\libc_nano.a(lib_a-findfp.o)
                0x0800574c                __sf_fake_stderr
 .rodata.__sf_fake_stdin
                0x0800576c       0x20 c:/program files (x86)/gnu arm embedded toolchain/10 2021.10/bin/../lib/gcc/arm-none-eabi/10.3.1/../../../../arm-none-eabi/lib/thumb/v7-m/nofp\libc_nano.a(lib_a-findfp.o)
                0x0800576c                __sf_fake_stdin
 .rodata.__sf_fake_stdout
                0x0800578c       0x20 c:/program files (x86)/gnu arm embedded toolchain/10 2021.10/bin/../lib/gcc/arm-none-eabi/10.3.1/../../../../arm-none-eabi/lib/thumb/v7-m/nofp\libc_nano.a(lib_a-findfp.o)
                0x0800578c                __sf_fake_stdout
                0x080057ac                . = ALIGN (0x4)

.rel.dyn        0x080057ac        0x0
 .rel.iplt      0x080057ac        0x0 c:/program files (x86)/gnu arm embedded toolchain/10 2021.10/bin/../lib/gcc/arm-none-eabi/10.3.1/thumb/v7-m/nofp/crtbegin.o

.ARM.extab
 *(.ARM.extab* .gnu.linkonce.armextab.*)

.ARM            0x080057ac        0x0
                0x080057ac                __exidx_start = .
 *(.ARM.exidx*)
                0x080057ac                __exidx_end = .

.preinit_array  0x080057ac        0x0
                0x080057ac                PROVIDE (__preinit_array_start = .)
 *(.preinit_array*)
                0x080057ac                PROVIDE (__preinit_array_end = .)

.init_array     0x080057ac        0x4
                0x080057ac                PROVIDE (__init_array_start = .)
 *(SORT_BY_NAME(.init_array.*))
 *(.init_array*)
 .init_array    0x080057ac        0x4 c:/program files (x86)/gnu arm embedded toolchain/10 2021.10/bin/../lib/gcc/arm-none-eabi/10.3.1/thumb/v7-m/nofp/crtbegin.o
                0x080057b0                PROVIDE (__init_array_end = .)

.fini_array     0x080057b0        0x4
                [!provide]                PROVIDE (__fini_array_start = .)
 *(SORT_BY_NAME(.fini_array.*))
 *(.fini_array*)
 .fini_array    0x080057b0        0x4 c:/program files (x86)/gnu arm embedded toolchain/10 2021.10/bin/../lib/gcc/arm-none-eabi/10.3.1/thumb/v7-m/nofp/crtbegin.o
                [!provide]                PROVIDE (__fini_array_end = .)
                0x080057b4                _sidata = LOADADDR (.data)

.data           0x20000000       0x70 load address 0x080057b4
                0x20000000                . = ALIGN (0x4)
                0x20000000                _sdata = .
 *(.data)
 *(.data*)
 .data.uwTickFreq
                0x20000000        0x1 build/stm32f1xx_hal.o
                0x20000000                uwTickFreq
 *fill*         0x20000001        0x3 
 .data.uwTickPrio
                0x20000004        0x4 build/stm32f1xx_hal.o
                0x20000004                uwTickPrio
 .data.SystemCoreClock
                0x20000008        0x4 build/system_stm32f1xx.o
                0x20000008                SystemCoreClock
 .data._impure_ptr
                0x2000000c        0x4 c:/program files (x86)/gnu arm embedded toolchain/10 2021.10/bin/../lib/gcc/arm-none-eabi/10.3.1/../../../../arm-none-eabi/lib/thumb/v7-m/nofp\libc_nano.a(lib_a-impure.o)
                0x2000000c                _impure_ptr
 .data.impure_data
                0x20000010       0x60 c:/program files (x86)/gnu arm embedded toolchain/10 2021.10/bin/../lib/gcc/arm-none-eabi/10.3.1/../../../../arm-none-eabi/lib/thumb/v7-m/nofp\libc_nano.a(lib_a-impure.o)
                0x20000070                . = ALIGN (0x4)
                0x20000070                _edata = .

.igot.plt       0x20000070        0x0 load address 0x08005824
 .igot.plt      0x20000070        0x0 c:/program files (x86)/gnu arm embedded toolchain/10 2021.10/bin/../lib/gcc/arm-none-eabi/10.3.1/thumb/v7-m/nofp/crtbegin.o
                0x20000070                . = ALIGN (0x4)

.bss            0x20000070      0x6e4 load address 0x08005824
                0x20000070                _sbss = .
                0x20000070                __bss_start__ = _sbss
 *(.bss)
 .bss           0x20000070       0x1c c:/program files (x86)/gnu arm embedded toolchain/10 2021.10/bin/../lib/gcc/arm-none-eabi/10.3.1/thumb/v7-m/nofp/crtbegin.o
 *(.bss*)
 .bss.hi2c1     0x2000008c       0x54 build/i2c.o
                0x2000008c                hi2c1
 .bss.hi2c2     0x200000e0       0x54 build/i2c.o
                0x200000e0                hi2c2
 .bss.huart1    0x20000134       0x48 build/usart.o
                0x20000134                huart1
 .bss.eachBeatSampleCount.1
                0x2000017c        0x1 build/max30102.o
 *fill*         0x2000017d        0x1 
 .bss.eachSampleDiff
                0x2000017e        0x2 build/max30102.o
                0x2000017e                eachSampleDiff
 .bss.heartRate
                0x20000180        0x1 build/max30102.o
                0x20000180                heartRate
 *fill*         0x20000181        0x1 
 .bss.iRedAC    0x20000182        0x2 build/max30102.o
                0x20000182                iRedAC
 .bss.iRedDC    0x20000184        0x4 build/max30102.o
                0x20000184                iRedDC
 .bss.lastTenBeatSampleCount.0
                0x20000188        0xa build/max30102.o
 *fill*         0x20000192        0x2 
 .bss.last_iRed.2
                0x20000194        0x4 build/max30102.o
 .bss.redAC     0x20000198        0x2 build/max30102.o
                0x20000198                redAC
 *fill*         0x2000019a        0x2 
 .bss.redDC     0x2000019c        0x4 build/max30102.o
                0x2000019c                redDC
 .bss.sampleBuff
                0x200001a0      0x190 build/max30102.o
                0x200001a0                sampleBuff
 .bss.spo2      0x20000330        0x1 build/max30102.o
                0x20000330                spo2
 .bss.rx_debug  0x20000331        0x1 build/debug.o
 .bss.dat.1     0x20000332        0x1 build/oled.o
 *fill*         0x20000333        0x1 
 .bss.oled_cache
                0x20000334      0x400 build/oled.o
                0x20000334                oled_cache
 .bss.point_x   0x20000734        0x1 build/oled.o
                0x20000734                point_x
 .bss.point_y   0x20000735        0x1 build/oled.o
                0x20000735                point_y
 .bss.pos_x_this
                0x20000736        0x1 build/oled.o
                0x20000736                pos_x_this
 .bss.pos_y_old
                0x20000737        0x1 build/oled.o
                0x20000737                pos_y_old
 .bss.whatToDo  0x20000738        0x1 build/oled.o
                0x20000738                whatToDo
 .bss.y.0       0x20000739        0x1 build/oled.o
 *fill*         0x2000073a        0x2 
 .bss.uwTick    0x2000073c        0x4 build/stm32f1xx_hal.o
                0x2000073c                uwTick
 .bss.__malloc_free_list
                0x20000740        0x4 c:/program files (x86)/gnu arm embedded toolchain/10 2021.10/bin/../lib/gcc/arm-none-eabi/10.3.1/../../../../arm-none-eabi/lib/thumb/v7-m/nofp\libc_nano.a(lib_a-nano-mallocr.o)
                0x20000740                __malloc_free_list
 .bss.__malloc_sbrk_start
                0x20000744        0x4 c:/program files (x86)/gnu arm embedded toolchain/10 2021.10/bin/../lib/gcc/arm-none-eabi/10.3.1/../../../../arm-none-eabi/lib/thumb/v7-m/nofp\libc_nano.a(lib_a-nano-mallocr.o)
                0x20000744                __malloc_sbrk_start
 .bss.__lock___malloc_recursive_mutex
                0x20000748        0x1 c:/program files (x86)/gnu arm embedded toolchain/10 2021.10/bin/../lib/gcc/arm-none-eabi/10.3.1/../../../../arm-none-eabi/lib/thumb/v7-m/nofp\libc_nano.a(lib_a-lock.o)
                0x20000748                __lock___malloc_recursive_mutex
 *fill*         0x20000749        0x3 
 .bss.errno     0x2000074c        0x4 c:/program files (x86)/gnu arm embedded toolchain/10 2021.10/bin/../lib/gcc/arm-none-eabi/10.3.1/../../../../arm-none-eabi/lib/thumb/v7-m/nofp\libc_nano.a(lib_a-reent.o)
                0x2000074c                errno
 .bss.heap_end.0
                0x20000750        0x4 c:/program files (x86)/gnu arm embedded toolchain/10 2021.10/bin/../lib/gcc/arm-none-eabi/10.3.1/../../../../arm-none-eabi/lib/thumb/v7-m/nofp\libnosys.a(sbrk.o)
 *(COMMON)
                0x20000754                . = ALIGN (0x4)
                0x20000754                _ebss = .
                0x20000754                __bss_end__ = _ebss

._user_heap_stack
                0x20000754      0x604 load address 0x08005824
                0x20000758                . = ALIGN (0x8)
 *fill*         0x20000754        0x4 
                0x20000758                PROVIDE (end = .)
                [!provide]                PROVIDE (_end = .)
                0x20000958                . = (. + _Min_Heap_Size)
 *fill*         0x20000758      0x200 
                0x20000d58                . = (. + _Min_Stack_Size)
 *fill*         0x20000958      0x400 
                0x20000d58                . = ALIGN (0x8)

/DISCARD/
 libc.a(*)
 libm.a(*)
 libgcc.a(*)

.ARM.attributes
                0x00000000       0x29
 *(.ARM.attributes)
 .ARM.attributes
                0x00000000       0x1d c:/program files (x86)/gnu arm embedded toolchain/10 2021.10/bin/../lib/gcc/arm-none-eabi/10.3.1/thumb/v7-m/nofp/crti.o
 .ARM.attributes
                0x0000001d       0x2d c:/program files (x86)/gnu arm embedded toolchain/10 2021.10/bin/../lib/gcc/arm-none-eabi/10.3.1/thumb/v7-m/nofp/crtbegin.o
 .ARM.attributes
                0x0000004a       0x2d build/main.o
 .ARM.attributes
                0x00000077       0x2d build/gpio.o
 .ARM.attributes
                0x000000a4       0x2d build/i2c.o
 .ARM.attributes
                0x000000d1       0x2d build/usart.o
 .ARM.attributes
                0x000000fe       0x2d build/max30102.o
 .ARM.attributes
                0x0000012b       0x2d build/debug.o
 .ARM.attributes
                0x00000158       0x2d build/oled.o
 .ARM.attributes
                0x00000185       0x2d build/stm32f1xx_it.o
 .ARM.attributes
                0x000001b2       0x2d build/stm32f1xx_hal_msp.o
 .ARM.attributes
                0x000001df       0x2d build/stm32f1xx_hal_i2c.o
 .ARM.attributes
                0x0000020c       0x2d build/stm32f1xx_hal.o
 .ARM.attributes
                0x00000239       0x2d build/stm32f1xx_hal_rcc.o
 .ARM.attributes
                0x00000266       0x2d build/stm32f1xx_hal_gpio.o
 .ARM.attributes
                0x00000293       0x2d build/stm32f1xx_hal_dma.o
 .ARM.attributes
                0x000002c0       0x2d build/stm32f1xx_hal_cortex.o
 .ARM.attributes
                0x000002ed       0x2d build/stm32f1xx_hal_uart.o
 .ARM.attributes
                0x0000031a       0x2d build/system_stm32f1xx.o
 .ARM.attributes
                0x00000347       0x21 build/startup_stm32f103xb.o
 .ARM.attributes
                0x00000368       0x2d c:/program files (x86)/gnu arm embedded toolchain/10 2021.10/bin/../lib/gcc/arm-none-eabi/10.3.1/../../../../arm-none-eabi/lib/thumb/v7-m/nofp\libc_nano.a(lib_a-impure.o)
 .ARM.attributes
                0x00000395       0x2d c:/program files (x86)/gnu arm embedded toolchain/10 2021.10/bin/../lib/gcc/arm-none-eabi/10.3.1/../../../../arm-none-eabi/lib/thumb/v7-m/nofp\libc_nano.a(lib_a-init.o)
 .ARM.attributes
                0x000003c2       0x2d c:/program files (x86)/gnu arm embedded toolchain/10 2021.10/bin/../lib/gcc/arm-none-eabi/10.3.1/../../../../arm-none-eabi/lib/thumb/v7-m/nofp\libc_nano.a(lib_a-memset.o)
 .ARM.attributes
                0x000003ef       0x17 c:/program files (x86)/gnu arm embedded toolchain/10 2021.10/bin/../lib/gcc/arm-none-eabi/10.3.1/../../../../arm-none-eabi/lib/thumb/v7-m/nofp\libc_nano.a(lib_a-strlen.o)
 .ARM.attributes
                0x00000406       0x2d c:/program files (x86)/gnu arm embedded toolchain/10 2021.10/bin/../lib/gcc/arm-none-eabi/10.3.1/../../../../arm-none-eabi/lib/thumb/v7-m/nofp\libc_nano.a(lib_a-vsprintf.o)
 .ARM.attributes
                0x00000433       0x2d c:/program files (x86)/gnu arm embedded toolchain/10 2021.10/bin/../lib/gcc/arm-none-eabi/10.3.1/../../../../arm-none-eabi/lib/thumb/v7-m/nofp\libc_nano.a(lib_a-nano-freer.o)
 .ARM.attributes
                0x00000460       0x2d c:/program files (x86)/gnu arm embedded toolchain/10 2021.10/bin/../lib/gcc/arm-none-eabi/10.3.1/../../../../arm-none-eabi/lib/thumb/v7-m/nofp\libc_nano.a(lib_a-nano-mallocr.o)
 .ARM.attributes
                0x0000048d       0x2d c:/program files (x86)/gnu arm embedded toolchain/10 2021.10/bin/../lib/gcc/arm-none-eabi/10.3.1/../../../../arm-none-eabi/lib/thumb/v7-m/nofp\libc_nano.a(lib_a-nano-svfprintf.o)
 .ARM.attributes
                0x000004ba       0x2d c:/program files (x86)/gnu arm embedded toolchain/10 2021.10/bin/../lib/gcc/arm-none-eabi/10.3.1/../../../../arm-none-eabi/lib/thumb/v7-m/nofp\libc_nano.a(lib_a-nano-vfprintf_i.o)
 .ARM.attributes
                0x000004e7       0x2d c:/program files (x86)/gnu arm embedded toolchain/10 2021.10/bin/../lib/gcc/arm-none-eabi/10.3.1/../../../../arm-none-eabi/lib/thumb/v7-m/nofp\libc_nano.a(lib_a-sbrkr.o)
 .ARM.attributes
                0x00000514       0x2d c:/program files (x86)/gnu arm embedded toolchain/10 2021.10/bin/../lib/gcc/arm-none-eabi/10.3.1/../../../../arm-none-eabi/lib/thumb/v7-m/nofp\libc_nano.a(lib_a-findfp.o)
 .ARM.attributes
                0x00000541       0x2d c:/program files (x86)/gnu arm embedded toolchain/10 2021.10/bin/../lib/gcc/arm-none-eabi/10.3.1/../../../../arm-none-eabi/lib/thumb/v7-m/nofp\libc_nano.a(lib_a-lock.o)
 .ARM.attributes
                0x0000056e       0x2d c:/program files (x86)/gnu arm embedded toolchain/10 2021.10/bin/../lib/gcc/arm-none-eabi/10.3.1/../../../../arm-none-eabi/lib/thumb/v7-m/nofp\libc_nano.a(lib_a-memchr-stub.o)
 .ARM.attributes
                0x0000059b       0x2d c:/program files (x86)/gnu arm embedded toolchain/10 2021.10/bin/../lib/gcc/arm-none-eabi/10.3.1/../../../../arm-none-eabi/lib/thumb/v7-m/nofp\libc_nano.a(lib_a-memcpy-stub.o)
 .ARM.attributes
                0x000005c8       0x2d c:/program files (x86)/gnu arm embedded toolchain/10 2021.10/bin/../lib/gcc/arm-none-eabi/10.3.1/../../../../arm-none-eabi/lib/thumb/v7-m/nofp\libc_nano.a(lib_a-memmove.o)
 .ARM.attributes
                0x000005f5       0x2d c:/program files (x86)/gnu arm embedded toolchain/10 2021.10/bin/../lib/gcc/arm-none-eabi/10.3.1/../../../../arm-none-eabi/lib/thumb/v7-m/nofp\libc_nano.a(lib_a-mlock.o)
 .ARM.attributes
                0x00000622       0x2d c:/program files (x86)/gnu arm embedded toolchain/10 2021.10/bin/../lib/gcc/arm-none-eabi/10.3.1/../../../../arm-none-eabi/lib/thumb/v7-m/nofp\libc_nano.a(lib_a-nano-reallocr.o)
 .ARM.attributes
                0x0000064f       0x2d c:/program files (x86)/gnu arm embedded toolchain/10 2021.10/bin/../lib/gcc/arm-none-eabi/10.3.1/../../../../arm-none-eabi/lib/thumb/v7-m/nofp\libc_nano.a(lib_a-reent.o)
 .ARM.attributes
                0x0000067c       0x2d c:/program files (x86)/gnu arm embedded toolchain/10 2021.10/bin/../lib/gcc/arm-none-eabi/10.3.1/../../../../arm-none-eabi/lib/thumb/v7-m/nofp\libc_nano.a(lib_a-nano-msizer.o)
 .ARM.attributes
                0x000006a9       0x2d c:/program files (x86)/gnu arm embedded toolchain/10 2021.10/bin/../lib/gcc/arm-none-eabi/10.3.1/../../../../arm-none-eabi/lib/thumb/v7-m/nofp\libnosys.a(sbrk.o)
 .ARM.attributes
                0x000006d6       0x1d c:/program files (x86)/gnu arm embedded toolchain/10 2021.10/bin/../lib/gcc/arm-none-eabi/10.3.1/thumb/v7-m/nofp\libgcc.a(_arm_addsubdf3.o)
 .ARM.attributes
                0x000006f3       0x1d c:/program files (x86)/gnu arm embedded toolchain/10 2021.10/bin/../lib/gcc/arm-none-eabi/10.3.1/thumb/v7-m/nofp\libgcc.a(_arm_muldivdf3.o)
 .ARM.attributes
                0x00000710       0x1d c:/program files (x86)/gnu arm embedded toolchain/10 2021.10/bin/../lib/gcc/arm-none-eabi/10.3.1/thumb/v7-m/nofp\libgcc.a(_arm_cmpdf2.o)
 .ARM.attributes
                0x0000072d       0x1d c:/program files (x86)/gnu arm embedded toolchain/10 2021.10/bin/../lib/gcc/arm-none-eabi/10.3.1/thumb/v7-m/nofp\libgcc.a(_arm_fixunsdfsi.o)
 .ARM.attributes
                0x0000074a       0x1d c:/program files (x86)/gnu arm embedded toolchain/10 2021.10/bin/../lib/gcc/arm-none-eabi/10.3.1/thumb/v7-m/nofp\libgcc.a(_arm_addsubsf3.o)
 .ARM.attributes
                0x00000767       0x1d c:/program files (x86)/gnu arm embedded toolchain/10 2021.10/bin/../lib/gcc/arm-none-eabi/10.3.1/thumb/v7-m/nofp\libgcc.a(_arm_muldivsf3.o)
 .ARM.attributes
                0x00000784       0x1d c:/program files (x86)/gnu arm embedded toolchain/10 2021.10/bin/../lib/gcc/arm-none-eabi/10.3.1/thumb/v7-m/nofp\libgcc.a(_arm_cmpsf2.o)
 .ARM.attributes
                0x000007a1       0x1d c:/program files (x86)/gnu arm embedded toolchain/10 2021.10/bin/../lib/gcc/arm-none-eabi/10.3.1/thumb/v7-m/nofp\libgcc.a(_arm_fixunssfsi.o)
 .ARM.attributes
                0x000007be       0x1d c:/program files (x86)/gnu arm embedded toolchain/10 2021.10/bin/../lib/gcc/arm-none-eabi/10.3.1/thumb/v7-m/nofp/crtn.o
OUTPUT(build/Test.elf elf32-littlearm)
LOAD linker stubs
LOAD c:/program files (x86)/gnu arm embedded toolchain/10 2021.10/bin/../lib/gcc/arm-none-eabi/10.3.1/../../../../arm-none-eabi/lib/thumb/v7-m/nofp\libc.a
LOAD c:/program files (x86)/gnu arm embedded toolchain/10 2021.10/bin/../lib/gcc/arm-none-eabi/10.3.1/../../../../arm-none-eabi/lib/thumb/v7-m/nofp\libm.a
LOAD c:/program files (x86)/gnu arm embedded toolchain/10 2021.10/bin/../lib/gcc/arm-none-eabi/10.3.1/thumb/v7-m/nofp\libgcc.a

.debug_info     0x00000000    0x11334
 .debug_info    0x00000000      0xfa9 build/main.o
 .debug_info    0x00000fa9      0x366 build/gpio.o
 .debug_info    0x0000130f      0xbc4 build/i2c.o
 .debug_info    0x00001ed3      0x90b build/usart.o
 .debug_info    0x000027de     0x11a1 build/max30102.o
 .debug_info    0x0000397f      0x800 build/debug.o
 .debug_info    0x0000417f     0x1429 build/oled.o
 .debug_info    0x000055a8      0x77a build/stm32f1xx_it.o
 .debug_info    0x00005d22      0x238 build/stm32f1xx_hal_msp.o
 .debug_info    0x00005f5a     0x3ca0 build/stm32f1xx_hal_i2c.o
 .debug_info    0x00009bfa      0x855 build/stm32f1xx_hal.o
 .debug_info    0x0000a44f      0xaf0 build/stm32f1xx_hal_rcc.o
 .debug_info    0x0000af3f      0x6d7 build/stm32f1xx_hal_gpio.o
 .debug_info    0x0000b616      0x8c0 build/stm32f1xx_hal_dma.o
 .debug_info    0x0000bed6      0xe2d build/stm32f1xx_hal_cortex.o
 .debug_info    0x0000cd03     0x43a1 build/stm32f1xx_hal_uart.o
 .debug_info    0x000110a4      0x26e build/system_stm32f1xx.o
 .debug_info    0x00011312       0x22 build/startup_stm32f103xb.o

.debug_abbrev   0x00000000     0x2522
 .debug_abbrev  0x00000000      0x260 build/main.o
 .debug_abbrev  0x00000260      0x13f build/gpio.o
 .debug_abbrev  0x0000039f      0x1ce build/i2c.o
 .debug_abbrev  0x0000056d      0x1cc build/usart.o
 .debug_abbrev  0x00000739      0x2a6 build/max30102.o
 .debug_abbrev  0x000009df      0x20c build/debug.o
 .debug_abbrev  0x00000beb      0x2ff build/oled.o
 .debug_abbrev  0x00000eea      0x157 build/stm32f1xx_it.o
 .debug_abbrev  0x00001041       0xe7 build/stm32f1xx_hal_msp.o
 .debug_abbrev  0x00001128      0x306 build/stm32f1xx_hal_i2c.o
 .debug_abbrev  0x0000142e      0x1f7 build/stm32f1xx_hal.o
 .debug_abbrev  0x00001625      0x2b8 build/stm32f1xx_hal_rcc.o
 .debug_abbrev  0x000018dd      0x222 build/stm32f1xx_hal_gpio.o
 .debug_abbrev  0x00001aff      0x244 build/stm32f1xx_hal_dma.o
 .debug_abbrev  0x00001d43      0x359 build/stm32f1xx_hal_cortex.o
 .debug_abbrev  0x0000209c      0x334 build/stm32f1xx_hal_uart.o
 .debug_abbrev  0x000023d0      0x140 build/system_stm32f1xx.o
 .debug_abbrev  0x00002510       0x12 build/startup_stm32f103xb.o

.debug_loc      0x00000000     0xd18c
 .debug_loc     0x00000000      0x14e build/main.o
 .debug_loc     0x0000014e       0x38 build/gpio.o
 .debug_loc     0x00000186      0x162 build/i2c.o
 .debug_loc     0x000002e8      0x108 build/usart.o
 .debug_loc     0x000003f0      0x597 build/max30102.o
 .debug_loc     0x00000987      0x129 build/debug.o
 .debug_loc     0x00000ab0      0x8e1 build/oled.o
 .debug_loc     0x00001391       0x60 build/stm32f1xx_it.o
 .debug_loc     0x000013f1       0x41 build/stm32f1xx_hal_msp.o
 .debug_loc     0x00001432     0x4e5a build/stm32f1xx_hal_i2c.o
 .debug_loc     0x0000628c      0x1e1 build/stm32f1xx_hal.o
 .debug_loc     0x0000646d      0x790 build/stm32f1xx_hal_rcc.o
 .debug_loc     0x00006bfd      0x551 build/stm32f1xx_hal_gpio.o
 .debug_loc     0x0000714e      0x901 build/stm32f1xx_hal_dma.o
 .debug_loc     0x00007a4f      0x77f build/stm32f1xx_hal_cortex.o
 .debug_loc     0x000081ce     0x4ebf build/stm32f1xx_hal_uart.o
 .debug_loc     0x0000d08d       0xff build/system_stm32f1xx.o

.debug_aranges  0x00000000      0xa60
 .debug_aranges
                0x00000000       0x40 build/main.o
 .debug_aranges
                0x00000040       0x20 build/gpio.o
 .debug_aranges
                0x00000060       0x38 build/i2c.o
 .debug_aranges
                0x00000098       0x30 build/usart.o
 .debug_aranges
                0x000000c8       0x80 build/max30102.o
 .debug_aranges
                0x00000148       0x38 build/debug.o
 .debug_aranges
                0x00000180       0x78 build/oled.o
 .debug_aranges
                0x000001f8       0x70 build/stm32f1xx_it.o
 .debug_aranges
                0x00000268       0x20 build/stm32f1xx_hal_msp.o
 .debug_aranges
                0x00000288      0x2a8 build/stm32f1xx_hal_i2c.o
 .debug_aranges
                0x00000530       0xe0 build/stm32f1xx_hal.o
 .debug_aranges
                0x00000610       0x90 build/stm32f1xx_hal_rcc.o
 .debug_aranges
                0x000006a0       0x58 build/stm32f1xx_hal_gpio.o
 .debug_aranges
                0x000006f8       0x80 build/stm32f1xx_hal_dma.o
 .debug_aranges
                0x00000778       0x90 build/stm32f1xx_hal_cortex.o
 .debug_aranges
                0x00000808      0x208 build/stm32f1xx_hal_uart.o
 .debug_aranges
                0x00000a10       0x28 build/system_stm32f1xx.o
 .debug_aranges
                0x00000a38       0x28 build/startup_stm32f103xb.o

.debug_ranges   0x00000000      0xa28
 .debug_ranges  0x00000000       0x48 build/main.o
 .debug_ranges  0x00000048       0x10 build/gpio.o
 .debug_ranges  0x00000058       0x28 build/i2c.o
 .debug_ranges  0x00000080       0x20 build/usart.o
 .debug_ranges  0x000000a0       0x88 build/max30102.o
 .debug_ranges  0x00000128       0x28 build/debug.o
 .debug_ranges  0x00000150       0x68 build/oled.o
 .debug_ranges  0x000001b8       0x60 build/stm32f1xx_it.o
 .debug_ranges  0x00000218       0x10 build/stm32f1xx_hal_msp.o
 .debug_ranges  0x00000228      0x2b0 build/stm32f1xx_hal_i2c.o
 .debug_ranges  0x000004d8       0xd0 build/stm32f1xx_hal.o
 .debug_ranges  0x000005a8       0xa0 build/stm32f1xx_hal_rcc.o
 .debug_ranges  0x00000648       0x48 build/stm32f1xx_hal_gpio.o
 .debug_ranges  0x00000690       0x70 build/stm32f1xx_hal_dma.o
 .debug_ranges  0x00000700       0xe0 build/stm32f1xx_hal_cortex.o
 .debug_ranges  0x000007e0      0x210 build/stm32f1xx_hal_uart.o
 .debug_ranges  0x000009f0       0x18 build/system_stm32f1xx.o
 .debug_ranges  0x00000a08       0x20 build/startup_stm32f103xb.o

.debug_line     0x00000000     0xea5d
 .debug_line    0x00000000      0x44b build/main.o
 .debug_line    0x0000044b      0x1e9 build/gpio.o
 .debug_line    0x00000634      0x3ad build/i2c.o
 .debug_line    0x000009e1      0x2eb build/usart.o
 .debug_line    0x00000ccc      0x7e3 build/max30102.o
 .debug_line    0x000014af      0x358 build/debug.o
 .debug_line    0x00001807      0xa19 build/oled.o
 .debug_line    0x00002220      0x2fc build/stm32f1xx_it.o
 .debug_line    0x0000251c      0x174 build/stm32f1xx_hal_msp.o
 .debug_line    0x00002690     0x55e8 build/stm32f1xx_hal_i2c.o
 .debug_line    0x00007c78      0x526 build/stm32f1xx_hal.o
 .debug_line    0x0000819e      0xc16 build/stm32f1xx_hal_rcc.o
 .debug_line    0x00008db4      0x5d9 build/stm32f1xx_hal_gpio.o
 .debug_line    0x0000938d      0xa52 build/stm32f1xx_hal_dma.o
 .debug_line    0x00009ddf      0x631 build/stm32f1xx_hal_cortex.o
 .debug_line    0x0000a410     0x439b build/stm32f1xx_hal_uart.o
 .debug_line    0x0000e7ab      0x23e build/system_stm32f1xx.o
 .debug_line    0x0000e9e9       0x74 build/startup_stm32f103xb.o

.debug_str      0x00000000     0x2e44
 .debug_str     0x00000000      0xaf4 build/main.o
                                0xba5 (size before relaxing)
 .debug_str     0x00000af4       0x9c build/gpio.o
                                0x247 (size before relaxing)
 .debug_str     0x00000b90      0x2ca build/i2c.o
                                0x9fa (size before relaxing)
 .debug_str     0x00000e5a       0x55 build/usart.o
                                0x68a (size before relaxing)
 .debug_str     0x00000eaf      0x235 build/max30102.o
                                0x877 (size before relaxing)
 .debug_str     0x000010e4       0xa4 build/debug.o
                                0x61e (size before relaxing)
 .debug_str     0x00001188      0x128 build/oled.o
                                0x773 (size before relaxing)
 .debug_str     0x000012b0       0xf0 build/stm32f1xx_it.o
                                0x6c4 (size before relaxing)
 .debug_str     0x000013a0       0x57 build/stm32f1xx_hal_msp.o
                                0x1e9 (size before relaxing)
 .debug_str     0x000013f7      0x8cf build/stm32f1xx_hal_i2c.o
                                0xf8f (size before relaxing)
 .debug_str     0x00001cc6      0x2d9 build/stm32f1xx_hal.o
                                0x7ee (size before relaxing)
 .debug_str     0x00001f9f      0x1ed build/stm32f1xx_hal_rcc.o
                                0x5f5 (size before relaxing)
 .debug_str     0x0000218c       0xee build/stm32f1xx_hal_gpio.o
                                0x3ca (size before relaxing)
 .debug_str     0x0000227a      0x204 build/stm32f1xx_hal_dma.o
                                0x5c7 (size before relaxing)
 .debug_str     0x0000247e      0x386 build/stm32f1xx_hal_cortex.o
                                0x89d (size before relaxing)
 .debug_str     0x00002804      0x5cd build/stm32f1xx_hal_uart.o
                                0xcbe (size before relaxing)
 .debug_str     0x00002dd1       0x4f build/system_stm32f1xx.o
                                0x21e (size before relaxing)
 .debug_str     0x00002e20       0x24 build/startup_stm32f103xb.o
                                 0x3d (size before relaxing)

.comment        0x00000000       0x49
 .comment       0x00000000       0x49 build/main.o
                                 0x4a (size before relaxing)
 .comment       0x00000049       0x4a build/gpio.o
 .comment       0x00000049       0x4a build/i2c.o
 .comment       0x00000049       0x4a build/usart.o
 .comment       0x00000049       0x4a build/max30102.o
 .comment       0x00000049       0x4a build/debug.o
 .comment       0x00000049       0x4a build/oled.o
 .comment       0x00000049       0x4a build/stm32f1xx_it.o
 .comment       0x00000049       0x4a build/stm32f1xx_hal_msp.o
 .comment       0x00000049       0x4a build/stm32f1xx_hal_i2c.o
 .comment       0x00000049       0x4a build/stm32f1xx_hal.o
 .comment       0x00000049       0x4a build/stm32f1xx_hal_rcc.o
 .comment       0x00000049       0x4a build/stm32f1xx_hal_gpio.o
 .comment       0x00000049       0x4a build/stm32f1xx_hal_dma.o
 .comment       0x00000049       0x4a build/stm32f1xx_hal_cortex.o
 .comment       0x00000049       0x4a build/stm32f1xx_hal_uart.o
 .comment       0x00000049       0x4a build/system_stm32f1xx.o

.debug_frame    0x00000000     0x2520
 .debug_frame   0x00000000       0x8c build/main.o
 .debug_frame   0x0000008c       0x34 build/gpio.o
 .debug_frame   0x000000c0       0x78 build/i2c.o
 .debug_frame   0x00000138       0x60 build/usart.o
 .debug_frame   0x00000198      0x194 build/max30102.o
 .debug_frame   0x0000032c       0x94 build/debug.o
 .debug_frame   0x000003c0      0x14c build/oled.o
 .debug_frame   0x0000050c       0xd8 build/stm32f1xx_it.o
 .debug_frame   0x000005e4       0x28 build/stm32f1xx_hal_msp.o
 .debug_frame   0x0000060c      0x984 build/stm32f1xx_hal_i2c.o
 .debug_frame   0x00000f90      0x1cc build/stm32f1xx_hal.o
 .debug_frame   0x0000115c      0x184 build/stm32f1xx_hal_rcc.o
 .debug_frame   0x000012e0       0xe4 build/stm32f1xx_hal_gpio.o
 .debug_frame   0x000013c4      0x144 build/stm32f1xx_hal_dma.o
 .debug_frame   0x00001508      0x118 build/stm32f1xx_hal_cortex.o
 .debug_frame   0x00001620      0x5d8 build/stm32f1xx_hal_uart.o
 .debug_frame   0x00001bf8       0x30 build/system_stm32f1xx.o
 .debug_frame   0x00001c28       0x2c c:/program files (x86)/gnu arm embedded toolchain/10 2021.10/bin/../lib/gcc/arm-none-eabi/10.3.1/../../../../arm-none-eabi/lib/thumb/v7-m/nofp\libc_nano.a(lib_a-init.o)
 .debug_frame   0x00001c54       0x20 c:/program files (x86)/gnu arm embedded toolchain/10 2021.10/bin/../lib/gcc/arm-none-eabi/10.3.1/../../../../arm-none-eabi/lib/thumb/v7-m/nofp\libc_nano.a(lib_a-memset.o)
 .debug_frame   0x00001c74       0x3c c:/program files (x86)/gnu arm embedded toolchain/10 2021.10/bin/../lib/gcc/arm-none-eabi/10.3.1/../../../../arm-none-eabi/lib/thumb/v7-m/nofp\libc_nano.a(lib_a-vsprintf.o)
 .debug_frame   0x00001cb0       0x38 c:/program files (x86)/gnu arm embedded toolchain/10 2021.10/bin/../lib/gcc/arm-none-eabi/10.3.1/../../../../arm-none-eabi/lib/thumb/v7-m/nofp\libc_nano.a(lib_a-nano-freer.o)
 .debug_frame   0x00001ce8       0x4c c:/program files (x86)/gnu arm embedded toolchain/10 2021.10/bin/../lib/gcc/arm-none-eabi/10.3.1/../../../../arm-none-eabi/lib/thumb/v7-m/nofp\libc_nano.a(lib_a-nano-mallocr.o)
 .debug_frame   0x00001d34       0x90 c:/program files (x86)/gnu arm embedded toolchain/10 2021.10/bin/../lib/gcc/arm-none-eabi/10.3.1/../../../../arm-none-eabi/lib/thumb/v7-m/nofp\libc_nano.a(lib_a-nano-svfprintf.o)
 .debug_frame   0x00001dc4       0x60 c:/program files (x86)/gnu arm embedded toolchain/10 2021.10/bin/../lib/gcc/arm-none-eabi/10.3.1/../../../../arm-none-eabi/lib/thumb/v7-m/nofp\libc_nano.a(lib_a-nano-vfprintf_i.o)
 .debug_frame   0x00001e24       0x2c c:/program files (x86)/gnu arm embedded toolchain/10 2021.10/bin/../lib/gcc/arm-none-eabi/10.3.1/../../../../arm-none-eabi/lib/thumb/v7-m/nofp\libc_nano.a(lib_a-sbrkr.o)
 .debug_frame   0x00001e50      0x14c c:/program files (x86)/gnu arm embedded toolchain/10 2021.10/bin/../lib/gcc/arm-none-eabi/10.3.1/../../../../arm-none-eabi/lib/thumb/v7-m/nofp\libc_nano.a(lib_a-findfp.o)
 .debug_frame   0x00001f9c       0xb0 c:/program files (x86)/gnu arm embedded toolchain/10 2021.10/bin/../lib/gcc/arm-none-eabi/10.3.1/../../../../arm-none-eabi/lib/thumb/v7-m/nofp\libc_nano.a(lib_a-lock.o)
 .debug_frame   0x0000204c       0x28 c:/program files (x86)/gnu arm embedded toolchain/10 2021.10/bin/../lib/gcc/arm-none-eabi/10.3.1/../../../../arm-none-eabi/lib/thumb/v7-m/nofp\libc_nano.a(lib_a-memchr-stub.o)
 .debug_frame   0x00002074       0x28 c:/program files (x86)/gnu arm embedded toolchain/10 2021.10/bin/../lib/gcc/arm-none-eabi/10.3.1/../../../../arm-none-eabi/lib/thumb/v7-m/nofp\libc_nano.a(lib_a-memcpy-stub.o)
 .debug_frame   0x0000209c       0x28 c:/program files (x86)/gnu arm embedded toolchain/10 2021.10/bin/../lib/gcc/arm-none-eabi/10.3.1/../../../../arm-none-eabi/lib/thumb/v7-m/nofp\libc_nano.a(lib_a-memmove.o)
 .debug_frame   0x000020c4       0x30 c:/program files (x86)/gnu arm embedded toolchain/10 2021.10/bin/../lib/gcc/arm-none-eabi/10.3.1/../../../../arm-none-eabi/lib/thumb/v7-m/nofp\libc_nano.a(lib_a-mlock.o)
 .debug_frame   0x000020f4       0x3c c:/program files (x86)/gnu arm embedded toolchain/10 2021.10/bin/../lib/gcc/arm-none-eabi/10.3.1/../../../../arm-none-eabi/lib/thumb/v7-m/nofp\libc_nano.a(lib_a-nano-reallocr.o)
 .debug_frame   0x00002130       0x5c c:/program files (x86)/gnu arm embedded toolchain/10 2021.10/bin/../lib/gcc/arm-none-eabi/10.3.1/../../../../arm-none-eabi/lib/thumb/v7-m/nofp\libc_nano.a(lib_a-reent.o)
 .debug_frame   0x0000218c       0x20 c:/program files (x86)/gnu arm embedded toolchain/10 2021.10/bin/../lib/gcc/arm-none-eabi/10.3.1/../../../../arm-none-eabi/lib/thumb/v7-m/nofp\libc_nano.a(lib_a-nano-msizer.o)
 .debug_frame   0x000021ac       0x20 c:/program files (x86)/gnu arm embedded toolchain/10 2021.10/bin/../lib/gcc/arm-none-eabi/10.3.1/../../../../arm-none-eabi/lib/thumb/v7-m/nofp\libnosys.a(sbrk.o)
 .debug_frame   0x000021cc       0xac c:/program files (x86)/gnu arm embedded toolchain/10 2021.10/bin/../lib/gcc/arm-none-eabi/10.3.1/thumb/v7-m/nofp\libgcc.a(_arm_addsubdf3.o)
 .debug_frame   0x00002278       0x50 c:/program files (x86)/gnu arm embedded toolchain/10 2021.10/bin/../lib/gcc/arm-none-eabi/10.3.1/thumb/v7-m/nofp\libgcc.a(_arm_muldivdf3.o)
 .debug_frame   0x000022c8       0xc4 c:/program files (x86)/gnu arm embedded toolchain/10 2021.10/bin/../lib/gcc/arm-none-eabi/10.3.1/thumb/v7-m/nofp\libgcc.a(_arm_cmpdf2.o)
 .debug_frame   0x0000238c       0x24 c:/program files (x86)/gnu arm embedded toolchain/10 2021.10/bin/../lib/gcc/arm-none-eabi/10.3.1/thumb/v7-m/nofp\libgcc.a(_arm_fixunsdfsi.o)
 .debug_frame   0x000023b0       0x4c c:/program files (x86)/gnu arm embedded toolchain/10 2021.10/bin/../lib/gcc/arm-none-eabi/10.3.1/thumb/v7-m/nofp\libgcc.a(_arm_addsubsf3.o)
 .debug_frame   0x000023fc       0x38 c:/program files (x86)/gnu arm embedded toolchain/10 2021.10/bin/../lib/gcc/arm-none-eabi/10.3.1/thumb/v7-m/nofp\libgcc.a(_arm_muldivsf3.o)
 .debug_frame   0x00002434       0xc8 c:/program files (x86)/gnu arm embedded toolchain/10 2021.10/bin/../lib/gcc/arm-none-eabi/10.3.1/thumb/v7-m/nofp\libgcc.a(_arm_cmpsf2.o)
 .debug_frame   0x000024fc       0x24 c:/program files (x86)/gnu arm embedded toolchain/10 2021.10/bin/../lib/gcc/arm-none-eabi/10.3.1/thumb/v7-m/nofp\libgcc.a(_arm_fixunssfsi.o)

.stabstr        0x00000000      0x1b9
 .stabstr       0x00000000      0x1b9 c:/program files (x86)/gnu arm embedded toolchain/10 2021.10/bin/../lib/gcc/arm-none-eabi/10.3.1/../../../../arm-none-eabi/lib/thumb/v7-m/nofp\libnosys.a(close.o)

Cross Reference Table

Symbol                                            File
ADC1_2_IRQHandler                                 build/startup_stm32f103xb.o
AHBPrescTable                                     build/system_stm32f1xx.o
                                                  build/stm32f1xx_hal_rcc.o
APBPrescTable                                     build/system_stm32f1xx.o
                                                  build/stm32f1xx_hal_rcc.o
BusFault_Handler                                  build/stm32f1xx_it.o
CAN1_RX1_IRQHandler                               build/startup_stm32f103xb.o
CAN1_SCE_IRQHandler                               build/startup_stm32f103xb.o
DMA1_Channel1_IRQHandler                          build/startup_stm32f103xb.o
DMA1_Channel2_IRQHandler                          build/startup_stm32f103xb.o
DMA1_Channel3_IRQHandler                          build/startup_stm32f103xb.o
DMA1_Channel4_IRQHandler                          build/startup_stm32f103xb.o
DMA1_Channel5_IRQHandler                          build/startup_stm32f103xb.o
DMA1_Channel6_IRQHandler                          build/startup_stm32f103xb.o
DMA1_Channel7_IRQHandler                          build/startup_stm32f103xb.o
DebugMon_Handler                                  build/stm32f1xx_it.o
Debug_Init                                        build/debug.o
                                                  build/main.o
Default_Handler                                   build/startup_stm32f103xb.o
EXTI0_IRQHandler                                  build/startup_stm32f103xb.o
EXTI15_10_IRQHandler                              build/startup_stm32f103xb.o
EXTI1_IRQHandler                                  build/startup_stm32f103xb.o
EXTI2_IRQHandler                                  build/startup_stm32f103xb.o
EXTI3_IRQHandler                                  build/startup_stm32f103xb.o
EXTI4_IRQHandler                                  build/startup_stm32f103xb.o
EXTI9_5_IRQHandler                                build/startup_stm32f103xb.o
Error_Handler                                     build/main.o
                                                  build/usart.o
                                                  build/i2c.o
F6x8                                              build/oled.o
FLASH_IRQHandler                                  build/startup_stm32f103xb.o
FLASH_PageErase                                   build/stm32f1xx_hal_flash_ex.o
                                                  build/stm32f1xx_hal_flash.o
FLASH_WaitForLastOperation                        build/stm32f1xx_hal_flash.o
                                                  build/stm32f1xx_hal_flash_ex.o
HAL_DBGMCU_DisableDBGSleepMode                    build/stm32f1xx_hal.o
HAL_DBGMCU_DisableDBGStandbyMode                  build/stm32f1xx_hal.o
HAL_DBGMCU_DisableDBGStopMode                     build/stm32f1xx_hal.o
HAL_DBGMCU_EnableDBGSleepMode                     build/stm32f1xx_hal.o
HAL_DBGMCU_EnableDBGStandbyMode                   build/stm32f1xx_hal.o
HAL_DBGMCU_EnableDBGStopMode                      build/stm32f1xx_hal.o
HAL_DMA_Abort                                     build/stm32f1xx_hal_dma.o
                                                  build/stm32f1xx_hal_uart.o
HAL_DMA_Abort_IT                                  build/stm32f1xx_hal_dma.o
                                                  build/stm32f1xx_hal_uart.o
                                                  build/stm32f1xx_hal_i2c.o
HAL_DMA_DeInit                                    build/stm32f1xx_hal_dma.o
HAL_DMA_GetError                                  build/stm32f1xx_hal_dma.o
                                                  build/stm32f1xx_hal_uart.o
HAL_DMA_GetState                                  build/stm32f1xx_hal_dma.o
                                                  build/stm32f1xx_hal_i2c.o
HAL_DMA_IRQHandler                                build/stm32f1xx_hal_dma.o
HAL_DMA_Init                                      build/stm32f1xx_hal_dma.o
HAL_DMA_PollForTransfer                           build/stm32f1xx_hal_dma.o
HAL_DMA_RegisterCallback                          build/stm32f1xx_hal_dma.o
HAL_DMA_Start                                     build/stm32f1xx_hal_dma.o
HAL_DMA_Start_IT                                  build/stm32f1xx_hal_dma.o
                                                  build/stm32f1xx_hal_uart.o
                                                  build/stm32f1xx_hal_i2c.o
HAL_DMA_UnRegisterCallback                        build/stm32f1xx_hal_dma.o
HAL_DeInit                                        build/stm32f1xx_hal.o
HAL_Delay                                         build/stm32f1xx_hal.o
                                                  build/main.o
HAL_EXTI_ClearConfigLine                          build/stm32f1xx_hal_exti.o
HAL_EXTI_ClearPending                             build/stm32f1xx_hal_exti.o
HAL_EXTI_GenerateSWI                              build/stm32f1xx_hal_exti.o
HAL_EXTI_GetConfigLine                            build/stm32f1xx_hal_exti.o
HAL_EXTI_GetHandle                                build/stm32f1xx_hal_exti.o
HAL_EXTI_GetPending                               build/stm32f1xx_hal_exti.o
HAL_EXTI_IRQHandler                               build/stm32f1xx_hal_exti.o
HAL_EXTI_RegisterCallback                         build/stm32f1xx_hal_exti.o
HAL_EXTI_SetConfigLine                            build/stm32f1xx_hal_exti.o
HAL_FLASHEx_Erase                                 build/stm32f1xx_hal_flash_ex.o
HAL_FLASHEx_Erase_IT                              build/stm32f1xx_hal_flash_ex.o
HAL_FLASHEx_OBErase                               build/stm32f1xx_hal_flash_ex.o
HAL_FLASHEx_OBGetConfig                           build/stm32f1xx_hal_flash_ex.o
HAL_FLASHEx_OBGetUserData                         build/stm32f1xx_hal_flash_ex.o
HAL_FLASHEx_OBProgram                             build/stm32f1xx_hal_flash_ex.o
HAL_FLASH_EndOfOperationCallback                  build/stm32f1xx_hal_flash.o
HAL_FLASH_GetError                                build/stm32f1xx_hal_flash.o
HAL_FLASH_IRQHandler                              build/stm32f1xx_hal_flash.o
HAL_FLASH_Lock                                    build/stm32f1xx_hal_flash.o
HAL_FLASH_OB_Launch                               build/stm32f1xx_hal_flash.o
HAL_FLASH_OB_Lock                                 build/stm32f1xx_hal_flash.o
HAL_FLASH_OB_Unlock                               build/stm32f1xx_hal_flash.o
HAL_FLASH_OperationErrorCallback                  build/stm32f1xx_hal_flash.o
HAL_FLASH_Program                                 build/stm32f1xx_hal_flash.o
HAL_FLASH_Program_IT                              build/stm32f1xx_hal_flash.o
HAL_FLASH_Unlock                                  build/stm32f1xx_hal_flash.o
HAL_GPIOEx_ConfigEventout                         build/stm32f1xx_hal_gpio_ex.o
HAL_GPIOEx_DisableEventout                        build/stm32f1xx_hal_gpio_ex.o
HAL_GPIOEx_EnableEventout                         build/stm32f1xx_hal_gpio_ex.o
HAL_GPIO_DeInit                                   build/stm32f1xx_hal_gpio.o
                                                  build/usart.o
                                                  build/i2c.o
HAL_GPIO_EXTI_Callback                            build/stm32f1xx_hal_gpio.o
HAL_GPIO_EXTI_IRQHandler                          build/stm32f1xx_hal_gpio.o
HAL_GPIO_Init                                     build/stm32f1xx_hal_gpio.o
                                                  build/stm32f1xx_hal_rcc.o
                                                  build/usart.o
                                                  build/i2c.o
                                                  build/gpio.o
HAL_GPIO_LockPin                                  build/stm32f1xx_hal_gpio.o
HAL_GPIO_ReadPin                                  build/stm32f1xx_hal_gpio.o
                                                  build/main.o
HAL_GPIO_TogglePin                                build/stm32f1xx_hal_gpio.o
                                                  build/main.o
HAL_GPIO_WritePin                                 build/stm32f1xx_hal_gpio.o
                                                  build/gpio.o
HAL_GetDEVID                                      build/stm32f1xx_hal.o
HAL_GetHalVersion                                 build/stm32f1xx_hal.o
HAL_GetREVID                                      build/stm32f1xx_hal.o
HAL_GetTick                                       build/stm32f1xx_hal.o
                                                  build/stm32f1xx_hal_uart.o
                                                  build/stm32f1xx_hal_flash.o
                                                  build/stm32f1xx_hal_dma.o
                                                  build/stm32f1xx_hal_rcc_ex.o
                                                  build/stm32f1xx_hal_rcc.o
                                                  build/stm32f1xx_hal_i2c.o
                                                  build/helperFunc.o
HAL_GetTickFreq                                   build/stm32f1xx_hal.o
HAL_GetTickPrio                                   build/stm32f1xx_hal.o
HAL_GetUIDw0                                      build/stm32f1xx_hal.o
HAL_GetUIDw1                                      build/stm32f1xx_hal.o
HAL_GetUIDw2                                      build/stm32f1xx_hal.o
HAL_HalfDuplex_EnableReceiver                     build/stm32f1xx_hal_uart.o
HAL_HalfDuplex_EnableTransmitter                  build/stm32f1xx_hal_uart.o
HAL_HalfDuplex_Init                               build/stm32f1xx_hal_uart.o
HAL_I2C_AbortCpltCallback                         build/stm32f1xx_hal_i2c.o
HAL_I2C_AddrCallback                              build/stm32f1xx_hal_i2c.o
HAL_I2C_DeInit                                    build/stm32f1xx_hal_i2c.o
HAL_I2C_DisableListen_IT                          build/stm32f1xx_hal_i2c.o
HAL_I2C_ER_IRQHandler                             build/stm32f1xx_hal_i2c.o
HAL_I2C_EV_IRQHandler                             build/stm32f1xx_hal_i2c.o
                                                  build/stm32f1xx_it.o
HAL_I2C_EnableListen_IT                           build/stm32f1xx_hal_i2c.o
HAL_I2C_ErrorCallback                             build/stm32f1xx_hal_i2c.o
HAL_I2C_GetError                                  build/stm32f1xx_hal_i2c.o
HAL_I2C_GetMode                                   build/stm32f1xx_hal_i2c.o
HAL_I2C_GetState                                  build/stm32f1xx_hal_i2c.o
HAL_I2C_Init                                      build/stm32f1xx_hal_i2c.o
                                                  build/i2c.o
HAL_I2C_IsDeviceReady                             build/stm32f1xx_hal_i2c.o
HAL_I2C_ListenCpltCallback                        build/stm32f1xx_hal_i2c.o
HAL_I2C_MasterRxCpltCallback                      build/stm32f1xx_hal_i2c.o
HAL_I2C_MasterTxCpltCallback                      build/stm32f1xx_hal_i2c.o
HAL_I2C_Master_Abort_IT                           build/stm32f1xx_hal_i2c.o
HAL_I2C_Master_Receive                            build/stm32f1xx_hal_i2c.o
HAL_I2C_Master_Receive_DMA                        build/stm32f1xx_hal_i2c.o
HAL_I2C_Master_Receive_IT                         build/stm32f1xx_hal_i2c.o
HAL_I2C_Master_Seq_Receive_DMA                    build/stm32f1xx_hal_i2c.o
HAL_I2C_Master_Seq_Receive_IT                     build/stm32f1xx_hal_i2c.o
HAL_I2C_Master_Seq_Transmit_DMA                   build/stm32f1xx_hal_i2c.o
HAL_I2C_Master_Seq_Transmit_IT                    build/stm32f1xx_hal_i2c.o
HAL_I2C_Master_Transmit                           build/stm32f1xx_hal_i2c.o
HAL_I2C_Master_Transmit_DMA                       build/stm32f1xx_hal_i2c.o
HAL_I2C_Master_Transmit_IT                        build/stm32f1xx_hal_i2c.o
HAL_I2C_MemRxCpltCallback                         build/stm32f1xx_hal_i2c.o
HAL_I2C_MemTxCpltCallback                         build/oled.o
HAL_I2C_Mem_Read                                  build/stm32f1xx_hal_i2c.o
                                                  build/max30102.o
HAL_I2C_Mem_Read_DMA                              build/stm32f1xx_hal_i2c.o
HAL_I2C_Mem_Read_IT                               build/stm32f1xx_hal_i2c.o
HAL_I2C_Mem_Write                                 build/stm32f1xx_hal_i2c.o
                                                  build/oled.o
                                                  build/max30102.o
HAL_I2C_Mem_Write_DMA                             build/stm32f1xx_hal_i2c.o
HAL_I2C_Mem_Write_IT                              build/stm32f1xx_hal_i2c.o
                                                  build/oled.o
HAL_I2C_MspDeInit                                 build/i2c.o
HAL_I2C_MspInit                                   build/i2c.o
HAL_I2C_SlaveRxCpltCallback                       build/stm32f1xx_hal_i2c.o
HAL_I2C_SlaveTxCpltCallback                       build/stm32f1xx_hal_i2c.o
HAL_I2C_Slave_Receive                             build/stm32f1xx_hal_i2c.o
HAL_I2C_Slave_Receive_DMA                         build/stm32f1xx_hal_i2c.o
HAL_I2C_Slave_Receive_IT                          build/stm32f1xx_hal_i2c.o
HAL_I2C_Slave_Seq_Receive_DMA                     build/stm32f1xx_hal_i2c.o
HAL_I2C_Slave_Seq_Receive_IT                      build/stm32f1xx_hal_i2c.o
HAL_I2C_Slave_Seq_Transmit_DMA                    build/stm32f1xx_hal_i2c.o
HAL_I2C_Slave_Seq_Transmit_IT                     build/stm32f1xx_hal_i2c.o
HAL_I2C_Slave_Transmit                            build/stm32f1xx_hal_i2c.o
HAL_I2C_Slave_Transmit_DMA                        build/stm32f1xx_hal_i2c.o
HAL_I2C_Slave_Transmit_IT                         build/stm32f1xx_hal_i2c.o
HAL_IncTick                                       build/stm32f1xx_hal.o
                                                  build/stm32f1xx_it.o
HAL_Init                                          build/stm32f1xx_hal.o
                                                  build/main.o
HAL_InitTick                                      build/stm32f1xx_hal.o
                                                  build/stm32f1xx_hal_rcc.o
HAL_LIN_Init                                      build/stm32f1xx_hal_uart.o
HAL_LIN_SendBreak                                 build/stm32f1xx_hal_uart.o
HAL_MspDeInit                                     build/stm32f1xx_hal.o
HAL_MspInit                                       build/stm32f1xx_hal_msp.o
HAL_MultiProcessor_EnterMuteMode                  build/stm32f1xx_hal_uart.o
HAL_MultiProcessor_ExitMuteMode                   build/stm32f1xx_hal_uart.o
HAL_MultiProcessor_Init                           build/stm32f1xx_hal_uart.o
HAL_NVIC_ClearPendingIRQ                          build/stm32f1xx_hal_cortex.o
HAL_NVIC_DisableIRQ                               build/stm32f1xx_hal_cortex.o
                                                  build/i2c.o
HAL_NVIC_EnableIRQ                                build/stm32f1xx_hal_cortex.o
                                                  build/main.o
HAL_NVIC_GetActive                                build/stm32f1xx_hal_cortex.o
HAL_NVIC_GetPendingIRQ                            build/stm32f1xx_hal_cortex.o
HAL_NVIC_GetPriority                              build/stm32f1xx_hal_cortex.o
HAL_NVIC_GetPriorityGrouping                      build/stm32f1xx_hal_cortex.o
HAL_NVIC_SetPendingIRQ                            build/stm32f1xx_hal_cortex.o
HAL_NVIC_SetPriority                              build/stm32f1xx_hal_cortex.o
                                                  build/stm32f1xx_hal.o
                                                  build/main.o
HAL_NVIC_SetPriorityGrouping                      build/stm32f1xx_hal_cortex.o
                                                  build/stm32f1xx_hal.o
HAL_NVIC_SystemReset                              build/stm32f1xx_hal_cortex.o
                                                  build/stm32f1xx_hal_flash.o
                                                  build/debug.o
HAL_PWR_ConfigPVD                                 build/stm32f1xx_hal_pwr.o
HAL_PWR_DeInit                                    build/stm32f1xx_hal_pwr.o
HAL_PWR_DisableBkUpAccess                         build/stm32f1xx_hal_pwr.o
HAL_PWR_DisablePVD                                build/stm32f1xx_hal_pwr.o
HAL_PWR_DisableSEVOnPend                          build/stm32f1xx_hal_pwr.o
HAL_PWR_DisableSleepOnExit                        build/stm32f1xx_hal_pwr.o
HAL_PWR_DisableWakeUpPin                          build/stm32f1xx_hal_pwr.o
HAL_PWR_EnableBkUpAccess                          build/stm32f1xx_hal_pwr.o
HAL_PWR_EnablePVD                                 build/stm32f1xx_hal_pwr.o
HAL_PWR_EnableSEVOnPend                           build/stm32f1xx_hal_pwr.o
HAL_PWR_EnableSleepOnExit                         build/stm32f1xx_hal_pwr.o
HAL_PWR_EnableWakeUpPin                           build/stm32f1xx_hal_pwr.o
HAL_PWR_EnterSLEEPMode                            build/stm32f1xx_hal_pwr.o
HAL_PWR_EnterSTANDBYMode                          build/stm32f1xx_hal_pwr.o
HAL_PWR_EnterSTOPMode                             build/stm32f1xx_hal_pwr.o
HAL_PWR_PVDCallback                               build/stm32f1xx_hal_pwr.o
HAL_PWR_PVD_IRQHandler                            build/stm32f1xx_hal_pwr.o
HAL_RCCEx_GetPeriphCLKConfig                      build/stm32f1xx_hal_rcc_ex.o
HAL_RCCEx_GetPeriphCLKFreq                        build/stm32f1xx_hal_rcc_ex.o
HAL_RCCEx_PeriphCLKConfig                         build/stm32f1xx_hal_rcc_ex.o
HAL_RCC_CSSCallback                               build/stm32f1xx_hal_rcc.o
HAL_RCC_ClockConfig                               build/stm32f1xx_hal_rcc.o
                                                  build/main.o
HAL_RCC_DeInit                                    build/stm32f1xx_hal_rcc.o
HAL_RCC_DisableCSS                                build/stm32f1xx_hal_rcc.o
HAL_RCC_EnableCSS                                 build/stm32f1xx_hal_rcc.o
HAL_RCC_GetClockConfig                            build/stm32f1xx_hal_rcc.o
HAL_RCC_GetHCLKFreq                               build/stm32f1xx_hal_rcc.o
HAL_RCC_GetOscConfig                              build/stm32f1xx_hal_rcc.o
HAL_RCC_GetPCLK1Freq                              build/stm32f1xx_hal_rcc.o
                                                  build/stm32f1xx_hal_uart.o
                                                  build/stm32f1xx_hal_i2c.o
HAL_RCC_GetPCLK2Freq                              build/stm32f1xx_hal_rcc.o
                                                  build/stm32f1xx_hal_uart.o
                                                  build/stm32f1xx_hal_rcc_ex.o
HAL_RCC_GetSysClockFreq                           build/stm32f1xx_hal_rcc.o
HAL_RCC_MCOConfig                                 build/stm32f1xx_hal_rcc.o
HAL_RCC_NMI_IRQHandler                            build/stm32f1xx_hal_rcc.o
HAL_RCC_OscConfig                                 build/stm32f1xx_hal_rcc.o
                                                  build/main.o
HAL_ResumeTick                                    build/stm32f1xx_hal.o
HAL_SYSTICK_CLKSourceConfig                       build/stm32f1xx_hal_cortex.o
HAL_SYSTICK_Callback                              build/stm32f1xx_hal_cortex.o
HAL_SYSTICK_Config                                build/stm32f1xx_hal_cortex.o
                                                  build/stm32f1xx_hal.o
HAL_SYSTICK_IRQHandler                            build/stm32f1xx_hal_cortex.o
HAL_SetTickFreq                                   build/stm32f1xx_hal.o
HAL_SuspendTick                                   build/stm32f1xx_hal.o
HAL_UARTEx_GetRxEventType                         build/stm32f1xx_hal_uart.o
HAL_UARTEx_ReceiveToIdle                          build/stm32f1xx_hal_uart.o
HAL_UARTEx_ReceiveToIdle_DMA                      build/stm32f1xx_hal_uart.o
HAL_UARTEx_ReceiveToIdle_IT                       build/stm32f1xx_hal_uart.o
HAL_UARTEx_RxEventCallback                        build/stm32f1xx_hal_uart.o
HAL_UART_Abort                                    build/stm32f1xx_hal_uart.o
HAL_UART_AbortCpltCallback                        build/stm32f1xx_hal_uart.o
HAL_UART_AbortReceive                             build/stm32f1xx_hal_uart.o
HAL_UART_AbortReceiveCpltCallback                 build/stm32f1xx_hal_uart.o
HAL_UART_AbortReceive_IT                          build/stm32f1xx_hal_uart.o
HAL_UART_AbortTransmit                            build/stm32f1xx_hal_uart.o
HAL_UART_AbortTransmitCpltCallback                build/stm32f1xx_hal_uart.o
HAL_UART_AbortTransmit_IT                         build/stm32f1xx_hal_uart.o
HAL_UART_Abort_IT                                 build/stm32f1xx_hal_uart.o
HAL_UART_DMAPause                                 build/stm32f1xx_hal_uart.o
HAL_UART_DMAResume                                build/stm32f1xx_hal_uart.o
HAL_UART_DMAStop                                  build/stm32f1xx_hal_uart.o
HAL_UART_DeInit                                   build/stm32f1xx_hal_uart.o
HAL_UART_ErrorCallback                            build/stm32f1xx_hal_uart.o
HAL_UART_GetError                                 build/stm32f1xx_hal_uart.o
HAL_UART_GetState                                 build/stm32f1xx_hal_uart.o
HAL_UART_IRQHandler                               build/stm32f1xx_hal_uart.o
HAL_UART_Init                                     build/stm32f1xx_hal_uart.o
                                                  build/usart.o
HAL_UART_MspDeInit                                build/usart.o
HAL_UART_MspInit                                  build/usart.o
HAL_UART_Receive                                  build/stm32f1xx_hal_uart.o
HAL_UART_Receive_DMA                              build/stm32f1xx_hal_uart.o
HAL_UART_Receive_IT                               build/stm32f1xx_hal_uart.o
                                                  build/debug.o
HAL_UART_RxCpltCallback                           build/main.o
HAL_UART_RxHalfCpltCallback                       build/stm32f1xx_hal_uart.o
HAL_UART_Transmit                                 build/stm32f1xx_hal_uart.o
                                                  build/debug.o
HAL_UART_Transmit_DMA                             build/stm32f1xx_hal_uart.o
HAL_UART_Transmit_IT                              build/stm32f1xx_hal_uart.o
HAL_UART_TxCpltCallback                           build/stm32f1xx_hal_uart.o
HAL_UART_TxHalfCpltCallback                       build/stm32f1xx_hal_uart.o
HardFault_Handler                                 build/stm32f1xx_it.o
I2C1_ER_IRQHandler                                build/startup_stm32f103xb.o
I2C1_EV_IRQHandler                                build/stm32f1xx_it.o
I2C2_ER_IRQHandler                                build/startup_stm32f103xb.o
I2C2_EV_IRQHandler                                build/stm32f1xx_it.o
MX_GPIO_Init                                      build/gpio.o
                                                  build/main.o
MX_I2C1_Init                                      build/i2c.o
                                                  build/main.o
MX_I2C2_Init                                      build/i2c.o
                                                  build/main.o
MX_USART1_UART_Init                               build/usart.o
                                                  build/main.o
MemManage_Handler                                 build/stm32f1xx_it.o