Archive member included to satisfy reference by file (symbol)

e:/tools_stm/arm-gnu-toolchain-12.3.rel1-mingw-w64-i686-arm-none-eabi/arm-gnu-toolchain-12.3.rel1-mingw-w64-i686-arm-none-eabi/bin/../lib/gcc/arm-none-eabi/12.3.1/thumb/v7-m/nofp\libc_nano.a(libc_a-exit.o)
                              e:/tools_stm/arm-gnu-toolchain-12.3.rel1-mingw-w64-i686-arm-none-eabi/arm-gnu-toolchain-12.3.rel1-mingw-w64-i686-arm-none-eabi/bin/../lib/gcc/arm-none-eabi/12.3.1/thumb/v7-m/nofp/crt0.o (exit)
e:/tools_stm/arm-gnu-toolchain-12.3.rel1-mingw-w64-i686-arm-none-eabi/arm-gnu-toolchain-12.3.rel1-mingw-w64-i686-arm-none-eabi/bin/../lib/gcc/arm-none-eabi/12.3.1/thumb/v7-m/nofp\libc_nano.a(libc_a-rand.o)
                              build/helperFunc.o (srand)
e:/tools_stm/arm-gnu-toolchain-12.3.rel1-mingw-w64-i686-arm-none-eabi/arm-gnu-toolchain-12.3.rel1-mingw-w64-i686-arm-none-eabi/bin/../lib/gcc/arm-none-eabi/12.3.1/thumb/v7-m/nofp\libc_nano.a(libc_a-findfp.o)
                              e:/tools_stm/arm-gnu-toolchain-12.3.rel1-mingw-w64-i686-arm-none-eabi/arm-gnu-toolchain-12.3.rel1-mingw-w64-i686-arm-none-eabi/bin/../lib/gcc/arm-none-eabi/12.3.1/thumb/v7-m/nofp\libc_nano.a(libc_a-exit.o) (__stdio_exit_handler)
e:/tools_stm/arm-gnu-toolchain-12.3.rel1-mingw-w64-i686-arm-none-eabi/arm-gnu-toolchain-12.3.rel1-mingw-w64-i686-arm-none-eabi/bin/../lib/gcc/arm-none-eabi/12.3.1/thumb/v7-m/nofp\libc_nano.a(libc_a-fwalk.o)
                              e:/tools_stm/arm-gnu-toolchain-12.3.rel1-mingw-w64-i686-arm-none-eabi/arm-gnu-toolchain-12.3.rel1-mingw-w64-i686-arm-none-eabi/bin/../lib/gcc/arm-none-eabi/12.3.1/thumb/v7-m/nofp\libc_nano.a(libc_a-findfp.o) (_fwalk_sglue)
e:/tools_stm/arm-gnu-toolchain-12.3.rel1-mingw-w64-i686-arm-none-eabi/arm-gnu-toolchain-12.3.rel1-mingw-w64-i686-arm-none-eabi/bin/../lib/gcc/arm-none-eabi/12.3.1/thumb/v7-m/nofp\libc_nano.a(libc_a-stdio.o)
                              e:/tools_stm/arm-gnu-toolchain-12.3.rel1-mingw-w64-i686-arm-none-eabi/arm-gnu-toolchain-12.3.rel1-mingw-w64-i686-arm-none-eabi/bin/../lib/gcc/arm-none-eabi/12.3.1/thumb/v7-m/nofp\libc_nano.a(libc_a-findfp.o) (__sread)
e:/tools_stm/arm-gnu-toolchain-12.3.rel1-mingw-w64-i686-arm-none-eabi/arm-gnu-toolchain-12.3.rel1-mingw-w64-i686-arm-none-eabi/bin/../lib/gcc/arm-none-eabi/12.3.1/thumb/v7-m/nofp\libc_nano.a(libc_a-vsprintf.o)
                              build/debug.o (vsprintf)
e:/tools_stm/arm-gnu-toolchain-12.3.rel1-mingw-w64-i686-arm-none-eabi/arm-gnu-toolchain-12.3.rel1-mingw-w64-i686-arm-none-eabi/bin/../lib/gcc/arm-none-eabi/12.3.1/thumb/v7-m/nofp\libc_nano.a(libc_a-memset.o)
                              e:/tools_stm/arm-gnu-toolchain-12.3.rel1-mingw-w64-i686-arm-none-eabi/arm-gnu-toolchain-12.3.rel1-mingw-w64-i686-arm-none-eabi/bin/../lib/gcc/arm-none-eabi/12.3.1/thumb/v7-m/nofp/crt0.o (memset)
e:/tools_stm/arm-gnu-toolchain-12.3.rel1-mingw-w64-i686-arm-none-eabi/arm-gnu-toolchain-12.3.rel1-mingw-w64-i686-arm-none-eabi/bin/../lib/gcc/arm-none-eabi/12.3.1/thumb/v7-m/nofp\libc_nano.a(libc_a-closer.o)
                              e:/tools_stm/arm-gnu-toolchain-12.3.rel1-mingw-w64-i686-arm-none-eabi/arm-gnu-toolchain-12.3.rel1-mingw-w64-i686-arm-none-eabi/bin/../lib/gcc/arm-none-eabi/12.3.1/thumb/v7-m/nofp\libc_nano.a(libc_a-stdio.o) (_close_r)
e:/tools_stm/arm-gnu-toolchain-12.3.rel1-mingw-w64-i686-arm-none-eabi/arm-gnu-toolchain-12.3.rel1-mingw-w64-i686-arm-none-eabi/bin/../lib/gcc/arm-none-eabi/12.3.1/thumb/v7-m/nofp\libc_nano.a(libc_a-reent.o)
                              e:/tools_stm/arm-gnu-toolchain-12.3.rel1-mingw-w64-i686-arm-none-eabi/arm-gnu-toolchain-12.3.rel1-mingw-w64-i686-arm-none-eabi/bin/../lib/gcc/arm-none-eabi/12.3.1/thumb/v7-m/nofp\libc_nano.a(libc_a-closer.o) (errno)
e:/tools_stm/arm-gnu-toolchain-12.3.rel1-mingw-w64-i686-arm-none-eabi/arm-gnu-toolchain-12.3.rel1-mingw-w64-i686-arm-none-eabi/bin/../lib/gcc/arm-none-eabi/12.3.1/thumb/v7-m/nofp\libc_nano.a(libc_a-impure.o)
                              e:/tools_stm/arm-gnu-toolchain-12.3.rel1-mingw-w64-i686-arm-none-eabi/arm-gnu-toolchain-12.3.rel1-mingw-w64-i686-arm-none-eabi/bin/../lib/gcc/arm-none-eabi/12.3.1/thumb/v7-m/nofp\libc_nano.a(libc_a-rand.o) (_impure_ptr)
e:/tools_stm/arm-gnu-toolchain-12.3.rel1-mingw-w64-i686-arm-none-eabi/arm-gnu-toolchain-12.3.rel1-mingw-w64-i686-arm-none-eabi/bin/../lib/gcc/arm-none-eabi/12.3.1/thumb/v7-m/nofp\libc_nano.a(libc_a-lseekr.o)
                              e:/tools_stm/arm-gnu-toolchain-12.3.rel1-mingw-w64-i686-arm-none-eabi/arm-gnu-toolchain-12.3.rel1-mingw-w64-i686-arm-none-eabi/bin/../lib/gcc/arm-none-eabi/12.3.1/thumb/v7-m/nofp\libc_nano.a(libc_a-stdio.o) (_lseek_r)
e:/tools_stm/arm-gnu-toolchain-12.3.rel1-mingw-w64-i686-arm-none-eabi/arm-gnu-toolchain-12.3.rel1-mingw-w64-i686-arm-none-eabi/bin/../lib/gcc/arm-none-eabi/12.3.1/thumb/v7-m/nofp\libc_nano.a(libc_a-readr.o)
[...]
Memory Configuration

Name             Origin             Length             Attributes
RAM              0x20000000         0x00005000         xrw
FLASH            0x08000000         0x00010000         xr
*default*        0x00000000         0xffffffff

Linker script and memory map

LOAD e:/tools_stm/arm-gnu-toolchain-12.3.rel1-mingw-w64-i686-arm-none-eabi/arm-gnu-toolchain-12.3.rel1-mingw-w64-i686-arm-none-eabi/bin/../lib/gcc/arm-none-eabi/12.3.1/thumb/v7-m/nofp/crti.o
LOAD e:/tools_stm/arm-gnu-toolchain-12.3.rel1-mingw-w64-i686-arm-none-eabi/arm-gnu-toolchain-12.3.rel1-mingw-w64-i686-arm-none-eabi/bin/../lib/gcc/arm-none-eabi/12.3.1/thumb/v7-m/nofp/crtbegin.o
LOAD e:/tools_stm/arm-gnu-toolchain-12.3.rel1-mingw-w64-i686-arm-none-eabi/arm-gnu-toolchain-12.3.rel1-mingw-w64-i686-arm-none-eabi/bin/../lib/gcc/arm-none-eabi/12.3.1/thumb/v7-m/nofp/crt0.o
LOAD build/main.o
LOAD build/gpio.o
LOAD build/i2c.o
LOAD build/usart.o
LOAD build/max30102.o
LOAD build/debug.o
LOAD build/oled.o
LOAD build/helperFunc.o
LOAD build/stm32f1xx_it.o
LOAD build/stm32f1xx_hal_msp.o
LOAD build/stm32f1xx_hal_gpio_ex.o
LOAD build/stm32f1xx_hal_i2c.o
LOAD build/stm32f1xx_hal.o
LOAD build/stm32f1xx_hal_rcc.o
LOAD build/stm32f1xx_hal_rcc_ex.o
LOAD build/stm32f1xx_hal_gpio.o
LOAD build/stm32f1xx_hal_dma.o
LOAD build/stm32f1xx_hal_cortex.o
LOAD build/stm32f1xx_hal_pwr.o
LOAD build/stm32f1xx_hal_flash.o
LOAD build/stm32f1xx_hal_flash_ex.o
LOAD build/stm32f1xx_hal_exti.o
LOAD build/stm32f1xx_hal_tim.o
LOAD build/stm32f1xx_hal_tim_ex.o
LOAD build/stm32f1xx_hal_uart.o
LOAD build/system_stm32f1xx.o
LOAD build/startup_stm32f103xb.o
LOAD e:/tools_stm/arm-gnu-toolchain-12.3.rel1-mingw-w64-i686-arm-none-eabi/arm-gnu-toolchain-12.3.rel1-mingw-w64-i686-arm-none-eabi/bin/../lib/gcc/arm-none-eabi/12.3.1/thumb/v7-m/nofp\libc_nano.a
LOAD e:/tools_stm/arm-gnu-toolchain-12.3.rel1-mingw-w64-i686-arm-none-eabi/arm-gnu-toolchain-12.3.rel1-mingw-w64-i686-arm-none-eabi/bin/../lib/gcc/arm-none-eabi/12.3.1/thumb/v7-m/nofp\libm.a
LOAD e:/tools_stm/arm-gnu-toolchain-12.3.rel1-mingw-w64-i686-arm-none-eabi/arm-gnu-toolchain-12.3.rel1-mingw-w64-i686-arm-none-eabi/bin/../lib/gcc/arm-none-eabi/12.3.1/thumb/v7-m/nofp\libnosys.a
START GROUP
LOAD e:/tools_stm/arm-gnu-toolchain-12.3.rel1-mingw-w64-i686-arm-none-eabi/arm-gnu-toolchain-12.3.rel1-mingw-w64-i686-arm-none-eabi/bin/../lib/gcc/arm-none-eabi/12.3.1/thumb/v7-m/nofp\libgcc.a
LOAD e:/tools_stm/arm-gnu-toolchain-12.3.rel1-mingw-w64-i686-arm-none-eabi/arm-gnu-toolchain-12.3.rel1-mingw-w64-i686-arm-none-eabi/bin/../lib/gcc/arm-none-eabi/12.3.1/thumb/v7-m/nofp\libc_nano.a
END GROUP
START GROUP
LOAD e:/tools_stm/arm-gnu-toolchain-12.3.rel1-mingw-w64-i686-arm-none-eabi/arm-gnu-toolchain-12.3.rel1-mingw-w64-i686-arm-none-eabi/bin/../lib/gcc/arm-none-eabi/12.3.1/thumb/v7-m/nofp\libgcc.a
LOAD e:/tools_stm/arm-gnu-toolchain-12.3.rel1-mingw-w64-i686-arm-none-eabi/arm-gnu-toolchain-12.3.rel1-mingw-w64-i686-arm-none-eabi/bin/../lib/gcc/arm-none-eabi/12.3.1/thumb/v7-m/nofp\libc_nano.a
END GROUP
LOAD e:/tools_stm/arm-gnu-toolchain-12.3.rel1-mingw-w64-i686-arm-none-eabi/arm-gnu-toolchain-12.3.rel1-mingw-w64-i686-arm-none-eabi/bin/../lib/gcc/arm-none-eabi/12.3.1/thumb/v7-m/nofp/crtend.o
LOAD e:/tools_stm/arm-gnu-toolchain-12.3.rel1-mingw-w64-i686-arm-none-eabi/arm-gnu-toolchain-12.3.rel1-mingw-w64-i686-arm-none-eabi/bin/../lib/gcc/arm-none-eabi/12.3.1/thumb/v7-m/nofp/crtn.o
                0x20005000                        _estack = (ORIGIN (RAM) + LENGTH (RAM))
                0x00000200                        _Min_Heap_Size = 0x200
                0x00000400                        _Min_Stack_Size = 0x400

.isr_vector     0x08000000      0x10c
                0x08000000                        . = ALIGN (0x4)
 *(.isr_vector)
 .isr_vector    0x08000000      0x10c build/startup_stm32f103xb.o
                0x08000000                g_pfnVectors
                0x0800010c                        . = ALIGN (0x4)

.text           0x08000110     0x5348
                0x08000110                        . = ALIGN (0x4)
 *(.text)
 .text          0x08000110       0x10 e:/tools_stm/arm-gnu-toolchain-12.3.rel1-mingw-w64-i686-arm-none-eabi/arm-gnu-toolchain-12.3.rel1-mingw-w64-i686-arm-none-eabi/bin/../lib/gcc/arm-none-eabi/12.3.1/thumb/v7-m/nofp\libc_nano.a(libc_a-strlen.o)
                0x08000110                strlen
 .text          0x08000120      0x378 e:/tools_stm/arm-gnu-toolchain-12.3.rel1-mingw-w64-i686-arm-none-eabi/arm-gnu-toolchain-12.3.rel1-mingw-w64-i686-arm-none-eabi/bin/../lib/gcc/arm-none-eabi/12.3.1/thumb/v7-m/nofp\libgcc.a(_arm_addsubdf3.o)
                0x08000120                __aeabi_drsub
                0x08000128                __aeabi_dsub
                0x08000128                __subdf3
                0x0800012c                __aeabi_dadd
                0x0800012c                __adddf3
                0x080003a4                __floatunsidf
                0x080003a4                __aeabi_ui2d
                0x080003c4                __floatsidf
                0x080003c4                __aeabi_i2d
                0x080003e8                __aeabi_f2d
                0x080003e8                __extendsfdf2
                0x0800042c                __floatundidf
                0x0800042c                __aeabi_ul2d
                0x0800043c                __floatdidf
                0x0800043c                __aeabi_l2d
 .text          0x08000498      0x424 e:/tools_stm/arm-gnu-toolchain-12.3.rel1-mingw-w64-i686-arm-none-eabi/arm-gnu-toolchain-12.3.rel1-mingw-w64-i686-arm-none-eabi/bin/../lib/gcc/arm-none-eabi/12.3.1/thumb/v7-m/nofp\libgcc.a(_arm_muldivdf3.o)
                0x08000498                __aeabi_dmul
                0x08000498                __muldf3
                0x080006ec                __divdf3
                0x080006ec                __aeabi_ddiv
 .text          0x080008bc      0x110 e:/tools_stm/arm-gnu-toolchain-12.3.rel1-mingw-w64-i686-arm-none-eabi/arm-gnu-toolchain-12.3.rel1-mingw-w64-i686-arm-none-eabi/bin/../lib/gcc/arm-none-eabi/12.3.1/thumb/v7-m/nofp\libgcc.a(_arm_cmpdf2.o)
                0x080008bc                __gtdf2
                0x080008bc                __gedf2
                0x080008c4                __ltdf2
                0x080008c4                __ledf2
                0x080008cc                __nedf2
                0x080008cc                __eqdf2
                0x080008cc                __cmpdf2
                0x08000948                __aeabi_cdrcmple
                0x08000958                __aeabi_cdcmpeq
                0x08000958                __aeabi_cdcmple
                0x08000968                __aeabi_dcmpeq
                0x0800097c                __aeabi_dcmplt
                0x08000990                __aeabi_dcmple
                0x080009a4                __aeabi_dcmpge
                0x080009b8                __aeabi_dcmpgt
 .text          0x080009cc       0x40 e:/tools_stm/arm-gnu-toolchain-12.3.rel1-mingw-w64-i686-arm-none-eabi/arm-gnu-toolchain-12.3.rel1-mingw-w64-i686-arm-none-eabi/bin/../lib/gcc/arm-none-eabi/12.3.1/thumb/v7-m/nofp\libgcc.a(_arm_fixunsdfsi.o)
                0x080009cc                __aeabi_d2uiz
                0x080009cc                __fixunsdfsi
 .text          0x08000a0c      0x21c e:/tools_stm/arm-gnu-toolchain-12.3.rel1-mingw-w64-i686-arm-none-eabi/arm-gnu-toolchain-12.3.rel1-mingw-w64-i686-arm-none-eabi/bin/../lib/gcc/arm-none-eabi/12.3.1/thumb/v7-m/nofp\libgcc.a(_arm_addsubsf3.o)
                0x08000a0c                __aeabi_frsub
                0x08000a14                __subsf3
                0x08000a14                __aeabi_fsub
                0x08000a18                __aeabi_fadd
                0x08000a18                __addsf3
                0x08000b78                __aeabi_ui2f
                0x08000b78                __floatunsisf
                0x08000b80                __aeabi_i2f
                0x08000b80                __floatsisf
                0x08000b9c                __aeabi_ul2f
                0x08000b9c                __floatundisf
                0x08000bac                __aeabi_l2f
                0x08000bac                __floatdisf
 .text          0x08000c28      0x2a0 e:/tools_stm/arm-gnu-toolchain-12.3.rel1-mingw-w64-i686-arm-none-eabi/arm-gnu-toolchain-12.3.rel1-mingw-w64-i686-arm-none-eabi/bin/../lib/gcc/arm-none-eabi/12.3.1/thumb/v7-m/nofp\libgcc.a(_arm_muldivsf3.o)
                0x08000c28                __mulsf3
                0x08000c28                __aeabi_fmul
                0x08000d90                __aeabi_fdiv
                0x08000d90                __divsf3
 .text          0x08000ec8       0xec e:/tools_stm/arm-gnu-toolchain-12.3.rel1-mingw-w64-i686-arm-none-eabi/arm-gnu-toolchain-12.3.rel1-mingw-w64-i686-arm-none-eabi/bin/../lib/gcc/arm-none-eabi/12.3.1/thumb/v7-m/nofp\libgcc.a(_arm_cmpsf2.o)
                0x08000ec8                __gesf2
                0x08000ec8                __gtsf2
                0x08000ed0                __lesf2
                0x08000ed0                __ltsf2
                0x08000ed8                __nesf2
                0x08000ed8                __eqsf2
                0x08000ed8                __cmpsf2
                0x08000f38                __aeabi_cfrcmple
                0x08000f40                __aeabi_cfcmpeq
                0x08000f40                __aeabi_cfcmple
                0x08000f50                __aeabi_fcmpeq
                0x08000f64                __aeabi_fcmplt
                0x08000f78                __aeabi_fcmple
                0x08000f8c                __aeabi_fcmpge
                0x08000fa0                __aeabi_fcmpgt
 .text          0x08000fb4       0x40 e:/tools_stm/arm-gnu-toolchain-12.3.rel1-mingw-w64-i686-arm-none-eabi/arm-gnu-toolchain-12.3.rel1-mingw-w64-i686-arm-none-eabi/bin/../lib/gcc/arm-none-eabi/12.3.1/thumb/v7-m/nofp\libgcc.a(_arm_fixunssfsi.o)
                0x08000fb4                __fixunssfsi
                0x08000fb4                __aeabi_f2uiz
 *(.text*)
 .text.deregister_tm_clones
                0x08000ff4       0x1c e:/tools_stm/arm-gnu-toolchain-12.3.rel1-mingw-w64-i686-arm-none-eabi/arm-gnu-toolchain-12.3.rel1-mingw-w64-i686-arm-none-eabi/bin/../lib/gcc/arm-none-eabi/12.3.1/thumb/v7-m/nofp/crtbegin.o
 .text.register_tm_clones
                0x08001010       0x24 e:/tools_stm/arm-gnu-toolchain-12.3.rel1-mingw-w64-i686-arm-none-eabi/arm-gnu-toolchain-12.3.rel1-mingw-w64-i686-arm-none-eabi/bin/../lib/gcc/arm-none-eabi/12.3.1/thumb/v7-m/nofp/crtbegin.o
 .text.__do_global_dtors_aux
                0x08001034       0x28 e:/tools_stm/arm-gnu-toolchain-12.3.rel1-mingw-w64-i686-arm-none-eabi/arm-gnu-toolchain-12.3.rel1-mingw-w64-i686-arm-none-eabi/bin/../lib/gcc/arm-none-eabi/12.3.1/thumb/v7-m/nofp/crtbegin.o
 .text.frame_dummy
                0x0800105c       0x24 e:/tools_stm/arm-gnu-toolchain-12.3.rel1-mingw-w64-i686-arm-none-eabi/arm-gnu-toolchain-12.3.rel1-mingw-w64-i686-arm-none-eabi/bin/../lib/gcc/arm-none-eabi/12.3.1/thumb/v7-m/nofp/crtbegin.o
 .text.MX_NVIC_Init
                0x08001080       0x24 build/main.o
 .text.Error_Handler
                0x080010a4        0x4 build/main.o
                0x080010a4                Error_Handler
 .text.SystemClock_Config
                0x080010a8       0x64 build/main.o
                0x080010a8                SystemClock_Config
 .text.main     0x0800110c      0x174 build/main.o
                0x0800110c                main
 .text.MX_GPIO_Init
                0x08001280       0xa0 build/gpio.o
                0x08001280                MX_GPIO_Init
 .text.MX_I2C1_Init
                0x08001320       0x3c build/i2c.o
                0x08001320                MX_I2C1_Init
 .text.MX_I2C2_Init
                0x0800135c       0x3c build/i2c.o
                0x0800135c                MX_I2C2_Init
 .text.HAL_I2C_MspInit
                0x08001398       0xac build/i2c.o
                0x08001398                HAL_I2C_MspInit
 .text.MX_USART1_UART_Init
                0x08001444       0x34 build/usart.o
                0x08001444                MX_USART1_UART_Init
 .text.HAL_UART_MspInit
                0x08001478       0x78 build/usart.o
                0x08001478                HAL_UART_MspInit
 .text.max30102_getUnreadSampleCount
                0x080014f0       0x64 build/max30102.o
                0x080014f0                max30102_getUnreadSampleCount
 .text.max30102_getFIFO
                0x08001554       0xa4 build/max30102.o
                0x08001554                max30102_getFIFO
 .text.max30102_getStatus
                0x080015f8       0x50 build/max30102.o
                0x080015f8                max30102_getStatus
 .text.max30102_init
                0x08001648      0x120 build/max30102.o
                0x08001648                max30102_init
 .text.filter   0x08001768       0x3c build/max30102.o
                0x08001768                filter
 .text.buffInsert
                0x080017a4       0x3c build/max30102.o
                0x080017a4                buffInsert
 .text.calAcDc  0x080017e0       0x74 build/max30102.o
                0x080017e0                calAcDc
 *fill*         0x08001854        0x4 
 .text.max30102_cal
                0x08001858      0x21c build/max30102.o
                0x08001858                max30102_cal
 .text.max30102_getHeartRate
                0x08001a74        0xc build/max30102.o
                0x08001a74                max30102_getHeartRate
 .text.max30102_getSpO2
                0x08001a80        0xc build/max30102.o
                0x08001a80                max30102_getSpO2
 .text.max30102_getDiff
                0x08001a8c        0xc build/max30102.o
                0x08001a8c                max30102_getDiff
 .text.Debug_Init
                0x08001a98       0x18 build/debug.o
                0x08001a98                Debug_Init
 .text.vprint   0x08001ab0       0x30 build/debug.o
                0x08001ab0                vprint
 .text.logPC    0x08001ae0       0x1c build/debug.o
                0x08001ae0                logPC
 .text.OLED_WR_Byte
                0x08001afc       0x54 build/oled.o
                0x08001afc                OLED_WR_Byte
 .text.HAL_I2C_MemTxCpltCallback
                0x08001b50       0xe0 build/oled.o
                0x08001b50                HAL_I2C_MemTxCpltCallback
 .text.OLED_Set_Pos
                0x08001c30       0x14 build/oled.o
                0x08001c30                OLED_Set_Pos
 .text.OLED_Clear
                0x08001c44       0x2e build/oled.o
                0x08001c44                OLED_Clear
 *fill*         0x08001c72        0x2 
 .text.OLED_ShowString
                0x08001c74       0x5c build/oled.o
                0x08001c74                OLED_ShowString
 .text.OLED_showHeart
                0x08001cd0       0xbc build/oled.o
                0x08001cd0                OLED_showHeart
 .text.OLED_Init
                0x08001d8c      0x210 build/oled.o
                0x08001d8c                OLED_Init
 .text.OLED_showNum
                0x08001f9c       0xf4 build/oled.o
                0x08001f9c                OLED_showNum
 .text.max      0x08002090        0x8 build/oled.o
                0x08002090                max
 .text.min      0x08002098        0x8 build/oled.o
                0x08002098                min
 .text.OLED_drawChart
                0x080020a0      0x114 build/oled.o
                0x080020a0                OLED_drawChart
 .text.NMI_Handler
                0x080021b4        0x2 build/stm32f1xx_it.o
                0x080021b4                NMI_Handler
 .text.HardFault_Handler
                0x080021b6        0x2 build/stm32f1xx_it.o
                0x080021b6                HardFault_Handler
 .text.MemManage_Handler
                0x080021b8        0x2 build/stm32f1xx_it.o
                0x080021b8                MemManage_Handler
 .text.BusFault_Handler
                0x080021ba        0x2 build/stm32f1xx_it.o
                0x080021ba                BusFault_Handler
 .text.UsageFault_Handler
                0x080021bc        0x2 build/stm32f1xx_it.o
                0x080021bc                UsageFault_Handler
 .text.SVC_Handler
                0x080021be        0x2 build/stm32f1xx_it.o
                0x080021be                SVC_Handler
 .text.DebugMon_Handler
                0x080021c0        0x2 build/stm32f1xx_it.o
                0x080021c0                DebugMon_Handler
 .text.PendSV_Handler
                0x080021c2        0x2 build/stm32f1xx_it.o
                0x080021c2                PendSV_Handler
 .text.SysTick_Handler
                0x080021c4        0x8 build/stm32f1xx_it.o
                0x080021c4                SysTick_Handler
 .text.I2C1_EV_IRQHandler
                0x080021cc       0x10 build/stm32f1xx_it.o
                0x080021cc                I2C1_EV_IRQHandler
 .text.I2C2_EV_IRQHandler
                0x080021dc       0x10 build/stm32f1xx_it.o
                0x080021dc                I2C2_EV_IRQHandler
 .text.HAL_MspInit
                0x080021ec       0x44 build/stm32f1xx_hal_msp.o
                0x080021ec                HAL_MspInit
 .text.I2C_Flush_DR
                0x08002230       0x10 build/stm32f1xx_hal_i2c.o
 .text.I2C_Master_SB
                0x08002240       0xa8 build/stm32f1xx_hal_i2c.o
 .text.I2C_Master_ADD10
                0x080022e8       0x2a build/stm32f1xx_hal_i2c.o
 .text.I2C_Master_ADDR
                0x08002312      0x216 build/stm32f1xx_hal_i2c.o
 .text.I2C_SlaveTransmit_BTF
                0x08002528       0x20 build/stm32f1xx_hal_i2c.o
 .text.I2C_SlaveReceive_BTF
                0x08002548       0x20 build/stm32f1xx_hal_i2c.o
 .text.I2C_WaitOnSTOPRequestThroughIT
                0x08002568       0x48 build/stm32f1xx_hal_i2c.o
 .text.I2C_IsAcknowledgeFailed
                0x080025b0       0x32 build/stm32f1xx_hal_i2c.o
 .text.I2C_ConvertOtherXferOptions
                0x080025e2       0x1e build/stm32f1xx_hal_i2c.o
 .text.I2C_WaitOnFlagUntilTimeout
                0x08002600       0xaa build/stm32f1xx_hal_i2c.o
 .text.I2C_WaitOnMasterAddressFlagUntilTimeout
                0x080026aa       0xd6 build/stm32f1xx_hal_i2c.o
 .text.I2C_WaitOnTXEFlagUntilTimeout
                0x08002780       0x5e build/stm32f1xx_hal_i2c.o
 *fill*         0x080027de        0x2 
 .text.I2C_RequestMemoryWrite
                0x080027e0       0xd8 build/stm32f1xx_hal_i2c.o
 .text.I2C_RequestMemoryRead
                0x080028b8      0x154 build/stm32f1xx_hal_i2c.o
 .text.I2C_WaitOnBTFFlagUntilTimeout
                0x08002a0c       0x5e build/stm32f1xx_hal_i2c.o
 .text.I2C_WaitOnRXNEFlagUntilTimeout
                0x08002a6a       0x78 build/stm32f1xx_hal_i2c.o
 *fill*         0x08002ae2        0x2 
 .text.HAL_I2C_Init
                0x08002ae4      0x1bc build/stm32f1xx_hal_i2c.o
                0x08002ae4                HAL_I2C_Init
 .text.HAL_I2C_Mem_Write
                0x08002ca0      0x164 build/stm32f1xx_hal_i2c.o
                0x08002ca0                HAL_I2C_Mem_Write
 .text.HAL_I2C_Mem_Read
                0x08002e04      0x348 build/stm32f1xx_hal_i2c.o
                0x08002e04                HAL_I2C_Mem_Read
 .text.HAL_I2C_Mem_Write_IT
                0x0800314c       0xe0 build/stm32f1xx_hal_i2c.o
                0x0800314c                HAL_I2C_Mem_Write_IT
 .text.HAL_I2C_MasterTxCpltCallback
                0x0800322c        0x2 build/stm32f1xx_hal_i2c.o
                0x0800322c                HAL_I2C_MasterTxCpltCallback
 .text.HAL_I2C_MasterRxCpltCallback
                0x0800322e        0x2 build/stm32f1xx_hal_i2c.o
                0x0800322e                HAL_I2C_MasterRxCpltCallback
 .text.HAL_I2C_SlaveTxCpltCallback
                0x08003230        0x2 build/stm32f1xx_hal_i2c.o
                0x08003230                HAL_I2C_SlaveTxCpltCallback
 .text.I2C_SlaveTransmit_TXE
                0x08003232       0x4c build/stm32f1xx_hal_i2c.o
 .text.HAL_I2C_SlaveRxCpltCallback
                0x0800327e        0x2 build/stm32f1xx_hal_i2c.o
                0x0800327e                HAL_I2C_SlaveRxCpltCallback
 .text.I2C_SlaveReceive_RXNE
                0x08003280       0x4c build/stm32f1xx_hal_i2c.o
 .text.HAL_I2C_AddrCallback
                0x080032cc        0x2 build/stm32f1xx_hal_i2c.o
                0x080032cc                HAL_I2C_AddrCallback
 .text.I2C_Slave_ADDR
                0x080032ce       0x5a build/stm32f1xx_hal_i2c.o
 .text.HAL_I2C_ListenCpltCallback
                0x08003328        0x2 build/stm32f1xx_hal_i2c.o
                0x08003328                HAL_I2C_ListenCpltCallback
 .text.I2C_MasterTransmit_BTF
                0x0800332a       0x9e build/stm32f1xx_hal_i2c.o
 .text.I2C_MemoryTransmit_TXE_BTF
                0x080033c8       0xc4 build/stm32f1xx_hal_i2c.o
 .text.I2C_MasterTransmit_TXE
                0x0800348c       0xd0 build/stm32f1xx_hal_i2c.o
 .text.HAL_I2C_MemRxCpltCallback
                0x0800355c        0x2 build/stm32f1xx_hal_i2c.o
                0x0800355c                HAL_I2C_MemRxCpltCallback
 .text.I2C_MasterReceive_BTF
                0x0800355e      0x128 build/stm32f1xx_hal_i2c.o
 .text.HAL_I2C_ErrorCallback
                0x08003686        0x2 build/stm32f1xx_hal_i2c.o
                0x08003686                HAL_I2C_ErrorCallback
 .text.I2C_MasterReceive_RXNE
                0x08003688       0xf6 build/stm32f1xx_hal_i2c.o
 .text.HAL_I2C_AbortCpltCallback
                0x0800377e        0x2 build/stm32f1xx_hal_i2c.o
                0x0800377e                HAL_I2C_AbortCpltCallback
 .text.I2C_DMAAbort
                0x08003780       0xe4 build/stm32f1xx_hal_i2c.o
 .text.I2C_ITError
                0x08003864      0x178 build/stm32f1xx_hal_i2c.o
 .text.I2C_Slave_STOPF
                0x080039dc      0x18c build/stm32f1xx_hal_i2c.o
 .text.HAL_I2C_EV_IRQHandler
                0x08003b68      0x1a0 build/stm32f1xx_hal_i2c.o
                0x08003b68                HAL_I2C_EV_IRQHandler
 .text.HAL_InitTick
                0x08003d08       0x4c build/stm32f1xx_hal.o
                0x08003d08                HAL_InitTick
 .text.HAL_Init
                0x08003d54       0x24 build/stm32f1xx_hal.o
                0x08003d54                HAL_Init
 .text.HAL_IncTick
                0x08003d78       0x18 build/stm32f1xx_hal.o
                0x08003d78                HAL_IncTick
 .text.HAL_GetTick
                0x08003d90        0xc build/stm32f1xx_hal.o
                0x08003d90                HAL_GetTick
 .text.HAL_Delay
                0x08003d9c       0x28 build/stm32f1xx_hal.o
                0x08003d9c                HAL_Delay
 .text.RCC_Delay
                0x08003dc4       0x2c build/stm32f1xx_hal_rcc.o
 .text.HAL_RCC_OscConfig
                0x08003df0      0x410 build/stm32f1xx_hal_rcc.o
                0x08003df0                HAL_RCC_OscConfig
 .text.HAL_RCC_GetSysClockFreq
                0x08004200       0x54 build/stm32f1xx_hal_rcc.o
                0x08004200                HAL_RCC_GetSysClockFreq
 .text.HAL_RCC_ClockConfig
                0x08004254      0x16c build/stm32f1xx_hal_rcc.o
                0x08004254                HAL_RCC_ClockConfig
 .text.HAL_RCC_GetHCLKFreq
                0x080043c0        0xc build/stm32f1xx_hal_rcc.o
                0x080043c0                HAL_RCC_GetHCLKFreq
 .text.HAL_RCC_GetPCLK1Freq
                0x080043cc       0x20 build/stm32f1xx_hal_rcc.o
                0x080043cc                HAL_RCC_GetPCLK1Freq
 .text.HAL_RCC_GetPCLK2Freq
                0x080043ec       0x20 build/stm32f1xx_hal_rcc.o
                0x080043ec                HAL_RCC_GetPCLK2Freq
 .text.HAL_GPIO_Init
                0x0800440c      0x224 build/stm32f1xx_hal_gpio.o
                0x0800440c                HAL_GPIO_Init
 .text.HAL_GPIO_ReadPin
                0x08004630        0xe build/stm32f1xx_hal_gpio.o
                0x08004630                HAL_GPIO_ReadPin
 .text.HAL_GPIO_WritePin
                0x0800463e        0xc build/stm32f1xx_hal_gpio.o
                0x0800463e                HAL_GPIO_WritePin
 .text.HAL_GPIO_TogglePin
                0x0800464a       0x12 build/stm32f1xx_hal_gpio.o
                0x0800464a                HAL_GPIO_TogglePin
 .text.HAL_DMA_Abort_IT
                0x0800465c       0x98 build/stm32f1xx_hal_dma.o
                0x0800465c                HAL_DMA_Abort_IT
 .text.HAL_DMA_GetState
                0x080046f4        0x6 build/stm32f1xx_hal_dma.o
                0x080046f4                HAL_DMA_GetState
 *fill*         0x080046fa        0x2 
 .text.HAL_NVIC_SetPriorityGrouping
                0x080046fc       0x24 build/stm32f1xx_hal_cortex.o
                0x080046fc                HAL_NVIC_SetPriorityGrouping
 .text.HAL_NVIC_SetPriority
                0x08004720       0x70 build/stm32f1xx_hal_cortex.o
                0x08004720                HAL_NVIC_SetPriority
 .text.HAL_NVIC_EnableIRQ
                0x08004790       0x1c build/stm32f1xx_hal_cortex.o
                0x08004790                HAL_NVIC_EnableIRQ
 .text.HAL_SYSTICK_Config
                0x080047ac       0x28 build/stm32f1xx_hal_cortex.o
                0x080047ac                HAL_SYSTICK_Config
 .text.UART_SetConfig
                0x080047d4       0x94 build/stm32f1xx_hal_uart.o
 .text.UART_WaitOnFlagUntilTimeout
                0x08004868       0x88 build/stm32f1xx_hal_uart.o
 .text.HAL_UART_Init
                0x080048f0       0x60 build/stm32f1xx_hal_uart.o
                0x080048f0                HAL_UART_Init
 .text.HAL_UART_Transmit
                0x08004950       0xbe build/stm32f1xx_hal_uart.o
                0x08004950                HAL_UART_Transmit
 .text.UART_Start_Receive_IT
                0x08004a0e       0x36 build/stm32f1xx_hal_uart.o
                0x08004a0e                UART_Start_Receive_IT
 .text.HAL_UART_Receive_IT
                0x08004a44       0x26 build/stm32f1xx_hal_uart.o
                0x08004a44                HAL_UART_Receive_IT
 .text.SystemInit
                0x08004a6a        0x2 build/system_stm32f1xx.o
                0x08004a6a                SystemInit
 .text.Reset_Handler
                0x08004a6c       0x48 build/startup_stm32f103xb.o
                0x08004a6c                Reset_Handler
 .text.Default_Handler
                0x08004ab4        0x2 build/startup_stm32f103xb.o
                0x08004ab4                RTC_Alarm_IRQHandler
                0x08004ab4                EXTI2_IRQHandler
                0x08004ab4                TIM1_CC_IRQHandler
                0x08004ab4                PVD_IRQHandler
                0x08004ab4                EXTI3_IRQHandler
                0x08004ab4                EXTI0_IRQHandler
                0x08004ab4                ADC1_2_IRQHandler
                0x08004ab4                SPI1_IRQHandler
                0x08004ab4                TAMPER_IRQHandler
                0x08004ab4                DMA1_Channel4_IRQHandler
                0x08004ab4                USART3_IRQHandler
                0x08004ab4                RTC_IRQHandler
                0x08004ab4                DMA1_Channel7_IRQHandler
                0x08004ab4                CAN1_RX1_IRQHandler
                0x08004ab4                TIM4_IRQHandler
                0x08004ab4                DMA1_Channel6_IRQHandler
                0x08004ab4                TIM3_IRQHandler
                0x08004ab4                RCC_IRQHandler
                0x08004ab4                TIM1_TRG_COM_IRQHandler
                0x08004ab4                DMA1_Channel1_IRQHandler
                0x08004ab4                Default_Handler
                0x08004ab4                EXTI15_10_IRQHandler
                0x08004ab4                EXTI9_5_IRQHandler
                0x08004ab4                SPI2_IRQHandler
                0x08004ab4                DMA1_Channel5_IRQHandler
                0x08004ab4                EXTI4_IRQHandler
                0x08004ab4                USB_LP_CAN1_RX0_IRQHandler
                0x08004ab4                USB_HP_CAN1_TX_IRQHandler
                0x08004ab4                DMA1_Channel3_IRQHandler
                0x08004ab4                TIM1_UP_IRQHandler
                0x08004ab4                WWDG_IRQHandler
                0x08004ab4                TIM2_IRQHandler
                0x08004ab4                TIM1_BRK_IRQHandler
                0x08004ab4                EXTI1_IRQHandler
                0x08004ab4                USART2_IRQHandler
                0x08004ab4                I2C2_ER_IRQHandler
                0x08004ab4                DMA1_Channel2_IRQHandler
                0x08004ab4                CAN1_SCE_IRQHandler
                0x08004ab4                FLASH_IRQHandler
                0x08004ab4                USART1_IRQHandler
                0x08004ab4                I2C1_ER_IRQHandler
                0x08004ab4                USBWakeUp_IRQHandler
 *fill*         0x08004ab6        0x2 
 .text._vsprintf_r
                0x08004ab8       0x2c e:/tools_stm/arm-gnu-toolchain-12.3.rel1-mingw-w64-i686-arm-none-eabi/arm-gnu-toolchain-12.3.rel1-mingw-w64-i686-arm-none-eabi/bin/../lib/gcc/arm-none-eabi/12.3.1/thumb/v7-m/nofp\libc_nano.a(libc_a-vsprintf.o)
                0x08004ab8                _vsprintf_r
                0x08004ab8                _vsiprintf_r
 .text.vsprintf
                0x08004ae4       0x14 e:/tools_stm/arm-gnu-toolchain-12.3.rel1-mingw-w64-i686-arm-none-eabi/arm-gnu-toolchain-12.3.rel1-mingw-w64-i686-arm-none-eabi/bin/../lib/gcc/arm-none-eabi/12.3.1/thumb/v7-m/nofp\libc_nano.a(libc_a-vsprintf.o)
                0x08004ae4                vsiprintf
                0x08004ae4                vsprintf
 .text.memset   0x08004af8       0x10 e:/tools_stm/arm-gnu-toolchain-12.3.rel1-mingw-w64-i686-arm-none-eabi/arm-gnu-toolchain-12.3.rel1-mingw-w64-i686-arm-none-eabi/bin/../lib/gcc/arm-none-eabi/12.3.1/thumb/v7-m/nofp\libc_nano.a(libc_a-memset.o)
                0x08004af8                memset
 .text.__libc_init_array
                0x08004b08       0x48 e:/tools_stm/arm-gnu-toolchain-12.3.rel1-mingw-w64-i686-arm-none-eabi/arm-gnu-toolchain-12.3.rel1-mingw-w64-i686-arm-none-eabi/bin/../lib/gcc/arm-none-eabi/12.3.1/thumb/v7-m/nofp\libc_nano.a(libc_a-init.o)
                0x08004b08                __libc_init_array
 .text.__retarget_lock_acquire_recursive
                0x08004b50        0x2 e:/tools_stm/arm-gnu-toolchain-12.3.rel1-mingw-w64-i686-arm-none-eabi/arm-gnu-toolchain-12.3.rel1-mingw-w64-i686-arm-none-eabi/bin/../lib/gcc/arm-none-eabi/12.3.1/thumb/v7-m/nofp\libc_nano.a(libc_a-lock.o)
                0x08004b50                __retarget_lock_acquire_recursive
 .text.__retarget_lock_release_recursive
                0x08004b52        0x2 e:/tools_stm/arm-gnu-toolchain-12.3.rel1-mingw-w64-i686-arm-none-eabi/arm-gnu-toolchain-12.3.rel1-mingw-w64-i686-arm-none-eabi/bin/../lib/gcc/arm-none-eabi/12.3.1/thumb/v7-m/nofp\libc_nano.a(libc_a-lock.o)
                0x08004b52                __retarget_lock_release_recursive
 .text._free_r  0x08004b54       0x90 e:/tools_stm/arm-gnu-toolchain-12.3.rel1-mingw-w64-i686-arm-none-eabi/arm-gnu-toolchain-12.3.rel1-mingw-w64-i686-arm-none-eabi/bin/../lib/gcc/arm-none-eabi/12.3.1/thumb/v7-m/nofp\libc_nano.a(libc_a-freer.o)
                0x08004b54                _free_r
 .text.sbrk_aligned
                0x08004be4       0x44 e:/tools_stm/arm-gnu-toolchain-12.3.rel1-mingw-w64-i686-arm-none-eabi/arm-gnu-toolchain-12.3.rel1-mingw-w64-i686-arm-none-eabi/bin/../lib/gcc/arm-none-eabi/12.3.1/thumb/v7-m/nofp\libc_nano.a(libc_a-mallocr.o)
 .text._malloc_r
                0x08004c28      0x100 e:/tools_stm/arm-gnu-toolchain-12.3.rel1-mingw-w64-i686-arm-none-eabi/arm-gnu-toolchain-12.3.rel1-mingw-w64-i686-arm-none-eabi/bin/../lib/gcc/arm-none-eabi/12.3.1/thumb/v7-m/nofp\libc_nano.a(libc_a-mallocr.o)
                0x08004c28                _malloc_r
 .text.__malloc_lock
                0x08004d28        0xc e:/tools_stm/arm-gnu-toolchain-12.3.rel1-mingw-w64-i686-arm-none-eabi/arm-gnu-toolchain-12.3.rel1-mingw-w64-i686-arm-none-eabi/bin/../lib/gcc/arm-none-eabi/12.3.1/thumb/v7-m/nofp\libc_nano.a(libc_a-mlock.o)
                0x08004d28                __malloc_lock
 .text.__malloc_unlock
                0x08004d34        0xc e:/tools_stm/arm-gnu-toolchain-12.3.rel1-mingw-w64-i686-arm-none-eabi/arm-gnu-toolchain-12.3.rel1-mingw-w64-i686-arm-none-eabi/bin/../lib/gcc/arm-none-eabi/12.3.1/thumb/v7-m/nofp\libc_nano.a(libc_a-mlock.o)
                0x08004d34                __malloc_unlock
 .text.__ssputs_r
                0x08004d40       0xb6 e:/tools_stm/arm-gnu-toolchain-12.3.rel1-mingw-w64-i686-arm-none-eabi/arm-gnu-toolchain-12.3.rel1-mingw-w64-i686-arm-none-eabi/bin/../lib/gcc/arm-none-eabi/12.3.1/thumb/v7-m/nofp\libc_nano.a(libc_a-nano-svfprintf.o)
                0x08004d40                __ssputs_r
 *fill*         0x08004df6        0x2 
 .text._svfprintf_r
                0x08004df8      0x1f8 e:/tools_stm/arm-gnu-toolchain-12.3.rel1-mingw-w64-i686-arm-none-eabi/arm-gnu-toolchain-12.3.rel1-mingw-w64-i686-arm-none-eabi/bin/../lib/gcc/arm-none-eabi/12.3.1/thumb/v7-m/nofp\libc_nano.a(libc_a-nano-svfprintf.o)
                0x08004df8                _svfiprintf_r
                0x08004df8                _svfprintf_r
 .text._printf_common
                0x08004ff0       0xe4 e:/tools_stm/arm-gnu-toolchain-12.3.rel1-mingw-w64-i686-arm-none-eabi/arm-gnu-toolchain-12.3.rel1-mingw-w64-i686-arm-none-eabi/bin/../lib/gcc/arm-none-eabi/12.3.1/thumb/v7-m/nofp\libc_nano.a(libc_a-nano-vfprintf_i.o)
                0x08004ff0                _printf_common
 .text._printf_i
                0x080050d4      0x258 e:/tools_stm/arm-gnu-toolchain-12.3.rel1-mingw-w64-i686-arm-none-eabi/arm-gnu-toolchain-12.3.rel1-mingw-w64-i686-arm-none-eabi/bin/../lib/gcc/arm-none-eabi/12.3.1/thumb/v7-m/nofp\libc_nano.a(libc_a-nano-vfprintf_i.o)
                0x080050d4                _printf_i
 .text.memmove  0x0800532c       0x34 e:/tools_stm/arm-gnu-toolchain-12.3.rel1-mingw-w64-i686-arm-none-eabi/arm-gnu-toolchain-12.3.rel1-mingw-w64-i686-arm-none-eabi/bin/../lib/gcc/arm-none-eabi/12.3.1/thumb/v7-m/nofp\libc_nano.a(libc_a-memmove.o)
                0x0800532c                memmove
 .text._sbrk_r  0x08005360       0x20 e:/tools_stm/arm-gnu-toolchain-12.3.rel1-mingw-w64-i686-arm-none-eabi/arm-gnu-toolchain-12.3.rel1-mingw-w64-i686-arm-none-eabi/bin/../lib/gcc/arm-none-eabi/12.3.1/thumb/v7-m/nofp\libc_nano.a(libc_a-sbrkr.o)
                0x08005360                _sbrk_r
 .text.memchr   0x08005380       0x1c e:/tools_stm/arm-gnu-toolchain-12.3.rel1-mingw-w64-i686-arm-none-eabi/arm-gnu-toolchain-12.3.rel1-mingw-w64-i686-arm-none-eabi/bin/../lib/gcc/arm-none-eabi/12.3.1/thumb/v7-m/nofp\libc_nano.a(libc_a-memchr-stub.o)
                0x08005380                memchr
 .text.memcpy   0x0800539c       0x1c e:/tools_stm/arm-gnu-toolchain-12.3.rel1-mingw-w64-i686-arm-none-eabi/arm-gnu-toolchain-12.3.rel1-mingw-w64-i686-arm-none-eabi/bin/../lib/gcc/arm-none-eabi/12.3.1/thumb/v7-m/nofp\libc_nano.a(libc_a-memcpy-stub.o)
                0x0800539c                memcpy
 .text._realloc_r
                0x080053b8       0x5c e:/tools_stm/arm-gnu-toolchain-12.3.rel1-mingw-w64-i686-arm-none-eabi/arm-gnu-toolchain-12.3.rel1-mingw-w64-i686-arm-none-eabi/bin/../lib/gcc/arm-none-eabi/12.3.1/thumb/v7-m/nofp\libc_nano.a(libc_a-reallocr.o)
                0x080053b8                _realloc_r
 .text._malloc_usable_size_r
                0x08005414       0x10 e:/tools_stm/arm-gnu-toolchain-12.3.rel1-mingw-w64-i686-arm-none-eabi/arm-gnu-toolchain-12.3.rel1-mingw-w64-i686-arm-none-eabi/bin/../lib/gcc/arm-none-eabi/12.3.1/thumb/v7-m/nofp\libc_nano.a(libc_a-msizer.o)
                0x08005414                _malloc_usable_size_r
 .text._sbrk    0x08005424       0x1c e:/tools_stm/arm-gnu-toolchain-12.3.rel1-mingw-w64-i686-arm-none-eabi/arm-gnu-toolchain-12.3.rel1-mingw-w64-i686-arm-none-eabi/bin/../lib/gcc/arm-none-eabi/12.3.1/thumb/v7-m/nofp\libnosys.a(sbrk.o)
                0x08005424                _sbrk
 *(.glue_7)
 .glue_7        0x08005440        0x0 linker stubs
 *(.glue_7t)
 .glue_7t       0x08005440        0x0 linker stubs
 *(.eh_frame)
 .eh_frame      0x08005440        0x0 e:/tools_stm/arm-gnu-toolchain-12.3.rel1-mingw-w64-i686-arm-none-eabi/arm-gnu-toolchain-12.3.rel1-mingw-w64-i686-arm-none-eabi/bin/../lib/gcc/arm-none-eabi/12.3.1/thumb/v7-m/nofp/crtbegin.o
 *(.init)
 .init          0x08005440        0x4 e:/tools_stm/arm-gnu-toolchain-12.3.rel1-mingw-w64-i686-arm-none-eabi/arm-gnu-toolchain-12.3.rel1-mingw-w64-i686-arm-none-eabi/bin/../lib/gcc/arm-none-eabi/12.3.1/thumb/v7-m/nofp/crti.o
                0x08005440                _init
 .init          0x08005444        0x8 e:/tools_stm/arm-gnu-toolchain-12.3.rel1-mingw-w64-i686-arm-none-eabi/arm-gnu-toolchain-12.3.rel1-mingw-w64-i686-arm-none-eabi/bin/../lib/gcc/arm-none-eabi/12.3.1/thumb/v7-m/nofp/crtn.o
 *(.fini)
 .fini          0x0800544c        0x4 e:/tools_stm/arm-gnu-toolchain-12.3.rel1-mingw-w64-i686-arm-none-eabi/arm-gnu-toolchain-12.3.rel1-mingw-w64-i686-arm-none-eabi/bin/../lib/gcc/arm-none-eabi/12.3.1/thumb/v7-m/nofp/crti.o
                0x0800544c                _fini
 .fini          0x08005450        0x8 e:/tools_stm/arm-gnu-toolchain-12.3.rel1-mingw-w64-i686-arm-none-eabi/arm-gnu-toolchain-12.3.rel1-mingw-w64-i686-arm-none-eabi/bin/../lib/gcc/arm-none-eabi/12.3.1/thumb/v7-m/nofp/crtn.o
                0x08005458                        . = ALIGN (0x4)
                0x08005458                        _etext = .

.vfp11_veneer   0x08005458        0x0
 .vfp11_veneer  0x08005458        0x0 linker stubs

.v4_bx          0x08005458        0x0
 .v4_bx         0x08005458        0x0 linker stubs

.iplt           0x08005458        0x0
 .iplt          0x08005458        0x0 e:/tools_stm/arm-gnu-toolchain-12.3.rel1-mingw-w64-i686-arm-none-eabi/arm-gnu-toolchain-12.3.rel1-mingw-w64-i686-arm-none-eabi/bin/../lib/gcc/arm-none-eabi/12.3.1/thumb/v7-m/nofp/crtbegin.o

.rodata         0x08005458      0x35c
                0x08005458                        . = ALIGN (0x4)
 *(.rodata)
 .rodata        0x08005458       0x31 build/oled.o
 *(.rodata*)
 *fill*         0x08005489        0x3 
 .rodata.main.str1.4
                0x0800548c        0x9 build/main.o
 *fill*         0x08005495        0x3 
 .rodata.OLED_Init.str1.4
                0x08005498       0x3b build/oled.o
 *fill*         0x080054d3        0x1 
 .rodata.OLED_drawChart.str1.4
                0x080054d4        0x4 build/oled.o
 .rodata.F6x8   0x080054d8      0x228 build/oled.o
                0x080054d8                F6x8
 .rodata.heart  0x08005700       0x3f build/oled.o
                0x08005700                heart
 *fill*         0x0800573f        0x1 
 .rodata.oled_nums
                0x08005740        0xb build/oled.o
                0x08005740                oled_nums
 *fill*         0x0800574b        0x1 
 .rodata.oled_nums_pos
                0x0800574c        0x6 build/oled.o
                0x0800574c                oled_nums_pos
 *fill*         0x08005752        0x2 
 .rodata.aPLLMULFactorTable.1
                0x08005754       0x10 build/stm32f1xx_hal_rcc.o
 .rodata.aPredivFactorTable.0
                0x08005764        0x2 build/stm32f1xx_hal_rcc.o
 *fill*         0x08005766        0x2 
 .rodata.AHBPrescTable
                0x08005768       0x10 build/system_stm32f1xx.o
                0x08005768                AHBPrescTable
 .rodata.APBPrescTable
                0x08005778        0x8 build/system_stm32f1xx.o
                0x08005778                APBPrescTable
 .rodata._svfprintf_r.str1.1
                0x08005780       0x11 e:/tools_stm/arm-gnu-toolchain-12.3.rel1-mingw-w64-i686-arm-none-eabi/arm-gnu-toolchain-12.3.rel1-mingw-w64-i686-arm-none-eabi/bin/../lib/gcc/arm-none-eabi/12.3.1/thumb/v7-m/nofp\libc_nano.a(libc_a-nano-svfprintf.o)
 .rodata._printf_i.str1.1
                0x08005791       0x22 e:/tools_stm/arm-gnu-toolchain-12.3.rel1-mingw-w64-i686-arm-none-eabi/arm-gnu-toolchain-12.3.rel1-mingw-w64-i686-arm-none-eabi/bin/../lib/gcc/arm-none-eabi/12.3.1/thumb/v7-m/nofp\libc_nano.a(libc_a-nano-vfprintf_i.o)
                0x080057b4                        . = ALIGN (0x4)
 *fill*         0x080057b3        0x1 

.ARM.extab
 *(.ARM.extab* .gnu.linkonce.armextab.*)

.ARM            0x080057b4        0x8
                0x080057b4                        __exidx_start = .
 *(.ARM.exidx*)
 .ARM.exidx     0x080057b4        0x8 e:/tools_stm/arm-gnu-toolchain-12.3.rel1-mingw-w64-i686-arm-none-eabi/arm-gnu-toolchain-12.3.rel1-mingw-w64-i686-arm-none-eabi/bin/../lib/gcc/arm-none-eabi/12.3.1/thumb/v7-m/nofp\libc_nano.a(libc_a-strlen.o)
                0x080057bc                        __exidx_end = .

.rel.dyn        0x080057bc        0x0
 .rel.iplt      0x080057bc        0x0 e:/tools_stm/arm-gnu-toolchain-12.3.rel1-mingw-w64-i686-arm-none-eabi/arm-gnu-toolchain-12.3.rel1-mingw-w64-i686-arm-none-eabi/bin/../lib/gcc/arm-none-eabi/12.3.1/thumb/v7-m/nofp/crtbegin.o

.preinit_array  0x080057bc        0x0
                0x080057bc                        PROVIDE (__preinit_array_start = .)
 *(.preinit_array*)
                0x080057bc                        PROVIDE (__preinit_array_end = .)

.init_array     0x080057bc        0x4
                0x080057bc                        PROVIDE (__init_array_start = .)
 *(SORT_BY_NAME(.init_array.*))
 *(.init_array*)
 .init_array    0x080057bc        0x4 e:/tools_stm/arm-gnu-toolchain-12.3.rel1-mingw-w64-i686-arm-none-eabi/arm-gnu-toolchain-12.3.rel1-mingw-w64-i686-arm-none-eabi/bin/../lib/gcc/arm-none-eabi/12.3.1/thumb/v7-m/nofp/crtbegin.o
                0x080057c0                        PROVIDE (__init_array_end = .)

.fini_array     0x080057c0        0x4
                [!provide]                        PROVIDE (__fini_array_start = .)
 *(SORT_BY_NAME(.fini_array.*))
 *(.fini_array*)
 .fini_array    0x080057c0        0x4 e:/tools_stm/arm-gnu-toolchain-12.3.rel1-mingw-w64-i686-arm-none-eabi/arm-gnu-toolchain-12.3.rel1-mingw-w64-i686-arm-none-eabi/bin/../lib/gcc/arm-none-eabi/12.3.1/thumb/v7-m/nofp/crtbegin.o
                [!provide]                        PROVIDE (__fini_array_end = .)
                0x080057c4                        _sidata = LOADADDR (.data)

.data           0x20000000       0x5c load address 0x080057c4
                0x20000000                        . = ALIGN (0x4)
                0x20000000                        _sdata = .
 *(.data)
 *(.data*)
 .data.uwTickFreq
                0x20000000        0x1 build/stm32f1xx_hal.o
                0x20000000                uwTickFreq
 *fill*         0x20000001        0x3 
 .data.uwTickPrio
                0x20000004        0x4 build/stm32f1xx_hal.o
                0x20000004                uwTickPrio
 .data.SystemCoreClock
                0x20000008        0x4 build/system_stm32f1xx.o
                0x20000008                SystemCoreClock
 .data._impure_ptr
                0x2000000c        0x4 e:/tools_stm/arm-gnu-toolchain-12.3.rel1-mingw-w64-i686-arm-none-eabi/arm-gnu-toolchain-12.3.rel1-mingw-w64-i686-arm-none-eabi/bin/../lib/gcc/arm-none-eabi/12.3.1/thumb/v7-m/nofp\libc_nano.a(libc_a-impure.o)
                0x2000000c                _impure_ptr
 .data._impure_data
                0x20000010       0x4c e:/tools_stm/arm-gnu-toolchain-12.3.rel1-mingw-w64-i686-arm-none-eabi/arm-gnu-toolchain-12.3.rel1-mingw-w64-i686-arm-none-eabi/bin/../lib/gcc/arm-none-eabi/12.3.1/thumb/v7-m/nofp\libc_nano.a(libc_a-impure.o)
                0x20000010                _impure_data
                0x2000005c                        . = ALIGN (0x4)
                0x2000005c                        _edata = .

.tm_clone_table
                0x2000005c        0x0 load address 0x08005820
 .tm_clone_table
                0x2000005c        0x0 e:/tools_stm/arm-gnu-toolchain-12.3.rel1-mingw-w64-i686-arm-none-eabi/arm-gnu-toolchain-12.3.rel1-mingw-w64-i686-arm-none-eabi/bin/../lib/gcc/arm-none-eabi/12.3.1/thumb/v7-m/nofp/crtbegin.o
 .tm_clone_table
                0x2000005c        0x0 e:/tools_stm/arm-gnu-toolchain-12.3.rel1-mingw-w64-i686-arm-none-eabi/arm-gnu-toolchain-12.3.rel1-mingw-w64-i686-arm-none-eabi/bin/../lib/gcc/arm-none-eabi/12.3.1/thumb/v7-m/nofp/crtend.o

.igot.plt       0x2000005c        0x0 load address 0x08005820
 .igot.plt      0x2000005c        0x0 e:/tools_stm/arm-gnu-toolchain-12.3.rel1-mingw-w64-i686-arm-none-eabi/arm-gnu-toolchain-12.3.rel1-mingw-w64-i686-arm-none-eabi/bin/../lib/gcc/arm-none-eabi/12.3.1/thumb/v7-m/nofp/crtbegin.o
                0x2000005c                        . = ALIGN (0x4)

.bss            0x2000005c      0x81c load address 0x08005820
                0x2000005c                        _sbss = .
                0x2000005c                        __bss_start__ = _sbss
 *(.bss)
 *(.bss*)
 .bss.completed.1
                0x2000005c        0x1 e:/tools_stm/arm-gnu-toolchain-12.3.rel1-mingw-w64-i686-arm-none-eabi/arm-gnu-toolchain-12.3.rel1-mingw-w64-i686-arm-none-eabi/bin/../lib/gcc/arm-none-eabi/12.3.1/thumb/v7-m/nofp/crtbegin.o
 *fill*         0x2000005d        0x3 
 .bss.object.0  0x20000060       0x18 e:/tools_stm/arm-gnu-toolchain-12.3.rel1-mingw-w64-i686-arm-none-eabi/arm-gnu-toolchain-12.3.rel1-mingw-w64-i686-arm-none-eabi/bin/../lib/gcc/arm-none-eabi/12.3.1/thumb/v7-m/nofp/crtbegin.o
 .bss.hi2c1     0x20000078       0x54 build/i2c.o
                0x20000078                hi2c1
 .bss.hi2c2     0x200000cc       0x54 build/i2c.o
                0x200000cc                hi2c2
 .bss.huart1    0x20000120       0x48 build/usart.o
                0x20000120                huart1
 .bss.lastTenBeatSampleCount.0
                0x20000168        0xa build/max30102.o
 .bss.eachBeatSampleCount.1
                0x20000172        0x1 build/max30102.o
 *fill*         0x20000173        0x1 
 .bss.last_iRed.2
                0x20000174        0x4 build/max30102.o
 .bss.eachSampleDiff
                0x20000178        0x2 build/max30102.o
                0x20000178                eachSampleDiff
 *fill*         0x2000017a        0x2 
 .bss.iRedDC    0x2000017c        0x4 build/max30102.o
                0x2000017c                iRedDC
 .bss.iRedAC    0x20000180        0x2 build/max30102.o
                0x20000180                iRedAC
 *fill*         0x20000182        0x2 
 .bss.redDC     0x20000184        0x4 build/max30102.o
                0x20000184                redDC
 .bss.redAC     0x20000188        0x2 build/max30102.o
                0x20000188                redAC
 .bss.spo2      0x2000018a        0x1 build/max30102.o
                0x2000018a                spo2
 .bss.heartRate
                0x2000018b        0x1 build/max30102.o
                0x2000018b                heartRate
 .bss.sampleBuff
                0x2000018c      0x190 build/max30102.o
                0x2000018c                sampleBuff
 .bss.rx_debug  0x2000031c        0x1 build/debug.o
 .bss.dat.1     0x2000031d        0x1 build/oled.o
 *fill*         0x2000031e        0x2 
 .bss.oled_cache
                0x20000320      0x400 build/oled.o
                0x20000320                oled_cache
 .bss.point_x   0x20000720        0x1 build/oled.o
                0x20000720                point_x
 .bss.point_y   0x20000721        0x1 build/oled.o
                0x20000721                point_y
 .bss.pos_x_this
                0x20000722        0x1 build/oled.o
                0x20000722                pos_x_this
 .bss.pos_y_old
                0x20000723        0x1 build/oled.o
                0x20000723                pos_y_old
 .bss.whatToDo  0x20000724        0x1 build/oled.o
                0x20000724                whatToDo
 .bss.y.0       0x20000725        0x1 build/oled.o
 *fill*         0x20000726        0x2 
 .bss.uwTick    0x20000728        0x4 build/stm32f1xx_hal.o
                0x20000728                uwTick
 .bss.__sf      0x2000072c      0x138 e:/tools_stm/arm-gnu-toolchain-12.3.rel1-mingw-w64-i686-arm-none-eabi/arm-gnu-toolchain-12.3.rel1-mingw-w64-i686-arm-none-eabi/bin/../lib/gcc/arm-none-eabi/12.3.1/thumb/v7-m/nofp\libc_nano.a(libc_a-findfp.o)
                0x2000072c                __sf
 .bss.errno     0x20000864        0x4 e:/tools_stm/arm-gnu-toolchain-12.3.rel1-mingw-w64-i686-arm-none-eabi/arm-gnu-toolchain-12.3.rel1-mingw-w64-i686-arm-none-eabi/bin/../lib/gcc/arm-none-eabi/12.3.1/thumb/v7-m/nofp\libc_nano.a(libc_a-reent.o)
                0x20000864                errno
 .bss.__lock___malloc_recursive_mutex
                0x20000868        0x1 e:/tools_stm/arm-gnu-toolchain-12.3.rel1-mingw-w64-i686-arm-none-eabi/arm-gnu-toolchain-12.3.rel1-mingw-w64-i686-arm-none-eabi/bin/../lib/gcc/arm-none-eabi/12.3.1/thumb/v7-m/nofp\libc_nano.a(libc_a-lock.o)
                0x20000868                __lock___malloc_recursive_mutex
 *fill*         0x20000869        0x3 
 .bss.__malloc_sbrk_start
                0x2000086c        0x4 e:/tools_stm/arm-gnu-toolchain-12.3.rel1-mingw-w64-i686-arm-none-eabi/arm-gnu-toolchain-12.3.rel1-mingw-w64-i686-arm-none-eabi/bin/../lib/gcc/arm-none-eabi/12.3.1/thumb/v7-m/nofp\libc_nano.a(libc_a-mallocr.o)
                0x2000086c                __malloc_sbrk_start
 .bss.__malloc_free_list
                0x20000870        0x4 e:/tools_stm/arm-gnu-toolchain-12.3.rel1-mingw-w64-i686-arm-none-eabi/arm-gnu-toolchain-12.3.rel1-mingw-w64-i686-arm-none-eabi/bin/../lib/gcc/arm-none-eabi/12.3.1/thumb/v7-m/nofp\libc_nano.a(libc_a-mallocr.o)
                0x20000870                __malloc_free_list
 .bss.heap_end.0
                0x20000874        0x4 e:/tools_stm/arm-gnu-toolchain-12.3.rel1-mingw-w64-i686-arm-none-eabi/arm-gnu-toolchain-12.3.rel1-mingw-w64-i686-arm-none-eabi/bin/../lib/gcc/arm-none-eabi/12.3.1/thumb/v7-m/nofp\libnosys.a(sbrk.o)
 *(COMMON)
                0x20000878                        . = ALIGN (0x4)
                0x20000878                        _ebss = .
                0x20000878                        __bss_end__ = _ebss

._user_heap_stack
                0x20000878      0x600 load address 0x08005820
                0x20000878                        . = ALIGN (0x8)
                0x20000878                        PROVIDE (end = .)
                [!provide]                        PROVIDE (_end = .)
                0x20000a78                        . = (. + _Min_Heap_Size)
 *fill*         0x20000878      0x200 
                0x20000e78                        . = (. + _Min_Stack_Size)
 *fill*         0x20000a78      0x400 
                0x20000e78                        . = ALIGN (0x8)

/DISCARD/
 libc.a(*)
 libm.a(*)
 libgcc.a(*)

.ARM.attributes
                0x00000000       0x29
 *(.ARM.attributes)
 .ARM.attributes
                0x00000000       0x1d e:/tools_stm/arm-gnu-toolchain-12.3.rel1-mingw-w64-i686-arm-none-eabi/arm-gnu-toolchain-12.3.rel1-mingw-w64-i686-arm-none-eabi/bin/../lib/gcc/arm-none-eabi/12.3.1/thumb/v7-m/nofp/crti.o
 .ARM.attributes
                0x0000001d       0x2d e:/tools_stm/arm-gnu-toolchain-12.3.rel1-mingw-w64-i686-arm-none-eabi/arm-gnu-toolchain-12.3.rel1-mingw-w64-i686-arm-none-eabi/bin/../lib/gcc/arm-none-eabi/12.3.1/thumb/v7-m/nofp/crtbegin.o
 .ARM.attributes
                0x0000004a       0x2d build/main.o
 .ARM.attributes
                0x00000077       0x2d build/gpio.o
 .ARM.attributes
                0x000000a4       0x2d build/i2c.o
 .ARM.attributes
                0x000000d1       0x2d build/usart.o
 .ARM.attributes
                0x000000fe       0x2d build/max30102.o
 .ARM.attributes
                0x0000012b       0x2d build/debug.o
 .ARM.attributes
                0x00000158       0x2d build/oled.o
 .ARM.attributes
                0x00000185       0x2d build/stm32f1xx_it.o
 .ARM.attributes
                0x000001b2       0x2d build/stm32f1xx_hal_msp.o
 .ARM.attributes
                0x000001df       0x2d build/stm32f1xx_hal_i2c.o
 .ARM.attributes
                0x0000020c       0x2d build/stm32f1xx_hal.o
 .ARM.attributes
                0x00000239       0x2d build/stm32f1xx_hal_rcc.o
 .ARM.attributes
                0x00000266       0x2d build/stm32f1xx_hal_gpio.o
 .ARM.attributes
                0x00000293       0x2d build/stm32f1xx_hal_dma.o
 .ARM.attributes
                0x000002c0       0x2d build/stm32f1xx_hal_cortex.o
 .ARM.attributes
                0x000002ed       0x2d build/stm32f1xx_hal_uart.o
 .ARM.attributes
                0x0000031a       0x2d build/system_stm32f1xx.o
 .ARM.attributes
                0x00000347       0x21 build/startup_stm32f103xb.o
 .ARM.attributes
                0x00000368       0x2d e:/tools_stm/arm-gnu-toolchain-12.3.rel1-mingw-w64-i686-arm-none-eabi/arm-gnu-toolchain-12.3.rel1-mingw-w64-i686-arm-none-eabi/bin/../lib/gcc/arm-none-eabi/12.3.1/thumb/v7-m/nofp\libc_nano.a(libc_a-findfp.o)
 .ARM.attributes
                0x00000395       0x2d e:/tools_stm/arm-gnu-toolchain-12.3.rel1-mingw-w64-i686-arm-none-eabi/arm-gnu-toolchain-12.3.rel1-mingw-w64-i686-arm-none-eabi/bin/../lib/gcc/arm-none-eabi/12.3.1/thumb/v7-m/nofp\libc_nano.a(libc_a-vsprintf.o)
 .ARM.attributes
                0x000003c2       0x2d e:/tools_stm/arm-gnu-toolchain-12.3.rel1-mingw-w64-i686-arm-none-eabi/arm-gnu-toolchain-12.3.rel1-mingw-w64-i686-arm-none-eabi/bin/../lib/gcc/arm-none-eabi/12.3.1/thumb/v7-m/nofp\libc_nano.a(libc_a-memset.o)
 .ARM.attributes
                0x000003ef       0x2d e:/tools_stm/arm-gnu-toolchain-12.3.rel1-mingw-w64-i686-arm-none-eabi/arm-gnu-toolchain-12.3.rel1-mingw-w64-i686-arm-none-eabi/bin/../lib/gcc/arm-none-eabi/12.3.1/thumb/v7-m/nofp\libc_nano.a(libc_a-reent.o)
 .ARM.attributes
                0x0000041c       0x2d e:/tools_stm/arm-gnu-toolchain-12.3.rel1-mingw-w64-i686-arm-none-eabi/arm-gnu-toolchain-12.3.rel1-mingw-w64-i686-arm-none-eabi/bin/../lib/gcc/arm-none-eabi/12.3.1/thumb/v7-m/nofp\libc_nano.a(libc_a-impure.o)
 .ARM.attributes
                0x00000449       0x2d e:/tools_stm/arm-gnu-toolchain-12.3.rel1-mingw-w64-i686-arm-none-eabi/arm-gnu-toolchain-12.3.rel1-mingw-w64-i686-arm-none-eabi/bin/../lib/gcc/arm-none-eabi/12.3.1/thumb/v7-m/nofp\libc_nano.a(libc_a-init.o)
 .ARM.attributes
                0x00000476       0x2d e:/tools_stm/arm-gnu-toolchain-12.3.rel1-mingw-w64-i686-arm-none-eabi/arm-gnu-toolchain-12.3.rel1-mingw-w64-i686-arm-none-eabi/bin/../lib/gcc/arm-none-eabi/12.3.1/thumb/v7-m/nofp\libc_nano.a(libc_a-lock.o)
 .ARM.attributes
                0x000004a3       0x17 e:/tools_stm/arm-gnu-toolchain-12.3.rel1-mingw-w64-i686-arm-none-eabi/arm-gnu-toolchain-12.3.rel1-mingw-w64-i686-arm-none-eabi/bin/../lib/gcc/arm-none-eabi/12.3.1/thumb/v7-m/nofp\libc_nano.a(libc_a-strlen.o)
 .ARM.attributes
                0x000004ba       0x2d e:/tools_stm/arm-gnu-toolchain-12.3.rel1-mingw-w64-i686-arm-none-eabi/arm-gnu-toolchain-12.3.rel1-mingw-w64-i686-arm-none-eabi/bin/../lib/gcc/arm-none-eabi/12.3.1/thumb/v7-m/nofp\libc_nano.a(libc_a-freer.o)
 .ARM.attributes
                0x000004e7       0x2d e:/tools_stm/arm-gnu-toolchain-12.3.rel1-mingw-w64-i686-arm-none-eabi/arm-gnu-toolchain-12.3.rel1-mingw-w64-i686-arm-none-eabi/bin/../lib/gcc/arm-none-eabi/12.3.1/thumb/v7-m/nofp\libc_nano.a(libc_a-mallocr.o)
 .ARM.attributes
                0x00000514       0x2d e:/tools_stm/arm-gnu-toolchain-12.3.rel1-mingw-w64-i686-arm-none-eabi/arm-gnu-toolchain-12.3.rel1-mingw-w64-i686-arm-none-eabi/bin/../lib/gcc/arm-none-eabi/12.3.1/thumb/v7-m/nofp\libc_nano.a(libc_a-mlock.o)
 .ARM.attributes
                0x00000541       0x2d e:/tools_stm/arm-gnu-toolchain-12.3.rel1-mingw-w64-i686-arm-none-eabi/arm-gnu-toolchain-12.3.rel1-mingw-w64-i686-arm-none-eabi/bin/../lib/gcc/arm-none-eabi/12.3.1/thumb/v7-m/nofp\libc_nano.a(libc_a-nano-svfprintf.o)
 .ARM.attributes
                0x0000056e       0x2d e:/tools_stm/arm-gnu-toolchain-12.3.rel1-mingw-w64-i686-arm-none-eabi/arm-gnu-toolchain-12.3.rel1-mingw-w64-i686-arm-none-eabi/bin/../lib/gcc/arm-none-eabi/12.3.1/thumb/v7-m/nofp\libc_nano.a(libc_a-nano-vfprintf_i.o)
 .ARM.attributes
                0x0000059b       0x2d e:/tools_stm/arm-gnu-toolchain-12.3.rel1-mingw-w64-i686-arm-none-eabi/arm-gnu-toolchain-12.3.rel1-mingw-w64-i686-arm-none-eabi/bin/../lib/gcc/arm-none-eabi/12.3.1/thumb/v7-m/nofp\libc_nano.a(libc_a-memmove.o)
 .ARM.attributes
                0x000005c8       0x2d e:/tools_stm/arm-gnu-toolchain-12.3.rel1-mingw-w64-i686-arm-none-eabi/arm-gnu-toolchain-12.3.rel1-mingw-w64-i686-arm-none-eabi/bin/../lib/gcc/arm-none-eabi/12.3.1/thumb/v7-m/nofp\libc_nano.a(libc_a-sbrkr.o)
 .ARM.attributes
                0x000005f5       0x2d e:/tools_stm/arm-gnu-toolchain-12.3.rel1-mingw-w64-i686-arm-none-eabi/arm-gnu-toolchain-12.3.rel1-mingw-w64-i686-arm-none-eabi/bin/../lib/gcc/arm-none-eabi/12.3.1/thumb/v7-m/nofp\libc_nano.a(libc_a-memchr-stub.o)
 .ARM.attributes
                0x00000622       0x2d e:/tools_stm/arm-gnu-toolchain-12.3.rel1-mingw-w64-i686-arm-none-eabi/arm-gnu-toolchain-12.3.rel1-mingw-w64-i686-arm-none-eabi/bin/../lib/gcc/arm-none-eabi/12.3.1/thumb/v7-m/nofp\libc_nano.a(libc_a-memcpy-stub.o)
 .ARM.attributes
                0x0000064f       0x2d e:/tools_stm/arm-gnu-toolchain-12.3.rel1-mingw-w64-i686-arm-none-eabi/arm-gnu-toolchain-12.3.rel1-mingw-w64-i686-arm-none-eabi/bin/../lib/gcc/arm-none-eabi/12.3.1/thumb/v7-m/nofp\libc_nano.a(libc_a-reallocr.o)
 .ARM.attributes
                0x0000067c       0x2d e:/tools_stm/arm-gnu-toolchain-12.3.rel1-mingw-w64-i686-arm-none-eabi/arm-gnu-toolchain-12.3.rel1-mingw-w64-i686-arm-none-eabi/bin/../lib/gcc/arm-none-eabi/12.3.1/thumb/v7-m/nofp\libc_nano.a(libc_a-msizer.o)
 .ARM.attributes
                0x000006a9       0x2d e:/tools_stm/arm-gnu-toolchain-12.3.rel1-mingw-w64-i686-arm-none-eabi/arm-gnu-toolchain-12.3.rel1-mingw-w64-i686-arm-none-eabi/bin/../lib/gcc/arm-none-eabi/12.3.1/thumb/v7-m/nofp\libnosys.a(sbrk.o)
 .ARM.attributes
                0x000006d6       0x1d e:/tools_stm/arm-gnu-toolchain-12.3.rel1-mingw-w64-i686-arm-none-eabi/arm-gnu-toolchain-12.3.rel1-mingw-w64-i686-arm-none-eabi/bin/../lib/gcc/arm-none-eabi/12.3.1/thumb/v7-m/nofp\libgcc.a(_arm_addsubdf3.o)
 .ARM.attributes
                0x000006f3       0x1d e:/tools_stm/arm-gnu-toolchain-12.3.rel1-mingw-w64-i686-arm-none-eabi/arm-gnu-toolchain-12.3.rel1-mingw-w64-i686-arm-none-eabi/bin/../lib/gcc/arm-none-eabi/12.3.1/thumb/v7-m/nofp\libgcc.a(_arm_muldivdf3.o)
 .ARM.attributes
                0x00000710       0x1d e:/tools_stm/arm-gnu-toolchain-12.3.rel1-mingw-w64-i686-arm-none-eabi/arm-gnu-toolchain-12.3.rel1-mingw-w64-i686-arm-none-eabi/bin/../lib/gcc/arm-none-eabi/12.3.1/thumb/v7-m/nofp\libgcc.a(_arm_cmpdf2.o)
 .ARM.attributes
                0x0000072d       0x1d e:/tools_stm/arm-gnu-toolchain-12.3.rel1-mingw-w64-i686-arm-none-eabi/arm-gnu-toolchain-12.3.rel1-mingw-w64-i686-arm-none-eabi/bin/../lib/gcc/arm-none-eabi/12.3.1/thumb/v7-m/nofp\libgcc.a(_arm_fixunsdfsi.o)
 .ARM.attributes
                0x0000074a       0x1d e:/tools_stm/arm-gnu-toolchain-12.3.rel1-mingw-w64-i686-arm-none-eabi/arm-gnu-toolchain-12.3.rel1-mingw-w64-i686-arm-none-eabi/bin/../lib/gcc/arm-none-eabi/12.3.1/thumb/v7-m/nofp\libgcc.a(_arm_addsubsf3.o)
 .ARM.attributes
                0x00000767       0x1d e:/tools_stm/arm-gnu-toolchain-12.3.rel1-mingw-w64-i686-arm-none-eabi/arm-gnu-toolchain-12.3.rel1-mingw-w64-i686-arm-none-eabi/bin/../lib/gcc/arm-none-eabi/12.3.1/thumb/v7-m/nofp\libgcc.a(_arm_muldivsf3.o)
 .ARM.attributes
                0x00000784       0x1d e:/tools_stm/arm-gnu-toolchain-12.3.rel1-mingw-w64-i686-arm-none-eabi/arm-gnu-toolchain-12.3.rel1-mingw-w64-i686-arm-none-eabi/bin/../lib/gcc/arm-none-eabi/12.3.1/thumb/v7-m/nofp\libgcc.a(_arm_cmpsf2.o)
 .ARM.attributes
                0x000007a1       0x1d e:/tools_stm/arm-gnu-toolchain-12.3.rel1-mingw-w64-i686-arm-none-eabi/arm-gnu-toolchain-12.3.rel1-mingw-w64-i686-arm-none-eabi/bin/../lib/gcc/arm-none-eabi/12.3.1/thumb/v7-m/nofp\libgcc.a(_arm_fixunssfsi.o)
 .ARM.attributes
                0x000007be       0x2d e:/tools_stm/arm-gnu-toolchain-12.3.rel1-mingw-w64-i686-arm-none-eabi/arm-gnu-toolchain-12.3.rel1-mingw-w64-i686-arm-none-eabi/bin/../lib/gcc/arm-none-eabi/12.3.1/thumb/v7-m/nofp/crtend.o
 .ARM.attributes
                0x000007eb       0x1d e:/tools_stm/arm-gnu-toolchain-12.3.rel1-mingw-w64-i686-arm-none-eabi/arm-gnu-toolchain-12.3.rel1-mingw-w64-i686-arm-none-eabi/bin/../lib/gcc/arm-none-eabi/12.3.1/thumb/v7-m/nofp/crtn.o
OUTPUT(build/Test.elf elf32-littlearm)
LOAD linker stubs
LOAD e:/tools_stm/arm-gnu-toolchain-12.3.rel1-mingw-w64-i686-arm-none-eabi/arm-gnu-toolchain-12.3.rel1-mingw-w64-i686-arm-none-eabi/bin/../lib/gcc/arm-none-eabi/12.3.1/thumb/v7-m/nofp\libc.a
LOAD e:/tools_stm/arm-gnu-toolchain-12.3.rel1-mingw-w64-i686-arm-none-eabi/arm-gnu-toolchain-12.3.rel1-mingw-w64-i686-arm-none-eabi/bin/../lib/gcc/arm-none-eabi/12.3.1/thumb/v7-m/nofp\libm.a
LOAD e:/tools_stm/arm-gnu-toolchain-12.3.rel1-mingw-w64-i686-arm-none-eabi/arm-gnu-toolchain-12.3.rel1-mingw-w64-i686-arm-none-eabi/bin/../lib/gcc/arm-none-eabi/12.3.1/thumb/v7-m/nofp\libgcc.a

.debug_info     0x00000000    0x1146e
 .debug_info    0x00000000     0x105a build/main.o
 .debug_info    0x0000105a      0x366 build/gpio.o
 .debug_info    0x000013c0      0xbc4 build/i2c.o
 .debug_info    0x00001f84      0x90b build/usart.o
 .debug_info    0x0000288f     0x122a build/max30102.o
 .debug_info    0x00003ab9      0x800 build/debug.o
 .debug_info    0x000042b9     0x1429 build/oled.o
 .debug_info    0x000056e2      0x77a build/stm32f1xx_it.o
 .debug_info    0x00005e5c      0x238 build/stm32f1xx_hal_msp.o
 .debug_info    0x00006094     0x3ca0 build/stm32f1xx_hal_i2c.o
 .debug_info    0x00009d34      0x855 build/stm32f1xx_hal.o
 .debug_info    0x0000a589      0xaf0 build/stm32f1xx_hal_rcc.o
 .debug_info    0x0000b079      0x6d7 build/stm32f1xx_hal_gpio.o
 .debug_info    0x0000b750      0x8c0 build/stm32f1xx_hal_dma.o
 .debug_info    0x0000c010      0xe2d build/stm32f1xx_hal_cortex.o
 .debug_info    0x0000ce3d     0x43a1 build/stm32f1xx_hal_uart.o
 .debug_info    0x000111de      0x26e build/system_stm32f1xx.o
 .debug_info    0x0001144c       0x22 build/startup_stm32f103xb.o

.debug_abbrev   0x00000000     0x2590
 .debug_abbrev  0x00000000      0x2e5 build/main.o
 .debug_abbrev  0x000002e5      0x13f build/gpio.o
 .debug_abbrev  0x00000424      0x1ce build/i2c.o
 .debug_abbrev  0x000005f2      0x1cc build/usart.o
 .debug_abbrev  0x000007be      0x28f build/max30102.o
 .debug_abbrev  0x00000a4d      0x20c build/debug.o
 .debug_abbrev  0x00000c59      0x2ff build/oled.o
 .debug_abbrev  0x00000f58      0x157 build/stm32f1xx_it.o
 .debug_abbrev  0x000010af       0xe7 build/stm32f1xx_hal_msp.o
 .debug_abbrev  0x00001196      0x306 build/stm32f1xx_hal_i2c.o
 .debug_abbrev  0x0000149c      0x1f7 build/stm32f1xx_hal.o
 .debug_abbrev  0x00001693      0x2b8 build/stm32f1xx_hal_rcc.o
 .debug_abbrev  0x0000194b      0x222 build/stm32f1xx_hal_gpio.o
 .debug_abbrev  0x00001b6d      0x244 build/stm32f1xx_hal_dma.o
 .debug_abbrev  0x00001db1      0x359 build/stm32f1xx_hal_cortex.o
 .debug_abbrev  0x0000210a      0x334 build/stm32f1xx_hal_uart.o
 .debug_abbrev  0x0000243e      0x140 build/system_stm32f1xx.o
 .debug_abbrev  0x0000257e       0x12 build/startup_stm32f103xb.o

.debug_loc      0x00000000     0xd19a
 .debug_loc     0x00000000      0x14e build/main.o
 .debug_loc     0x0000014e       0x38 build/gpio.o
 .debug_loc     0x00000186      0x162 build/i2c.o
 .debug_loc     0x000002e8      0x108 build/usart.o
 .debug_loc     0x000003f0      0x5a5 build/max30102.o
 .debug_loc     0x00000995      0x129 build/debug.o
 .debug_loc     0x00000abe      0x8e1 build/oled.o
 .debug_loc     0x0000139f       0x60 build/stm32f1xx_it.o
 .debug_loc     0x000013ff       0x41 build/stm32f1xx_hal_msp.o
 .debug_loc     0x00001440     0x4e5a build/stm32f1xx_hal_i2c.o
 .debug_loc     0x0000629a      0x1e1 build/stm32f1xx_hal.o
 .debug_loc     0x0000647b      0x790 build/stm32f1xx_hal_rcc.o
 .debug_loc     0x00006c0b      0x551 build/stm32f1xx_hal_gpio.o
 .debug_loc     0x0000715c      0x901 build/stm32f1xx_hal_dma.o
 .debug_loc     0x00007a5d      0x77f build/stm32f1xx_hal_cortex.o
 .debug_loc     0x000081dc     0x4ebf build/stm32f1xx_hal_uart.o
 .debug_loc     0x0000d09b       0xff build/system_stm32f1xx.o

.debug_aranges  0x00000000      0xa60
 .debug_aranges
                0x00000000       0x40 build/main.o
 .debug_aranges
                0x00000040       0x20 build/gpio.o
 .debug_aranges
                0x00000060       0x38 build/i2c.o
 .debug_aranges
                0x00000098       0x30 build/usart.o
 .debug_aranges
                0x000000c8       0x80 build/max30102.o
 .debug_aranges
                0x00000148       0x38 build/debug.o
 .debug_aranges
                0x00000180       0x78 build/oled.o
 .debug_aranges
                0x000001f8       0x70 build/stm32f1xx_it.o
 .debug_aranges
                0x00000268       0x20 build/stm32f1xx_hal_msp.o
 .debug_aranges
                0x00000288      0x2a8 build/stm32f1xx_hal_i2c.o
 .debug_aranges
                0x00000530       0xe0 build/stm32f1xx_hal.o
 .debug_aranges
                0x00000610       0x90 build/stm32f1xx_hal_rcc.o
 .debug_aranges
                0x000006a0       0x58 build/stm32f1xx_hal_gpio.o
 .debug_aranges
                0x000006f8       0x80 build/stm32f1xx_hal_dma.o
 .debug_aranges
                0x00000778       0x90 build/stm32f1xx_hal_cortex.o
 .debug_aranges
                0x00000808      0x208 build/stm32f1xx_hal_uart.o
 .debug_aranges
                0x00000a10       0x28 build/system_stm32f1xx.o
 .debug_aranges
                0x00000a38       0x28 build/startup_stm32f103xb.o

.debug_ranges   0x00000000      0xa28
 .debug_ranges  0x00000000       0x48 build/main.o
 .debug_ranges  0x00000048       0x10 build/gpio.o
 .debug_ranges  0x00000058       0x28 build/i2c.o
 .debug_ranges  0x00000080       0x20 build/usart.o
 .debug_ranges  0x000000a0       0x88 build/max30102.o
 .debug_ranges  0x00000128       0x28 build/debug.o
 .debug_ranges  0x00000150       0x68 build/oled.o
 .debug_ranges  0x000001b8       0x60 build/stm32f1xx_it.o
 .debug_ranges  0x00000218       0x10 build/stm32f1xx_hal_msp.o
 .debug_ranges  0x00000228      0x2b0 build/stm32f1xx_hal_i2c.o
 .debug_ranges  0x000004d8       0xd0 build/stm32f1xx_hal.o
 .debug_ranges  0x000005a8       0xa0 build/stm32f1xx_hal_rcc.o
 .debug_ranges  0x00000648       0x48 build/stm32f1xx_hal_gpio.o
 .debug_ranges  0x00000690       0x70 build/stm32f1xx_hal_dma.o
 .debug_ranges  0x00000700       0xe0 build/stm32f1xx_hal_cortex.o
 .debug_ranges  0x000007e0      0x210 build/stm32f1xx_hal_uart.o
 .debug_ranges  0x000009f0       0x18 build/system_stm32f1xx.o
 .debug_ranges  0x00000a08       0x20 build/startup_stm32f103xb.o

.debug_line     0x00000000     0xeb19
 .debug_line    0x00000000      0x4cf build/main.o
 .debug_line    0x000004cf      0x1e9 build/gpio.o
 .debug_line    0x000006b8      0x3ad build/i2c.o
 .debug_line    0x00000a65      0x2eb build/usart.o
 .debug_line    0x00000d50      0x81b build/max30102.o
 .debug_line    0x0000156b      0x358 build/debug.o
 .debug_line    0x000018c3      0xa19 build/oled.o
 .debug_line    0x000022dc      0x2fc build/stm32f1xx_it.o
 .debug_line    0x000025d8      0x174 build/stm32f1xx_hal_msp.o
 .debug_line    0x0000274c     0x55e8 build/stm32f1xx_hal_i2c.o
 .debug_line    0x00007d34      0x526 build/stm32f1xx_hal.o
 .debug_line    0x0000825a      0xc16 build/stm32f1xx_hal_rcc.o
 .debug_line    0x00008e70      0x5d9 build/stm32f1xx_hal_gpio.o
 .debug_line    0x00009449      0xa52 build/stm32f1xx_hal_dma.o
 .debug_line    0x00009e9b      0x631 build/stm32f1xx_hal_cortex.o
 .debug_line    0x0000a4cc     0x439b build/stm32f1xx_hal_uart.o
 .debug_line    0x0000e867      0x23e build/system_stm32f1xx.o
 .debug_line    0x0000eaa5       0x74 build/startup_stm32f103xb.o

.debug_str      0x00000000     0x2eec
 .debug_str     0x00000000      0xb24 build/main.o
                                0xbda (size before relaxing)
 .debug_str     0x00000b24      0x144 build/gpio.o
                                0x247 (size before relaxing)
 .debug_str     0x00000c68      0x2ca build/i2c.o
                                0x9fa (size before relaxing)
 .debug_str     0x00000f32       0x55 build/usart.o
                                0x68a (size before relaxing)
 .debug_str     0x00000f87      0x22f build/max30102.o
                                0x8af (size before relaxing)
 .debug_str     0x000011b6       0xa4 build/debug.o
                                0x61e (size before relaxing)
 .debug_str     0x0000125a      0x128 build/oled.o
                                0x773 (size before relaxing)
 .debug_str     0x00001382       0xf0 build/stm32f1xx_it.o
                                0x6c4 (size before relaxing)
 .debug_str     0x00001472       0x57 build/stm32f1xx_hal_msp.o
                                0x1e9 (size before relaxing)
 .debug_str     0x000014c9      0x8bd build/stm32f1xx_hal_i2c.o
                                0xf8f (size before relaxing)
 .debug_str     0x00001d86      0x2d9 build/stm32f1xx_hal.o
                                0x7ee (size before relaxing)
 .debug_str     0x0000205f      0x1ed build/stm32f1xx_hal_rcc.o
                                0x5f5 (size before relaxing)
 .debug_str     0x0000224c       0xe0 build/stm32f1xx_hal_gpio.o
                                0x3ca (size before relaxing)
 .debug_str     0x0000232c      0x204 build/stm32f1xx_hal_dma.o
                                0x5c7 (size before relaxing)
 .debug_str     0x00002530      0x37c build/stm32f1xx_hal_cortex.o
                                0x89d (size before relaxing)
 .debug_str     0x000028ac      0x5cd build/stm32f1xx_hal_uart.o
                                0xcbe (size before relaxing)
 .debug_str     0x00002e79       0x4f build/system_stm32f1xx.o
                                0x21e (size before relaxing)
 .debug_str     0x00002ec8       0x24 build/startup_stm32f103xb.o
                                 0x3d (size before relaxing)

.comment        0x00000000       0x8e
 .comment       0x00000000       0x45 build/main.o
                                 0x46 (size before relaxing)
 .comment       0x00000045       0x49 build/gpio.o
                                 0x4a (size before relaxing)
 .comment       0x0000008e       0x4a build/i2c.o
 .comment       0x0000008e       0x4a build/usart.o
 .comment       0x0000008e       0x46 build/max30102.o
 .comment       0x0000008e       0x4a build/debug.o
 .comment       0x0000008e       0x4a build/oled.o
 .comment       0x0000008e       0x4a build/stm32f1xx_it.o
 .comment       0x0000008e       0x4a build/stm32f1xx_hal_msp.o
 .comment       0x0000008e       0x4a build/stm32f1xx_hal_i2c.o
 .comment       0x0000008e       0x4a build/stm32f1xx_hal.o
 .comment       0x0000008e       0x4a build/stm32f1xx_hal_rcc.o
 .comment       0x0000008e       0x4a build/stm32f1xx_hal_gpio.o
 .comment       0x0000008e       0x4a build/stm32f1xx_hal_dma.o
 .comment       0x0000008e       0x4a build/stm32f1xx_hal_cortex.o
 .comment       0x0000008e       0x4a build/stm32f1xx_hal_uart.o
 .comment       0x0000008e       0x4a build/system_stm32f1xx.o

.debug_frame    0x00000000     0x24f8
 .debug_frame   0x00000000       0x8c build/main.o
 .debug_frame   0x0000008c       0x34 build/gpio.o
 .debug_frame   0x000000c0       0x78 build/i2c.o
 .debug_frame   0x00000138       0x60 build/usart.o
 .debug_frame   0x00000198      0x194 build/max30102.o
 .debug_frame   0x0000032c       0x94 build/debug.o
 .debug_frame   0x000003c0      0x14c build/oled.o
 .debug_frame   0x0000050c       0xd8 build/stm32f1xx_it.o
 .debug_frame   0x000005e4       0x28 build/stm32f1xx_hal_msp.o
 .debug_frame   0x0000060c      0x984 build/stm32f1xx_hal_i2c.o
 .debug_frame   0x00000f90      0x1cc build/stm32f1xx_hal.o
 .debug_frame   0x0000115c      0x184 build/stm32f1xx_hal_rcc.o
 .debug_frame   0x000012e0       0xe4 build/stm32f1xx_hal_gpio.o
 .debug_frame   0x000013c4      0x144 build/stm32f1xx_hal_dma.o
 .debug_frame   0x00001508      0x118 build/stm32f1xx_hal_cortex.o
 .debug_frame   0x00001620      0x5d8 build/stm32f1xx_hal_uart.o
 .debug_frame   0x00001bf8       0x30 build/system_stm32f1xx.o
 .debug_frame   0x00001c28      0x144 e:/tools_stm/arm-gnu-toolchain-12.3.rel1-mingw-w64-i686-arm-none-eabi/arm-gnu-toolchain-12.3.rel1-mingw-w64-i686-arm-none-eabi/bin/../lib/gcc/arm-none-eabi/12.3.1/thumb/v7-m/nofp\libc_nano.a(libc_a-findfp.o)
 .debug_frame   0x00001d6c       0x3c e:/tools_stm/arm-gnu-toolchain-12.3.rel1-mingw-w64-i686-arm-none-eabi/arm-gnu-toolchain-12.3.rel1-mingw-w64-i686-arm-none-eabi/bin/../lib/gcc/arm-none-eabi/12.3.1/thumb/v7-m/nofp\libc_nano.a(libc_a-vsprintf.o)
 .debug_frame   0x00001da8       0x20 e:/tools_stm/arm-gnu-toolchain-12.3.rel1-mingw-w64-i686-arm-none-eabi/arm-gnu-toolchain-12.3.rel1-mingw-w64-i686-arm-none-eabi/bin/../lib/gcc/arm-none-eabi/12.3.1/thumb/v7-m/nofp\libc_nano.a(libc_a-memset.o)
 .debug_frame   0x00001dc8       0x38 e:/tools_stm/arm-gnu-toolchain-12.3.rel1-mingw-w64-i686-arm-none-eabi/arm-gnu-toolchain-12.3.rel1-mingw-w64-i686-arm-none-eabi/bin/../lib/gcc/arm-none-eabi/12.3.1/thumb/v7-m/nofp\libc_nano.a(libc_a-reent.o)
 .debug_frame   0x00001e00       0x2c e:/tools_stm/arm-gnu-toolchain-12.3.rel1-mingw-w64-i686-arm-none-eabi/arm-gnu-toolchain-12.3.rel1-mingw-w64-i686-arm-none-eabi/bin/../lib/gcc/arm-none-eabi/12.3.1/thumb/v7-m/nofp\libc_nano.a(libc_a-init.o)
 .debug_frame   0x00001e2c       0xb0 e:/tools_stm/arm-gnu-toolchain-12.3.rel1-mingw-w64-i686-arm-none-eabi/arm-gnu-toolchain-12.3.rel1-mingw-w64-i686-arm-none-eabi/bin/../lib/gcc/arm-none-eabi/12.3.1/thumb/v7-m/nofp\libc_nano.a(libc_a-lock.o)
 .debug_frame   0x00001edc       0x38 e:/tools_stm/arm-gnu-toolchain-12.3.rel1-mingw-w64-i686-arm-none-eabi/arm-gnu-toolchain-12.3.rel1-mingw-w64-i686-arm-none-eabi/bin/../lib/gcc/arm-none-eabi/12.3.1/thumb/v7-m/nofp\libc_nano.a(libc_a-freer.o)
 .debug_frame   0x00001f14       0x50 e:/tools_stm/arm-gnu-toolchain-12.3.rel1-mingw-w64-i686-arm-none-eabi/arm-gnu-toolchain-12.3.rel1-mingw-w64-i686-arm-none-eabi/bin/../lib/gcc/arm-none-eabi/12.3.1/thumb/v7-m/nofp\libc_nano.a(libc_a-mallocr.o)
 .debug_frame   0x00001f64       0x30 e:/tools_stm/arm-gnu-toolchain-12.3.rel1-mingw-w64-i686-arm-none-eabi/arm-gnu-toolchain-12.3.rel1-mingw-w64-i686-arm-none-eabi/bin/../lib/gcc/arm-none-eabi/12.3.1/thumb/v7-m/nofp\libc_nano.a(libc_a-mlock.o)
 .debug_frame   0x00001f94       0x90 e:/tools_stm/arm-gnu-toolchain-12.3.rel1-mingw-w64-i686-arm-none-eabi/arm-gnu-toolchain-12.3.rel1-mingw-w64-i686-arm-none-eabi/bin/../lib/gcc/arm-none-eabi/12.3.1/thumb/v7-m/nofp\libc_nano.a(libc_a-nano-svfprintf.o)
 .debug_frame   0x00002024       0x60 e:/tools_stm/arm-gnu-toolchain-12.3.rel1-mingw-w64-i686-arm-none-eabi/arm-gnu-toolchain-12.3.rel1-mingw-w64-i686-arm-none-eabi/bin/../lib/gcc/arm-none-eabi/12.3.1/thumb/v7-m/nofp\libc_nano.a(libc_a-nano-vfprintf_i.o)
 .debug_frame   0x00002084       0x28 e:/tools_stm/arm-gnu-toolchain-12.3.rel1-mingw-w64-i686-arm-none-eabi/arm-gnu-toolchain-12.3.rel1-mingw-w64-i686-arm-none-eabi/bin/../lib/gcc/arm-none-eabi/12.3.1/thumb/v7-m/nofp\libc_nano.a(libc_a-memmove.o)
 .debug_frame   0x000020ac       0x2c e:/tools_stm/arm-gnu-toolchain-12.3.rel1-mingw-w64-i686-arm-none-eabi/arm-gnu-toolchain-12.3.rel1-mingw-w64-i686-arm-none-eabi/bin/../lib/gcc/arm-none-eabi/12.3.1/thumb/v7-m/nofp\libc_nano.a(libc_a-sbrkr.o)
 .debug_frame   0x000020d8       0x28 e:/tools_stm/arm-gnu-toolchain-12.3.rel1-mingw-w64-i686-arm-none-eabi/arm-gnu-toolchain-12.3.rel1-mingw-w64-i686-arm-none-eabi/bin/../lib/gcc/arm-none-eabi/12.3.1/thumb/v7-m/nofp\libc_nano.a(libc_a-memchr-stub.o)
 .debug_frame   0x00002100       0x28 e:/tools_stm/arm-gnu-toolchain-12.3.rel1-mingw-w64-i686-arm-none-eabi/arm-gnu-toolchain-12.3.rel1-mingw-w64-i686-arm-none-eabi/bin/../lib/gcc/arm-none-eabi/12.3.1/thumb/v7-m/nofp\libc_nano.a(libc_a-memcpy-stub.o)
 .debug_frame   0x00002128       0x3c e:/tools_stm/arm-gnu-toolchain-12.3.rel1-mingw-w64-i686-arm-none-eabi/arm-gnu-toolchain-12.3.rel1-mingw-w64-i686-arm-none-eabi/bin/../lib/gcc/arm-none-eabi/12.3.1/thumb/v7-m/nofp\libc_nano.a(libc_a-reallocr.o)
 .debug_frame   0x00002164       0x20 e:/tools_stm/arm-gnu-toolchain-12.3.rel1-mingw-w64-i686-arm-none-eabi/arm-gnu-toolchain-12.3.rel1-mingw-w64-i686-arm-none-eabi/bin/../lib/gcc/arm-none-eabi/12.3.1/thumb/v7-m/nofp\libc_nano.a(libc_a-msizer.o)
 .debug_frame   0x00002184       0x20 e:/tools_stm/arm-gnu-toolchain-12.3.rel1-mingw-w64-i686-arm-none-eabi/arm-gnu-toolchain-12.3.rel1-mingw-w64-i686-arm-none-eabi/bin/../lib/gcc/arm-none-eabi/12.3.1/thumb/v7-m/nofp\libnosys.a(sbrk.o)
 .debug_frame   0x000021a4       0xac e:/tools_stm/arm-gnu-toolchain-12.3.rel1-mingw-w64-i686-arm-none-eabi/arm-gnu-toolchain-12.3.rel1-mingw-w64-i686-arm-none-eabi/bin/../lib/gcc/arm-none-eabi/12.3.1/thumb/v7-m/nofp\libgcc.a(_arm_addsubdf3.o)
 .debug_frame   0x00002250       0x50 e:/tools_stm/arm-gnu-toolchain-12.3.rel1-mingw-w64-i686-arm-none-eabi/arm-gnu-toolchain-12.3.rel1-mingw-w64-i686-arm-none-eabi/bin/../lib/gcc/arm-none-eabi/12.3.1/thumb/v7-m/nofp\libgcc.a(_arm_muldivdf3.o)
 .debug_frame   0x000022a0       0xc4 e:/tools_stm/arm-gnu-toolchain-12.3.rel1-mingw-w64-i686-arm-none-eabi/arm-gnu-toolchain-12.3.rel1-mingw-w64-i686-arm-none-eabi/bin/../lib/gcc/arm-none-eabi/12.3.1/thumb/v7-m/nofp\libgcc.a(_arm_cmpdf2.o)
 .debug_frame   0x00002364       0x24 e:/tools_stm/arm-gnu-toolchain-12.3.rel1-mingw-w64-i686-arm-none-eabi/arm-gnu-toolchain-12.3.rel1-mingw-w64-i686-arm-none-eabi/bin/../lib/gcc/arm-none-eabi/12.3.1/thumb/v7-m/nofp\libgcc.a(_arm_fixunsdfsi.o)
 .debug_frame   0x00002388       0x4c e:/tools_stm/arm-gnu-toolchain-12.3.rel1-mingw-w64-i686-arm-none-eabi/arm-gnu-toolchain-12.3.rel1-mingw-w64-i686-arm-none-eabi/bin/../lib/gcc/arm-none-eabi/12.3.1/thumb/v7-m/nofp\libgcc.a(_arm_addsubsf3.o)
 .debug_frame   0x000023d4       0x38 e:/tools_stm/arm-gnu-toolchain-12.3.rel1-mingw-w64-i686-arm-none-eabi/arm-gnu-toolchain-12.3.rel1-mingw-w64-i686-arm-none-eabi/bin/../lib/gcc/arm-none-eabi/12.3.1/thumb/v7-m/nofp\libgcc.a(_arm_muldivsf3.o)
 .debug_frame   0x0000240c       0xc8 e:/tools_stm/arm-gnu-toolchain-12.3.rel1-mingw-w64-i686-arm-none-eabi/arm-gnu-toolchain-12.3.rel1-mingw-w64-i686-arm-none-eabi/bin/../lib/gcc/arm-none-eabi/12.3.1/thumb/v7-m/nofp\libgcc.a(_arm_cmpsf2.o)
 .debug_frame   0x000024d4       0x24 e:/tools_stm/arm-gnu-toolchain-12.3.rel1-mingw-w64-i686-arm-none-eabi/arm-gnu-toolchain-12.3.rel1-mingw-w64-i686-arm-none-eabi/bin/../lib/gcc/arm-none-eabi/12.3.1/thumb/v7-m/nofp\libgcc.a(_arm_fixunssfsi.o)

.debug_line_str
                0x00000000      0x1be
 .debug_line_str
                0x00000000       0xe7 e:/tools_stm/arm-gnu-toolchain-12.3.rel1-mingw-w64-i686-arm-none-eabi/arm-gnu-toolchain-12.3.rel1-mingw-w64-i686-arm-none-eabi/bin/../lib/gcc/arm-none-eabi/12.3.1/thumb/v7-m/nofp\libc_nano.a(libc_a-strlen.o)
 .debug_line_str
                0x000000e7       0xca e:/tools_stm/arm-gnu-toolchain-12.3.rel1-mingw-w64-i686-arm-none-eabi/arm-gnu-toolchain-12.3.rel1-mingw-w64-i686-arm-none-eabi/bin/../lib/gcc/arm-none-eabi/12.3.1/thumb/v7-m/nofp\libgcc.a(_arm_addsubdf3.o)
 .debug_line_str
                0x000001b1       0xca e:/tools_stm/arm-gnu-toolchain-12.3.rel1-mingw-w64-i686-arm-none-eabi/arm-gnu-toolchain-12.3.rel1-mingw-w64-i686-arm-none-eabi/bin/../lib/gcc/arm-none-eabi/12.3.1/thumb/v7-m/nofp\libgcc.a(_arm_muldivdf3.o)
 .debug_line_str
                0x000001b1       0xca e:/tools_stm/arm-gnu-toolchain-12.3.rel1-mingw-w64-i686-arm-none-eabi/arm-gnu-toolchain-12.3.rel1-mingw-w64-i686-arm-none-eabi/bin/../lib/gcc/arm-none-eabi/12.3.1/thumb/v7-m/nofp\libgcc.a(_arm_cmpdf2.o)
 .debug_line_str
                0x000001b1       0xca e:/tools_stm/arm-gnu-toolchain-12.3.rel1-mingw-w64-i686-arm-none-eabi/arm-gnu-toolchain-12.3.rel1-mingw-w64-i686-arm-none-eabi/bin/../lib/gcc/arm-none-eabi/12.3.1/thumb/v7-m/nofp\libgcc.a(_arm_fixunsdfsi.o)
 .debug_line_str
                0x000001b1        0xd e:/tools_stm/arm-gnu-toolchain-12.3.rel1-mingw-w64-i686-arm-none-eabi/arm-gnu-toolchain-12.3.rel1-mingw-w64-i686-arm-none-eabi/bin/../lib/gcc/arm-none-eabi/12.3.1/thumb/v7-m/nofp\libgcc.a(_arm_addsubsf3.o)
                                 0xca (size before relaxing)
 .debug_line_str
                0x000001be       0xca e:/tools_stm/arm-gnu-toolchain-12.3.rel1-mingw-w64-i686-arm-none-eabi/arm-gnu-toolchain-12.3.rel1-mingw-w64-i686-arm-none-eabi/bin/../lib/gcc/arm-none-eabi/12.3.1/thumb/v7-m/nofp\libgcc.a(_arm_muldivsf3.o)
 .debug_line_str
                0x000001be       0xca e:/tools_stm/arm-gnu-toolchain-12.3.rel1-mingw-w64-i686-arm-none-eabi/arm-gnu-toolchain-12.3.rel1-mingw-w64-i686-arm-none-eabi/bin/../lib/gcc/arm-none-eabi/12.3.1/thumb/v7-m/nofp\libgcc.a(_arm_cmpsf2.o)
 .debug_line_str
                0x000001be       0xca e:/tools_stm/arm-gnu-toolchain-12.3.rel1-mingw-w64-i686-arm-none-eabi/arm-gnu-toolchain-12.3.rel1-mingw-w64-i686-arm-none-eabi/bin/../lib/gcc/arm-none-eabi/12.3.1/thumb/v7-m/nofp\libgcc.a(_arm_fixunssfsi.o)

Cross Reference Table

Symbol                                            File
ADC1_2_IRQHandler                                 build/startup_stm32f103xb.o
AHBPrescTable                                     build/system_stm32f1xx.o
                                                  build/stm32f1xx_hal_rcc.o
APBPrescTable                                     build/system_stm32f1xx.o
                                                  build/stm32f1xx_hal_rcc.o
BusFault_Handler                                  build/stm32f1xx_it.o
CAN1_RX1_IRQHandler                               build/startup_stm32f103xb.o
CAN1_SCE_IRQHandler                               build/startup_stm32f103xb.o
DMA1_Channel1_IRQHandler                          build/startup_stm32f103xb.o
DMA1_Channel2_IRQHandler                          build/startup_stm32f103xb.o
DMA1_Channel3_IRQHandler                          build/startup_stm32f103xb.o
DMA1_Channel4_IRQHandler                          build/startup_stm32f103xb.o
DMA1_Channel5_IRQHandler                          build/startup_stm32f103xb.o
DMA1_Channel6_IRQHandler                          build/startup_stm32f103xb.o
DMA1_Channel7_IRQHandler                          build/startup_stm32f103xb.o
DebugMon_Handler                                  build/stm32f1xx_it.o
Debug_Init                                        build/debug.o
                                                  build/main.o
Default_Handler                                   build/startup_stm32f103xb.o
EXTI0_IRQHandler                                  build/startup_stm32f103xb.o
EXTI15_10_IRQHandler                              build/startup_stm32f103xb.o
EXTI1_IRQHandler                                  build/startup_stm32f103xb.o
EXTI2_IRQHandler                                  build/startup_stm32f103xb.o
EXTI3_IRQHandler                                  build/startup_stm32f103xb.o
EXTI4_IRQHandler                                  build/startup_stm32f103xb.o
EXTI9_5_IRQHandler                                build/startup_stm32f103xb.o
Error_Handler                                     build/main.o
                                                  build/usart.o
                                                  build/i2c.o
F6x8                                              build/oled.o
FLASH_IRQHandler                                  build/startup_stm32f103xb.o
FLASH_PageErase                                   build/stm32f1xx_hal_flash_ex.o
                                                  build/stm32f1xx_hal_flash.o
FLASH_WaitForLastOperation                        build/stm32f1xx_hal_flash.o
                                                  build/stm32f1xx_hal_flash_ex.o
HAL_DBGMCU_DisableDBGSleepMode                    build/stm32f1xx_hal.o
HAL_DBGMCU_DisableDBGStandbyMode                  build/stm32f1xx_hal.o
HAL_DBGMCU_DisableDBGStopMode                     build/stm32f1xx_hal.o
HAL_DBGMCU_EnableDBGSleepMode                     build/stm32f1xx_hal.o
HAL_DBGMCU_EnableDBGStandbyMode                   build/stm32f1xx_hal.o
HAL_DBGMCU_EnableDBGStopMode                      build/stm32f1xx_hal.o
HAL_DMA_Abort                                     build/stm32f1xx_hal_dma.o
                                                  build/stm32f1xx_hal_uart.o
HAL_DMA_Abort_IT                                  build/stm32f1xx_hal_dma.o
                                                  build/stm32f1xx_hal_uart.o
                                                  build/stm32f1xx_hal_i2c.o
HAL_DMA_DeInit                                    build/stm32f1xx_hal_dma.o
HAL_DMA_GetError                                  build/stm32f1xx_hal_dma.o
                                                  build/stm32f1xx_hal_uart.o
HAL_DMA_GetState                                  build/stm32f1xx_hal_dma.o
                                                  build/stm32f1xx_hal_i2c.o
HAL_DMA_IRQHandler                                build/stm32f1xx_hal_dma.o
HAL_DMA_Init                                      build/stm32f1xx_hal_dma.o
HAL_DMA_PollForTransfer                           build/stm32f1xx_hal_dma.o
HAL_DMA_RegisterCallback                          build/stm32f1xx_hal_dma.o
HAL_DMA_Start                                     build/stm32f1xx_hal_dma.o
HAL_DMA_Start_IT                                  build/stm32f1xx_hal_dma.o
                                                  build/stm32f1xx_hal_uart.o
                                                  build/stm32f1xx_hal_i2c.o
HAL_DMA_UnRegisterCallback                        build/stm32f1xx_hal_dma.o
HAL_DeInit                                        build/stm32f1xx_hal.o
HAL_Delay                                         build/stm32f1xx_hal.o
                                                  build/main.o
HAL_EXTI_ClearConfigLine                          build/stm32f1xx_hal_exti.o
HAL_EXTI_ClearPending                             build/stm32f1xx_hal_exti.o
HAL_EXTI_GenerateSWI                              build/stm32f1xx_hal_exti.o
HAL_EXTI_GetConfigLine                            build/stm32f1xx_hal_exti.o
HAL_EXTI_GetHandle                                build/stm32f1xx_hal_exti.o
HAL_EXTI_GetPending                               build/stm32f1xx_hal_exti.o
HAL_EXTI_IRQHandler                               build/stm32f1xx_hal_exti.o
HAL_EXTI_RegisterCallback                         build/stm32f1xx_hal_exti.o
HAL_EXTI_SetConfigLine                            build/stm32f1xx_hal_exti.o
HAL_FLASHEx_Erase                                 build/stm32f1xx_hal_flash_ex.o
HAL_FLASHEx_Erase_IT                              build/stm32f1xx_hal_flash_ex.o
HAL_FLASHEx_OBErase                               build/stm32f1xx_hal_flash_ex.o
HAL_FLASHEx_OBGetConfig                           build/stm32f1xx_hal_flash_ex.o
HAL_FLASHEx_OBGetUserData                         build/stm32f1xx_hal_flash_ex.o
HAL_FLASHEx_OBProgram                             build/stm32f1xx_hal_flash_ex.o
HAL_FLASH_EndOfOperationCallback                  build/stm32f1xx_hal_flash.o
HAL_FLASH_GetError                                build/stm32f1xx_hal_flash.o
HAL_FLASH_IRQHandler                              build/stm32f1xx_hal_flash.o
HAL_FLASH_Lock                                    build/stm32f1xx_hal_flash.o
HAL_FLASH_OB_Launch                               build/stm32f1xx_hal_flash.o
HAL_FLASH_OB_Lock                                 build/stm32f1xx_hal_flash.o
HAL_FLASH_OB_Unlock                               build/stm32f1xx_hal_flash.o
HAL_FLASH_OperationErrorCallback                  build/stm32f1xx_hal_flash.o
HAL_FLASH_Program                                 build/stm32f1xx_hal_flash.o
HAL_FLASH_Program_IT                              build/stm32f1xx_hal_flash.o
HAL_FLASH_Unlock                                  build/stm32f1xx_hal_flash.o
HAL_GPIOEx_ConfigEventout                         build/stm32f1xx_hal_gpio_ex.o
HAL_GPIOEx_DisableEventout                        build/stm32f1xx_hal_gpio_ex.o
HAL_GPIOEx_EnableEventout                         build/stm32f1xx_hal_gpio_ex.o
HAL_GPIO_DeInit                                   build/stm32f1xx_hal_gpio.o
                                                  build/usart.o
                                                  build/i2c.o
HAL_GPIO_EXTI_Callback                            build/stm32f1xx_hal_gpio.o
HAL_GPIO_EXTI_IRQHandler                          build/stm32f1xx_hal_gpio.o
HAL_GPIO_Init                                     build/stm32f1xx_hal_gpio.o
                                                  build/stm32f1xx_hal_rcc.o
                                                  build/usart.o
                                                  build/i2c.o
                                                  build/gpio.o
HAL_GPIO_LockPin                                  build/stm32f1xx_hal_gpio.o
HAL_GPIO_ReadPin                                  build/stm32f1xx_hal_gpio.o
                                                  build/main.o
HAL_GPIO_TogglePin                                build/stm32f1xx_hal_gpio.o
                                                  build/main.o
HAL_GPIO_WritePin                                 build/stm32f1xx_hal_gpio.o
                                                  build/gpio.o
HAL_GetDEVID                                      build/stm32f1xx_hal.o
HAL_GetHalVersion                                 build/stm32f1xx_hal.o
HAL_GetREVID                                      build/stm32f1xx_hal.o
HAL_GetTick                                       build/stm32f1xx_hal.o
                                                  build/stm32f1xx_hal_uart.o
                                                  build/stm32f1xx_hal_flash.o
                                                  build/stm32f1xx_hal_dma.o
                                                  build/stm32f1xx_hal_rcc_ex.o
                                                  build/stm32f1xx_hal_rcc.o
                                                  build/stm32f1xx_hal_i2c.o
                                                  build/helperFunc.o
HAL_GetTickFreq                                   build/stm32f1xx_hal.o
HAL_GetTickPrio                                   build/stm32f1xx_hal.o
HAL_GetUIDw0                                      build/stm32f1xx_hal.o
HAL_GetUIDw1                                      build/stm32f1xx_hal.o
HAL_GetUIDw2                                      build/stm32f1xx_hal.o
HAL_HalfDuplex_EnableReceiver                     build/stm32f1xx_hal_uart.o
HAL_HalfDuplex_EnableTransmitter                  build/stm32f1xx_hal_uart.o
HAL_HalfDuplex_Init                               build/stm32f1xx_hal_uart.o
HAL_I2C_AbortCpltCallback                         build/stm32f1xx_hal_i2c.o
HAL_I2C_AddrCallback                              build/stm32f1xx_hal_i2c.o
HAL_I2C_DeInit                                    build/stm32f1xx_hal_i2c.o
HAL_I2C_DisableListen_IT                          build/stm32f1xx_hal_i2c.o
HAL_I2C_ER_IRQHandler                             build/stm32f1xx_hal_i2c.o
HAL_I2C_EV_IRQHandler                             build/stm32f1xx_hal_i2c.o
                                                  build/stm32f1xx_it.o
HAL_I2C_EnableListen_IT                           build/stm32f1xx_hal_i2c.o
HAL_I2C_ErrorCallback                             build/stm32f1xx_hal_i2c.o
HAL_I2C_GetError                                  build/stm32f1xx_hal_i2c.o
HAL_I2C_GetMode                                   build/stm32f1xx_hal_i2c.o
HAL_I2C_GetState                                  build/stm32f1xx_hal_i2c.o
HAL_I2C_Init                                      build/stm32f1xx_hal_i2c.o
                                                  build/i2c.o
HAL_I2C_IsDeviceReady                             build/stm32f1xx_hal_i2c.o
HAL_I2C_ListenCpltCallback                        build/stm32f1xx_hal_i2c.o
HAL_I2C_MasterRxCpltCallback                      build/stm32f1xx_hal_i2c.o
HAL_I2C_MasterTxCpltCallback                      build/stm32f1xx_hal_i2c.o
HAL_I2C_Master_Abort_IT                           build/stm32f1xx_hal_i2c.o
HAL_I2C_Master_Receive                            build/stm32f1xx_hal_i2c.o
HAL_I2C_Master_Receive_DMA                        build/stm32f1xx_hal_i2c.o
HAL_I2C_Master_Receive_IT                         build/stm32f1xx_hal_i2c.o
HAL_I2C_Master_Seq_Receive_DMA                    build/stm32f1xx_hal_i2c.o
HAL_I2C_Master_Seq_Receive_IT                     build/stm32f1xx_hal_i2c.o
HAL_I2C_Master_Seq_Transmit_DMA                   build/stm32f1xx_hal_i2c.o
HAL_I2C_Master_Seq_Transmit_IT                    build/stm32f1xx_hal_i2c.o
HAL_I2C_Master_Transmit                           build/stm32f1xx_hal_i2c.o
HAL_I2C_Master_Transmit_DMA                       build/stm32f1xx_hal_i2c.o
HAL_I2C_Master_Transmit_IT                        build/stm32f1xx_hal_i2c.o
HAL_I2C_MemRxCpltCallback                         build/stm32f1xx_hal_i2c.o
HAL_I2C_MemTxCpltCallback                         build/oled.o
HAL_I2C_Mem_Read                                  build/stm32f1xx_hal_i2c.o
                                                  build/max30102.o
HAL_I2C_Mem_Read_DMA                              build/stm32f1xx_hal_i2c.o
HAL_I2C_Mem_Read_IT                               build/stm32f1xx_hal_i2c.o
HAL_I2C_Mem_Write                                 build/stm32f1xx_hal_i2c.o
                                                  build/oled.o
                                                  build/max30102.o
HAL_I2C_Mem_Write_DMA                             build/stm32f1xx_hal_i2c.o
HAL_I2C_Mem_Write_IT                              build/stm32f1xx_hal_i2c.o
                                                  build/oled.o
HAL_I2C_MspDeInit                                 build/i2c.o
HAL_I2C_MspInit                                   build/i2c.o
HAL_I2C_SlaveRxCpltCallback                       build/stm32f1xx_hal_i2c.o
HAL_I2C_SlaveTxCpltCallback                       build/stm32f1xx_hal_i2c.o
HAL_I2C_Slave_Receive                             build/stm32f1xx_hal_i2c.o
HAL_I2C_Slave_Receive_DMA                         build/stm32f1xx_hal_i2c.o
HAL_I2C_Slave_Receive_IT                          build/stm32f1xx_hal_i2c.o
HAL_I2C_Slave_Seq_Receive_DMA                     build/stm32f1xx_hal_i2c.o
HAL_I2C_Slave_Seq_Receive_IT                      build/stm32f1xx_hal_i2c.o
HAL_I2C_Slave_Seq_Transmit_DMA                    build/stm32f1xx_hal_i2c.o
HAL_I2C_Slave_Seq_Transmit_IT                     build/stm32f1xx_hal_i2c.o
HAL_I2C_Slave_Transmit                            build/stm32f1xx_hal_i2c.o